
 Start Length Name Class
 0001:00401000 00010C67CH _TEXT                  CODE
 0002:0050E000 0000F72FCH _DATA                  DATA
 0003:006052FC 00000AD20H _BSS                   BSS
 0004:00000000 00000009CH _TLS                   TLS


Detailed map of segments
 0001:0000039C 0000014F C=CODE    S=_TEXT    G=(none)   M=D:\PROGRAMA\BCC\LIB\C0W32.OBJ ACBP=A9
 0001:000004EC 0000005D C=CODE    S=_TEXT    G=(none)   M=D:\DISMEMBRADOR\OBJ\DISMEMBRADOR.OBJ ACBP=A9
 0001:0000054C 0000005D C=CODE    S=_TEXT    G=(none)   M=D:\DISMEMBRADOR\OBJ\FUNCOES.OBJ ACBP=A9
 0001:000005AC 0000011D C=CODE    S=_TEXT    G=(none)   M=D:\PROGRAMA\FWH\LIB\FIVEHX.LIB|ACTIVEX ACBP=A9
 0001:000006CC 0000008D C=CODE    S=_TEXT    G=(none)   M=D:\PROGRAMA\FWH\LIB\FIVEHX.LIB|ALERT ACBP=A9
 0001:0000075C 00000270 C=CODE    S=_TEXT    G=(none)   M=D:\PROGRAMA\FWH\LIB\FIVEHX.LIB|BAR ACBP=A9
 0001:000009CC 00000378 C=CODE    S=_TEXT    G=(none)   M=D:\PROGRAMA\FWH\LIB\FIVEHX.LIB|BITMAP ACBP=A9
 0001:00000D44 00000210 C=CODE    S=_TEXT    G=(none)   M=D:\PROGRAMA\FWH\LIB\FIVEHX.LIB|BRUSH ACBP=A9
 0001:00000F54 000002E8 C=CODE    S=_TEXT    G=(none)   M=D:\PROGRAMA\FWH\LIB\FIVEHX.LIB|BTNBMP ACBP=A9
 0001:0000123C 0000017D C=CODE    S=_TEXT    G=(none)   M=D:\PROGRAMA\FWH\LIB\FIVEHX.LIB|BUTTON ACBP=A9
 0001:000013BC 00000105 C=CODE    S=_TEXT    G=(none)   M=D:\PROGRAMA\FWH\LIB\FIVEHX.LIB|BUTTONB ACBP=A9
 0001:000014C4 0000016B C=CODE    S=_TEXT    G=(none)   M=D:\PROGRAMA\FWH\LIB\FIVEHX.LIB|CHECKRES ACBP=A9
 0001:00001630 00000360 C=CODE    S=_TEXT    G=(none)   M=D:\PROGRAMA\FWH\LIB\FIVEHX.LIB|C5LIB ACBP=A9
 0001:00001990 000003C8 C=CODE    S=_TEXT    G=(none)   M=D:\PROGRAMA\FWH\LIB\FIVEHX.LIB|C5TOOLTP ACBP=A9
 0001:00001D58 00000135 C=CODE    S=_TEXT    G=(none)   M=D:\PROGRAMA\FWH\LIB\FIVEHX.LIB|CLIPBRD ACBP=A9
 0001:00001E90 000002E8 C=CODE    S=_TEXT    G=(none)   M=D:\PROGRAMA\FWH\LIB\FIVEHX.LIB|COMBOBOX ACBP=A9
 0001:00002178 00000480 C=CODE    S=_TEXT    G=(none)   M=D:\PROGRAMA\FWH\LIB\FIVEHX.LIB|CONTROL ACBP=A9
 0001:000025F8 000000A5 C=CODE    S=_TEXT    G=(none)   M=D:\PROGRAMA\FWH\LIB\FIVEHX.LIB|CURSOR ACBP=A9
 0001:000026A0 000000ED C=CODE    S=_TEXT    G=(none)   M=D:\PROGRAMA\FWH\LIB\FIVEHX.LIB|DDE ACBP=A9
 0001:00002790 00000330 C=CODE    S=_TEXT    G=(none)   M=D:\PROGRAMA\FWH\LIB\FIVEHX.LIB|DIALOG ACBP=A9
 0001:00002AC0 000000A5 C=CODE    S=_TEXT    G=(none)   M=D:\PROGRAMA\FWH\LIB\FIVEHX.LIB|DLGFIND ACBP=A9
 0001:00002B68 0000008D C=CODE    S=_TEXT    G=(none)   M=D:\PROGRAMA\FWH\LIB\FIVEHX.LIB|DRAWBMP ACBP=A9
 0001:00002BF8 0000014D C=CODE    S=_TEXT    G=(none)   M=D:\PROGRAMA\FWH\LIB\FIVEHX.LIB|ERRSYSW ACBP=A9
 0001:00002D48 00000B10 C=CODE    S=_TEXT    G=(none)   M=D:\PROGRAMA\FWH\LIB\FIVEHX.LIB|FGET ACBP=A9
 0001:00003858 00000255 C=CODE    S=_TEXT    G=(none)   M=D:\PROGRAMA\FWH\LIB\FIVEHX.LIB|FILENAME ACBP=A9
 0001:00003AB0 000000A5 C=CODE    S=_TEXT    G=(none)   M=D:\PROGRAMA\FWH\LIB\FIVEHX.LIB|FLINE ACBP=A9
 0001:00003B58 00000270 C=CODE    S=_TEXT    G=(none)   M=D:\PROGRAMA\FWH\LIB\FIVEHX.LIB|FONT ACBP=A9
 0001:00003DC8 0000008D C=CODE    S=_TEXT    G=(none)   M=D:\PROGRAMA\FWH\LIB\FIVEHX.LIB|FWDECODE ACBP=A9
 0001:00003E58 00000075 C=CODE    S=_TEXT    G=(none)   M=D:\PROGRAMA\FWH\LIB\FIVEHX.LIB|FWERROR ACBP=A9
 0001:00003ED0 00000159 C=CODE    S=_TEXT    G=(none)   M=D:\PROGRAMA\FWH\LIB\FIVEHX.LIB|GETTASKS ACBP=A9
 0001:0000402C 000001AD C=CODE    S=_TEXT    G=(none)   M=D:\PROGRAMA\FWH\LIB\FIVEHX.LIB|GETSYSIN ACBP=A9
 0001:000041DC 000000ED C=CODE    S=_TEXT    G=(none)   M=D:\PROGRAMA\FWH\LIB\FIVEHX.LIB|GTF ACBP=A9
 0001:000042CC 00000495 C=CODE    S=_TEXT    G=(none)   M=D:\PROGRAMA\FWH\LIB\FIVEHX.LIB|HARBOUR ACBP=A9
 0001:00004764 00000135 C=CODE    S=_TEXT    G=(none)   M=D:\PROGRAMA\FWH\LIB\FIVEHX.LIB|HELP32 ACBP=A9
 0001:0000489C 0000038C C=CODE    S=_TEXT    G=(none)   M=D:\PROGRAMA\FWH\LIB\FIVEHX.LIB|HELPCHM ACBP=A9
 0001:00004C28 00000135 C=CODE    S=_TEXT    G=(none)   M=D:\PROGRAMA\FWH\LIB\FIVEHX.LIB|ICON ACBP=A9
 0001:00004D60 000003A5 C=CODE    S=_TEXT    G=(none)   M=D:\PROGRAMA\FWH\LIB\FIVEHX.LIB|IMAGE ACBP=A9
 0001:00005108 000000ED C=CODE    S=_TEXT    G=(none)   M=D:\PROGRAMA\FWH\LIB\FIVEHX.LIB|INI ACBP=A9
 0001:000051F8 00000288 C=CODE    S=_TEXT    G=(none)   M=D:\PROGRAMA\FWH\LIB\FIVEHX.LIB|LISTBOX ACBP=A9
 0001:00005480 0000011D C=CODE    S=_TEXT    G=(none)   M=D:\PROGRAMA\FWH\LIB\FIVEHX.LIB|LONGNAM2 ACBP=A9
 0001:000055A0 00000138 C=CODE    S=_TEXT    G=(none)   M=D:\PROGRAMA\FWH\LIB\FIVEHX.LIB|MDICHILD ACBP=A9
 0001:000056D8 00000135 C=CODE    S=_TEXT    G=(none)   M=D:\PROGRAMA\FWH\LIB\FIVEHX.LIB|MDICLIEN ACBP=A9
 0001:00005810 0000011D C=CODE    S=_TEXT    G=(none)   M=D:\PROGRAMA\FWH\LIB\FIVEHX.LIB|MDIFRAME ACBP=A9
 0001:00005930 00000075 C=CODE    S=_TEXT    G=(none)   M=D:\PROGRAMA\FWH\LIB\FIVEHX.LIB|MEMOEDIT ACBP=A9
 0001:000059A8 00000348 C=CODE    S=_TEXT    G=(none)   M=D:\PROGRAMA\FWH\LIB\FIVEHX.LIB|MENU ACBP=A9
 0001:00005CF0 0000017D C=CODE    S=_TEXT    G=(none)   M=D:\PROGRAMA\FWH\LIB\FIVEHX.LIB|MENUITEM ACBP=A9
 0001:00005E70 00000330 C=CODE    S=_TEXT    G=(none)   M=D:\PROGRAMA\FWH\LIB\FIVEHX.LIB|MGET ACBP=A9
 0001:000061A0 000002E8 C=CODE    S=_TEXT    G=(none)   M=D:\PROGRAMA\FWH\LIB\FIVEHX.LIB|MSGBAR ACBP=A9
 0001:00006488 000000A5 C=CODE    S=_TEXT    G=(none)   M=D:\PROGRAMA\FWH\LIB\FIVEHX.LIB|MSGRUN ACBP=A9
 0001:00006530 00000135 C=CODE    S=_TEXT    G=(none)   M=D:\PROGRAMA\FWH\LIB\FIVEHX.LIB|OLEFUNCS ACBP=A9
 0001:00006668 000000D5 C=CODE    S=_TEXT    G=(none)   M=D:\PROGRAMA\FWH\LIB\FIVEHX.LIB|PDMENU ACBP=A9
 0001:00006740 000000BD C=CODE    S=_TEXT    G=(none)   M=D:\PROGRAMA\FWH\LIB\FIVEHX.LIB|PDREPORT ACBP=A9
 0001:00006800 0000008D C=CODE    S=_TEXT    G=(none)   M=D:\PROGRAMA\FWH\LIB\FIVEHX.LIB|PEN ACBP=A9
 0001:00006890 00000318 C=CODE    S=_TEXT    G=(none)   M=D:\PROGRAMA\FWH\LIB\FIVEHX.LIB|PRINTER ACBP=A9
 0001:00006BA8 0000059D C=CODE    S=_TEXT    G=(none)   M=D:\PROGRAMA\FWH\LIB\FIVEHX.LIB|PRV2PDF ACBP=A9
 0001:00007148 00000195 C=CODE    S=_TEXT    G=(none)   M=D:\PROGRAMA\FWH\LIB\FIVEHX.LIB|RADIO ACBP=A9
 0001:000072E0 00000165 C=CODE    S=_TEXT    G=(none)   M=D:\PROGRAMA\FWH\LIB\FIVEHX.LIB|RADMENU ACBP=A9
 0001:00007448 00000135 C=CODE    S=_TEXT    G=(none)   M=D:\PROGRAMA\FWH\LIB\FIVEHX.LIB|RCOLUMN ACBP=A9
 0001:00007580 000000A5 C=CODE    S=_TEXT    G=(none)   M=D:\PROGRAMA\FWH\LIB\FIVEHX.LIB|REBAR ACBP=A9
 0001:00007628 000000BD C=CODE    S=_TEXT    G=(none)   M=D:\PROGRAMA\FWH\LIB\FIVEHX.LIB|RFILE ACBP=A9
 0001:000076E8 00000105 C=CODE    S=_TEXT    G=(none)   M=D:\PROGRAMA\FWH\LIB\FIVEHX.LIB|RGROUP ACBP=A9
 0001:000077F0 00000105 C=CODE    S=_TEXT    G=(none)   M=D:\PROGRAMA\FWH\LIB\FIVEHX.LIB|RLINE ACBP=A9
 0001:000078F8 000000D5 C=CODE    S=_TEXT    G=(none)   M=D:\PROGRAMA\FWH\LIB\FIVEHX.LIB|RECT ACBP=A9
 0001:000079D0 000000ED C=CODE    S=_TEXT    G=(none)   M=D:\PROGRAMA\FWH\LIB\FIVEHX.LIB|REG32 ACBP=A9
 0001:00007AC0 00000348 C=CODE    S=_TEXT    G=(none)   M=D:\PROGRAMA\FWH\LIB\FIVEHX.LIB|REPORT ACBP=A9
 0001:00007E08 00000360 C=CODE    S=_TEXT    G=(none)   M=D:\PROGRAMA\FWH\LIB\FIVEHX.LIB|RPREVIEW ACBP=A9
 0001:00008168 00000165 C=CODE    S=_TEXT    G=(none)   M=D:\PROGRAMA\FWH\LIB\FIVEHX.LIB|SAY ACBP=A9
 0001:000082D0 00000869 C=CODE    S=_TEXT    G=(none)   M=D:\PROGRAMA\FWH\LIB\FIVEHX.LIB|SCINTILA ACBP=A9
 0001:00008B3C 0000011D C=CODE    S=_TEXT    G=(none)   M=D:\PROGRAMA\FWH\LIB\FIVEHX.LIB|SCRLLBAR ACBP=A9
 0001:00008C5C 000000ED C=CODE    S=_TEXT    G=(none)   M=D:\PROGRAMA\FWH\LIB\FIVEHX.LIB|SHELLAPI ACBP=A9
 0001:00008D4C 0000017D C=CODE    S=_TEXT    G=(none)   M=D:\PROGRAMA\FWH\LIB\FIVEHX.LIB|STATUSBA ACBP=A9
 0001:00008ECC 000000ED C=CODE    S=_TEXT    G=(none)   M=D:\PROGRAMA\FWH\LIB\FIVEHX.LIB|TACCTBL ACBP=A9
 0001:00008FBC 0000008D C=CODE    S=_TEXT    G=(none)   M=D:\PROGRAMA\FWH\LIB\FIVEHX.LIB|TCLIPGET ACBP=A9
 0001:0000904C 000004B0 C=CODE    S=_TEXT    G=(none)   M=D:\PROGRAMA\FWH\LIB\FIVEHX.LIB|TGET ACBP=A9
 0001:000094FC 0000014D C=CODE    S=_TEXT    G=(none)   M=D:\PROGRAMA\FWH\LIB\FIVEHX.LIB|TOOLBAR ACBP=A9
 0001:0000964C 000000D5 C=CODE    S=_TEXT    G=(none)   M=D:\PROGRAMA\FWH\LIB\FIVEHX.LIB|TIMAGLST ACBP=A9
 0001:00009724 000000D5 C=CODE    S=_TEXT    G=(none)   M=D:\PROGRAMA\FWH\LIB\FIVEHX.LIB|TIMER ACBP=A9
 0001:000097FC 000000A5 C=CODE    S=_TEXT    G=(none)   M=D:\PROGRAMA\FWH\LIB\FIVEHX.LIB|TMAIL ACBP=A9
 0001:000098A4 000001DD C=CODE    S=_TEXT    G=(none)   M=D:\PROGRAMA\FWH\LIB\FIVEHX.LIB|TMETAFIL ACBP=A9
 0001:00009A84 00000165 C=CODE    S=_TEXT    G=(none)   M=D:\PROGRAMA\FWH\LIB\FIVEHX.LIB|TMSGITEM ACBP=A9
 0001:00009BEC 000000BD C=CODE    S=_TEXT    G=(none)   M=D:\PROGRAMA\FWH\LIB\FIVEHX.LIB|TPANEL ACBP=A9
 0001:00009CAC 00000258 C=CODE    S=_TEXT    G=(none)   M=D:\PROGRAMA\FWH\LIB\FIVEHX.LIB|TRBGROUP ACBP=A9
 0001:00009F04 00000288 C=CODE    S=_TEXT    G=(none)   M=D:\PROGRAMA\FWH\LIB\FIVEHX.LIB|TRBTN ACBP=A9
 0001:0000A18C 00000708 C=CODE    S=_TEXT    G=(none)   M=D:\PROGRAMA\FWH\LIB\FIVEHX.LIB|TRIBBON ACBP=A9
 0001:0000A894 000005A0 C=CODE    S=_TEXT    G=(none)   M=D:\PROGRAMA\FWH\LIB\FIVEHX.LIB|TRICHEDI ACBP=A9
 0001:0000AE34 000000A5 C=CODE    S=_TEXT    G=(none)   M=D:\PROGRAMA\FWH\LIB\FIVEHX.LIB|TRPANEL ACBP=A9
 0001:0000AEDC 00000105 C=CODE    S=_TEXT    G=(none)   M=D:\PROGRAMA\FWH\LIB\FIVEHX.LIB|TSTRUCT ACBP=A9
 0001:0000AFE4 0000014D C=CODE    S=_TEXT    G=(none)   M=D:\PROGRAMA\FWH\LIB\FIVEHX.LIB|VALBLANK ACBP=A9
 0001:0000B134 000001F5 C=CODE    S=_TEXT    G=(none)   M=D:\PROGRAMA\FWH\LIB\FIVEHX.LIB|VALTOSTR ACBP=A9
 0001:0000B32C 00000AE0 C=CODE    S=_TEXT    G=(none)   M=D:\PROGRAMA\FWH\LIB\FIVEHX.LIB|WINDOW ACBP=A9
 0001:0000BE0C 0000005D C=CODE    S=_TEXT    G=(none)   M=D:\PROGRAMA\FWH\LIB\FIVEHX.LIB|WQOUT ACBP=A9
 0001:0000BE6C 000000A5 C=CODE    S=_TEXT    G=(none)   M=D:\PROGRAMA\FWH\LIB\FIVEHX.LIB|XPAD ACBP=A9
 0001:0000BF14 00000075 C=CODE    S=_TEXT    G=(none)   M=D:\PROGRAMA\FWH\LIB\FIVEHX.LIB|ETC ACBP=A9
 0001:0000BF8C 0000007D C=CODE    S=_TEXT    G=(none)   M=D:\PROGRAMA\FWH\LIB\FIVEHC.LIB|__WNDPRO ACBP=A9
 0001:0000C00C 00000157 C=CODE    S=_TEXT    G=(none)   M=D:\PROGRAMA\FWH\LIB\FIVEHC.LIB|BMPREAD ACBP=A9
 0001:0000C164 00002B0C C=CODE    S=_TEXT    G=(none)   M=D:\PROGRAMA\FWH\LIB\FIVEHC.LIB|CTLHDLEH ACBP=A9
 0001:0000EC70 0000018F C=CODE    S=_TEXT    G=(none)   M=D:\PROGRAMA\FWH\LIB\FIVEHC.LIB|FFDLGPRC ACBP=A9
 0001:0000EE00 0000010C C=CODE    S=_TEXT    G=(none)   M=D:\PROGRAMA\FWH\LIB\FIVEHC.LIB|FFWNDRUN ACBP=A9
 0001:0000EF0C 000001D1 C=CODE    S=_TEXT    G=(none)   M=D:\PROGRAMA\FWH\LIB\FIVEHC.LIB|HARBOURC ACBP=A9
 0001:0000F0E0 000000D3 C=CODE    S=_TEXT    G=(none)   M=D:\PROGRAMA\FWH\LIB\FIVEHC.LIB|REBARS ACBP=A9
 0001:0000F1B4 0000014D C=CODE    S=_TEXT    G=(none)   M=D:\PROGRAMA\FWH\LIB\FIVEHC.LIB|SYSREFRE ACBP=A9
 0001:0000F304 000003B6 C=CODE    S=_TEXT    G=(none)   M=D:\PROGRAMA\FWH\LIB\FIVEHC.LIB|TOOLBARS ACBP=A9
 0001:0000F6BC 0000012C C=CODE    S=_TEXT    G=(none)   M=D:\PROGRAMA\FWH\LIB\FIVEHC.LIB|TOOLTIP ACBP=A9
 0001:0000F7E8 0000020C C=CODE    S=_TEXT    G=(none)   M=D:\PROGRAMA\FWH\LIB\FIVEHC.LIB|WNDRUN ACBP=A9
 0001:0000F9F4 000005BA C=CODE    S=_TEXT    G=(none)   M=D:\PROGRAMA\FWH\LIB\FIVEHC.LIB|DLGBOX ACBP=A9
 0001:0000FFB0 0000005D C=CODE    S=_TEXT    G=(none)   M=D:\PROGRAMA\FWH\LIB\FIVEHC.LIB|XPROC ACBP=A9
 0001:00010010 00001700 C=CODE    S=_TEXT    G=(none)   M=D:\PROGRAMA\FWH\LIB\FIVEHC.LIB|ACTX ACBP=A9
 0001:00011710 000000D7 C=CODE    S=_TEXT    G=(none)   M=D:\PROGRAMA\FWH\LIB\FIVEHC.LIB|AAT ACBP=A9
 0001:000117E8 000001B4 C=CODE    S=_TEXT    G=(none)   M=D:\PROGRAMA\FWH\LIB\FIVEHC.LIB|ACCELERA ACBP=A9
 0001:0001199C 000000F4 C=CODE    S=_TEXT    G=(none)   M=D:\PROGRAMA\FWH\LIB\FIVEHC.LIB|ANSIUP ACBP=A9
 0001:00011A90 00000071 C=CODE    S=_TEXT    G=(none)   M=D:\PROGRAMA\FWH\LIB\FIVEHC.LIB|ATOM ACBP=A9
 0001:00011B04 00000391 C=CODE    S=_TEXT    G=(none)   M=D:\PROGRAMA\FWH\LIB\FIVEHC.LIB|BARTOOLS ACBP=A9
 0001:00011E98 0000012F C=CODE    S=_TEXT    G=(none)   M=D:\PROGRAMA\FWH\LIB\FIVEHC.LIB|BITMAPS ACBP=A9
 0001:00011FC8 00000E5C C=CODE    S=_TEXT    G=(none)   M=D:\PROGRAMA\FWH\LIB\FIVEHC.LIB|BMPDRAW ACBP=A9
 0001:00012E24 00002325 C=CODE    S=_TEXT    G=(none)   M=D:\PROGRAMA\FWH\LIB\FIVEHC.LIB|BRUSHES ACBP=A9
 0001:0001514C 00004BF3 C=CODE    S=_TEXT    G=(none)   M=D:\PROGRAMA\FWH\LIB\FIVEHC.LIB|C5CNEW ACBP=A9
 0001:00019D40 00000567 C=CODE    S=_TEXT    G=(none)   M=D:\PROGRAMA\FWH\LIB\FIVEHC.LIB|CALLDLL ACBP=A9
 0001:0001A2A8 00000235 C=CODE    S=_TEXT    G=(none)   M=D:\PROGRAMA\FWH\LIB\FIVEHC.LIB|CALDLL32 ACBP=A9
 0001:0001A4E0 000000B3 C=CODE    S=_TEXT    G=(none)   M=D:\PROGRAMA\FWH\LIB\FIVEHC.LIB|CARET ACBP=A9
 0001:0001A594 00000068 C=CODE    S=_TEXT    G=(none)   M=D:\PROGRAMA\FWH\LIB\FIVEHC.LIB|CHANGEPR ACBP=A9
 0001:0001A5FC 000001CC C=CODE    S=_TEXT    G=(none)   M=D:\PROGRAMA\FWH\LIB\FIVEHC.LIB|CLPBRD ACBP=A9
 0001:0001A7C8 0000012E C=CODE    S=_TEXT    G=(none)   M=D:\PROGRAMA\FWH\LIB\FIVEHC.LIB|CLRCHOOS ACBP=A9
 0001:0001A8F8 00000104 C=CODE    S=_TEXT    G=(none)   M=D:\PROGRAMA\FWH\LIB\FIVEHC.LIB|CLT2SCR ACBP=A9
 0001:0001A9FC 00000298 C=CODE    S=_TEXT    G=(none)   M=D:\PROGRAMA\FWH\LIB\FIVEHC.LIB|CODEGTF ACBP=A9
 0001:0001AC94 000000F7 C=CODE    S=_TEXT    G=(none)   M=D:\PROGRAMA\FWH\LIB\FIVEHC.LIB|COLOR ACBP=A9
 0001:0001AD8C 0000036F C=CODE    S=_TEXT    G=(none)   M=D:\PROGRAMA\FWH\LIB\FIVEHC.LIB|COLORTON ACBP=A9
 0001:0001B0FC 0000002C C=CODE    S=_TEXT    G=(none)   M=D:\PROGRAMA\FWH\LIB\FIVEHC.LIB|CREATEPA ACBP=A9
 0001:0001B128 0000002C C=CODE    S=_TEXT    G=(none)   M=D:\PROGRAMA\FWH\LIB\FIVEHC.LIB|CREATEPE ACBP=A9
 0001:0001B154 00000061 C=CODE    S=_TEXT    G=(none)   M=D:\PROGRAMA\FWH\LIB\FIVEHC.LIB|CREATESO ACBP=A9
 0001:0001B1B8 000000BF C=CODE    S=_TEXT    G=(none)   M=D:\PROGRAMA\FWH\LIB\FIVEHC.LIB|CREATWND ACBP=A9
 0001:0001B278 000002FE C=CODE    S=_TEXT    G=(none)   M=D:\PROGRAMA\FWH\LIB\FIVEHC.LIB|CTL3D ACBP=A9
 0001:0001B578 00000729 C=CODE    S=_TEXT    G=(none)   M=D:\PROGRAMA\FWH\LIB\FIVEHC.LIB|CTRLDRAW ACBP=A9
 0001:0001BCA4 000001E0 C=CODE    S=_TEXT    G=(none)   M=D:\PROGRAMA\FWH\LIB\FIVEHC.LIB|CTRL2CHR ACBP=A9
 0001:0001BE84 00000A2F C=CODE    S=_TEXT    G=(none)   M=D:\PROGRAMA\FWH\LIB\FIVEHC.LIB|CURSORS ACBP=A9
 0001:0001C8B4 00000750 C=CODE    S=_TEXT    G=(none)   M=D:\PROGRAMA\FWH\LIB\FIVEHC.LIB|DC ACBP=A9
 0001:0001D004 0000007A C=CODE    S=_TEXT    G=(none)   M=D:\PROGRAMA\FWH\LIB\FIVEHC.LIB|DDEXC ACBP=A9
 0001:0001D080 00000070 C=CODE    S=_TEXT    G=(none)   M=D:\PROGRAMA\FWH\LIB\FIVEHC.LIB|DELOBJEC ACBP=A9
 0001:0001D0F0 00000219 C=CODE    S=_TEXT    G=(none)   M=D:\PROGRAMA\FWH\LIB\FIVEHC.LIB|DEVICE ACBP=A9
 0001:0001D30C 00000044 C=CODE    S=_TEXT    G=(none)   M=D:\PROGRAMA\FWH\LIB\FIVEHC.LIB|DESKTOP ACBP=A9
 0001:0001D350 0000053F C=CODE    S=_TEXT    G=(none)   M=D:\PROGRAMA\FWH\LIB\FIVEHC.LIB|DIB ACBP=A9
 0001:0001D890 000003A1 C=CODE    S=_TEXT    G=(none)   M=D:\PROGRAMA\FWH\LIB\FIVEHC.LIB|DIBBMP ACBP=A9
 0001:0001DC34 00000220 C=CODE    S=_TEXT    G=(none)   M=D:\PROGRAMA\FWH\LIB\FIVEHC.LIB|DLG2CHR ACBP=A9
 0001:0001DE54 000001CD C=CODE    S=_TEXT    G=(none)   M=D:\PROGRAMA\FWH\LIB\FIVEHC.LIB|DLOGBOX ACBP=A9
 0001:0001E024 00000034 C=CODE    S=_TEXT    G=(none)   M=D:\PROGRAMA\FWH\LIB\FIVEHC.LIB|DLL ACBP=A9
 0001:0001E058 000002B5 C=CODE    S=_TEXT    G=(none)   M=D:\PROGRAMA\FWH\LIB\FIVEHC.LIB|DOTS ACBP=A9
 0001:0001E310 00000661 C=CODE    S=_TEXT    G=(none)   M=D:\PROGRAMA\FWH\LIB\FIVEHC.LIB|DRAWING ACBP=A9
 0001:0001E974 00000103 C=CODE    S=_TEXT    G=(none)   M=D:\PROGRAMA\FWH\LIB\FIVEHC.LIB|DRAWITEM ACBP=A9
 0001:0001EA78 000002FF C=CODE    S=_TEXT    G=(none)   M=D:\PROGRAMA\FWH\LIB\FIVEHC.LIB|DRIVES ACBP=A9
 0001:0001ED78 000000D0 C=CODE    S=_TEXT    G=(none)   M=D:\PROGRAMA\FWH\LIB\FIVEHC.LIB|DROPFILE ACBP=A9
 0001:0001EE48 00000244 C=CODE    S=_TEXT    G=(none)   M=D:\PROGRAMA\FWH\LIB\FIVEHC.LIB|FGETCLIP ACBP=A9
 0001:0001F08C 00001398 C=CODE    S=_TEXT    G=(none)   M=D:\PROGRAMA\FWH\LIB\FIVEHC.LIB|FGETLINE ACBP=A9
 0001:00020424 000000A9 C=CODE    S=_TEXT    G=(none)   M=D:\PROGRAMA\FWH\LIB\FIVEHC.LIB|FINDTEXT ACBP=A9
 0001:000204D0 000007BB C=CODE    S=_TEXT    G=(none)   M=D:\PROGRAMA\FWH\LIB\FIVEHC.LIB|FONTS ACBP=A9
 0001:00020C8C 000002D1 C=CODE    S=_TEXT    G=(none)   M=D:\PROGRAMA\FWH\LIB\FIVEHC.LIB|FTEXT ACBP=A9
 0001:00020F60 00000552 C=CODE    S=_TEXT    G=(none)   M=D:\PROGRAMA\FWH\LIB\FIVEHC.LIB|FWARRAY ACBP=A9
 0001:000214B4 00001336 C=CODE    S=_TEXT    G=(none)   M=D:\PROGRAMA\FWH\LIB\FIVEHC.LIB|FWBMP ACBP=A9
 0001:000227EC 0000051B C=CODE    S=_TEXT    G=(none)   M=D:\PROGRAMA\FWH\LIB\FIVEHC.LIB|FWPALCTL ACBP=A9
 0001:00022D08 00000B46 C=CODE    S=_TEXT    G=(none)   M=D:\PROGRAMA\FWH\LIB\FIVEHC.LIB|FWPNG ACBP=A9
 0001:00023850 0000006C C=CODE    S=_TEXT    G=(none)   M=D:\PROGRAMA\FWH\LIB\FIVEHC.LIB|GETDLGIT ACBP=A9
 0001:000238BC 000004C5 C=CODE    S=_TEXT    G=(none)   M=D:\PROGRAMA\FWH\LIB\FIVEHC.LIB|GETFILE ACBP=A9
 0001:00023D84 000000DE C=CODE    S=_TEXT    G=(none)   M=D:\PROGRAMA\FWH\LIB\FIVEHC.LIB|GETPROCA ACBP=A9
 0001:00023E64 0000005E C=CODE    S=_TEXT    G=(none)   M=D:\PROGRAMA\FWH\LIB\FIVEHC.LIB|GETSTKOB ACBP=A9
 0001:00023EC4 000000F4 C=CODE    S=_TEXT    G=(none)   M=D:\PROGRAMA\FWH\LIB\FIVEHC.LIB|GETTEXT ACBP=A9
 0001:00023FB8 00000100 C=CODE    S=_TEXT    G=(none)   M=D:\PROGRAMA\FWH\LIB\FIVEHC.LIB|GETTEXTW ACBP=A9
 0001:000240B8 000000C4 C=CODE    S=_TEXT    G=(none)   M=D:\PROGRAMA\FWH\LIB\FIVEHC.LIB|GETWND ACBP=A9
 0001:0002417C 000004AA C=CODE    S=_TEXT    G=(none)   M=D:\PROGRAMA\FWH\LIB\FIVEHC.LIB|HANDLIST ACBP=A9
 0001:00024628 00000270 C=CODE    S=_TEXT    G=(none)   M=D:\PROGRAMA\FWH\LIB\FIVEHC.LIB|HELP ACBP=A9
 0001:00024898 000000B8 C=CODE    S=_TEXT    G=(none)   M=D:\PROGRAMA\FWH\LIB\FIVEHC.LIB|HILOWORD ACBP=A9
 0001:00024950 00000615 C=CODE    S=_TEXT    G=(none)   M=D:\PROGRAMA\FWH\LIB\FIVEHC.LIB|ICONS ACBP=A9
 0001:00024F68 000001FF C=CODE    S=_TEXT    G=(none)   M=D:\PROGRAMA\FWH\LIB\FIVEHC.LIB|IMAGELIS ACBP=A9
 0001:00025168 00000119 C=CODE    S=_TEXT    G=(none)   M=D:\PROGRAMA\FWH\LIB\FIVEHC.LIB|INSTANCE ACBP=A9
 0001:00025284 000001B0 C=CODE    S=_TEXT    G=(none)   M=D:\PROGRAMA\FWH\LIB\FIVEHC.LIB|KEYBRD ACBP=A9
 0001:00025434 0000011F C=CODE    S=_TEXT    G=(none)   M=D:\PROGRAMA\FWH\LIB\FIVEHC.LIB|LBX ACBP=A9
 0001:00025554 0000008D C=CODE    S=_TEXT    G=(none)   M=D:\PROGRAMA\FWH\LIB\FIVEHC.LIB|LOADBMP ACBP=A9
 0001:000255E4 00000034 C=CODE    S=_TEXT    G=(none)   M=D:\PROGRAMA\FWH\LIB\FIVEHC.LIB|MAKELONG ACBP=A9
 0001:00025618 00000F15 C=CODE    S=_TEXT    G=(none)   M=D:\PROGRAMA\FWH\LIB\FIVEHC.LIB|MAPI ACBP=A9
 0001:00026530 000001D5 C=CODE    S=_TEXT    G=(none)   M=D:\PROGRAMA\FWH\LIB\FIVEHC.LIB|MDI ACBP=A9
 0001:00026708 000001E8 C=CODE    S=_TEXT    G=(none)   M=D:\PROGRAMA\FWH\LIB\FIVEHC.LIB|MEM ACBP=A9
 0001:000268F0 0000072C C=CODE    S=_TEXT    G=(none)   M=D:\PROGRAMA\FWH\LIB\FIVEHC.LIB|MENUS ACBP=A9
 0001:0002701C 0000032C C=CODE    S=_TEXT    G=(none)   M=D:\PROGRAMA\FWH\LIB\FIVEHC.LIB|METAFILE ACBP=A9
 0001:00027348 00000222 C=CODE    S=_TEXT    G=(none)   M=D:\PROGRAMA\FWH\LIB\FIVEHC.LIB|METAFI32 ACBP=A9
 0001:0002756C 000000A1 C=CODE    S=_TEXT    G=(none)   M=D:\PROGRAMA\FWH\LIB\FIVEHC.LIB|MGETCREA ACBP=A9
 0001:00027610 000000A3 C=CODE    S=_TEXT    G=(none)   M=D:\PROGRAMA\FWH\LIB\FIVEHC.LIB|MKDIR ACBP=A9
 0001:000276B4 0000006A C=CODE    S=_TEXT    G=(none)   M=D:\PROGRAMA\FWH\LIB\FIVEHC.LIB|MOVETO ACBP=A9
 0001:00027720 0000001F C=CODE    S=_TEXT    G=(none)   M=D:\PROGRAMA\FWH\LIB\FIVEHC.LIB|MSGBEEP ACBP=A9
 0001:00027740 000008EA C=CODE    S=_TEXT    G=(none)   M=D:\PROGRAMA\FWH\LIB\FIVEHC.LIB|MSGS ACBP=A9
 0001:0002802C 00000143 C=CODE    S=_TEXT    G=(none)   M=D:\PROGRAMA\FWH\LIB\FIVEHC.LIB|MSGSAPI ACBP=A9
 0001:00028170 00000403 C=CODE    S=_TEXT    G=(none)   M=D:\PROGRAMA\FWH\LIB\FIVEHC.LIB|MSGTOOLS ACBP=A9
 0001:00028574 00000041 C=CODE    S=_TEXT    G=(none)   M=D:\PROGRAMA\FWH\LIB\FIVEHC.LIB|NOTIFY ACBP=A9
 0001:000285B8 000001BD C=CODE    S=_TEXT    G=(none)   M=D:\PROGRAMA\FWH\LIB\FIVEHC.LIB|OEMANSI ACBP=A9
 0001:00028778 000001E9 C=CODE    S=_TEXT    G=(none)   M=D:\PROGRAMA\FWH\LIB\FIVEHC.LIB|OR ACBP=A9
 0001:00028964 00000058 C=CODE    S=_TEXT    G=(none)   M=D:\PROGRAMA\FWH\LIB\FIVEHC.LIB|PAINT ACBP=A9
 0001:000289BC 0000005C C=CODE    S=_TEXT    G=(none)   M=D:\PROGRAMA\FWH\LIB\FIVEHC.LIB|PEEKMSG ACBP=A9
 0001:00028A18 00000C54 C=CODE    S=_TEXT    G=(none)   M=D:\PROGRAMA\FWH\LIB\FIVEHC.LIB|PRINTDC ACBP=A9
 0001:0002966C 0000020F C=CODE    S=_TEXT    G=(none)   M=D:\PROGRAMA\FWH\LIB\FIVEHC.LIB|PROFILE ACBP=A9
 0001:0002987C 0000081B C=CODE    S=_TEXT    G=(none)   M=D:\PROGRAMA\FWH\LIB\FIVEHC.LIB|RECTS ACBP=A9
 0001:0002A098 0000010D C=CODE    S=_TEXT    G=(none)   M=D:\PROGRAMA\FWH\LIB\FIVEHC.LIB|REGCLASS ACBP=A9
 0001:0002A1A8 00000391 C=CODE    S=_TEXT    G=(none)   M=D:\PROGRAMA\FWH\LIB\FIVEHC.LIB|REGEDIT ACBP=A9
 0001:0002A53C 000000AF C=CODE    S=_TEXT    G=(none)   M=D:\PROGRAMA\FWH\LIB\FIVEHC.LIB|REGIONS ACBP=A9
 0001:0002A5EC 000002AD C=CODE    S=_TEXT    G=(none)   M=D:\PROGRAMA\FWH\LIB\FIVEHC.LIB|RESOURCE ACBP=A9
 0001:0002A89C 00001A80 C=CODE    S=_TEXT    G=(none)   M=D:\PROGRAMA\FWH\LIB\FIVEHC.LIB|RIBBON ACBP=A9
 0001:0002C31C 00002128 C=CODE    S=_TEXT    G=(none)   M=D:\PROGRAMA\FWH\LIB\FIVEHC.LIB|RICHEDIT ACBP=A9
 0001:0002E444 000001BA C=CODE    S=_TEXT    G=(none)   M=D:\PROGRAMA\FWH\LIB\FIVEHC.LIB|SCROLL ACBP=A9
 0001:0002E600 00000023 C=CODE    S=_TEXT    G=(none)   M=D:\PROGRAMA\FWH\LIB\FIVEHC.LIB|SELOBJEC ACBP=A9
 0001:0002E624 00000057 C=CODE    S=_TEXT    G=(none)   M=D:\PROGRAMA\FWH\LIB\FIVEHC.LIB|SETMAPMO ACBP=A9
 0001:0002E67C 00000048 C=CODE    S=_TEXT    G=(none)   M=D:\PROGRAMA\FWH\LIB\FIVEHC.LIB|SETTEXT ACBP=A9
 0001:0002E6C4 00000047 C=CODE    S=_TEXT    G=(none)   M=D:\PROGRAMA\FWH\LIB\FIVEHC.LIB|STRING ACBP=A9
 0001:0002E70C 000002BE C=CODE    S=_TEXT    G=(none)   M=D:\PROGRAMA\FWH\LIB\FIVEHC.LIB|STRTOKEN ACBP=A9
 0001:0002E9CC 00000303 C=CODE    S=_TEXT    G=(none)   M=D:\PROGRAMA\FWH\LIB\FIVEHC.LIB|TEXT ACBP=A9
 0001:0002ECD0 00000FF1 C=CODE    S=_TEXT    G=(none)   M=D:\PROGRAMA\FWH\LIB\FIVEHC.LIB|THEMES ACBP=A9
 0001:0002FCC4 00000069 C=CODE    S=_TEXT    G=(none)   M=D:\PROGRAMA\FWH\LIB\FIVEHC.LIB|TIMERS ACBP=A9
 0001:0002FD30 00000178 C=CODE    S=_TEXT    G=(none)   M=D:\PROGRAMA\FWH\LIB\FIVEHC.LIB|WINDOWS ACBP=A9
 0001:0002FEA8 000001D5 C=CODE    S=_TEXT    G=(none)   M=D:\PROGRAMA\FWH\LIB\FIVEHC.LIB|WINEXEC ACBP=A9
 0001:00030080 000000A9 C=CODE    S=_TEXT    G=(none)   M=D:\PROGRAMA\FWH\LIB\FIVEHC.LIB|WMOUSE ACBP=A9
 0001:0003012C 00000731 C=CODE    S=_TEXT    G=(none)   M=D:\PROGRAMA\FWH\LIB\FIVEHC.LIB|WNDBOXES ACBP=A9
 0001:00030860 000001AB C=CODE    S=_TEXT    G=(none)   M=D:\PROGRAMA\FWH\LIB\FIVEHC.LIB|WNDCENTE ACBP=A9
 0001:00030A0C 00000033 C=CODE    S=_TEXT    G=(none)   M=D:\PROGRAMA\FWH\LIB\FIVEHC.LIB|WNDDESTR ACBP=A9
 0001:00030A40 000004EC C=CODE    S=_TEXT    G=(none)   M=D:\PROGRAMA\FWH\LIB\FIVEHC.LIB|WNDIS ACBP=A9
 0001:00030F2C 0000007B C=CODE    S=_TEXT    G=(none)   M=D:\PROGRAMA\FWH\LIB\FIVEHC.LIB|WNDISOVE ACBP=A9
 0001:00030FA8 00000B7F C=CODE    S=_TEXT    G=(none)   M=D:\PROGRAMA\FWH\LIB\FIVEHC.LIB|WNDMOVE ACBP=A9
 0001:00031B28 00000050 C=CODE    S=_TEXT    G=(none)   M=D:\PROGRAMA\FWH\LIB\FIVEHC.LIB|WNDPOS ACBP=A9
 0001:00031B78 000001F7 C=CODE    S=_TEXT    G=(none)   M=D:\PROGRAMA\FWH\LIB\FIVEHC.LIB|WNDPRINT ACBP=A9
 0001:00031D70 000002F8 C=CODE    S=_TEXT    G=(none)   M=D:\PROGRAMA\FWH\LIB\FIVEHC.LIB|WNDSAY ACBP=A9
 0001:00032068 00000240 C=CODE    S=_TEXT    G=(none)   M=D:\PROGRAMA\FWH\LIB\FIVEHC.LIB|WNDSCROL ACBP=A9
 0001:000322A8 0000003B C=CODE    S=_TEXT    G=(none)   M=D:\PROGRAMA\FWH\LIB\FIVEHC.LIB|WNDUPDAT ACBP=A9
 0001:000322E4 000001A8 C=CODE    S=_TEXT    G=(none)   M=D:\PROGRAMA\XHARBOUR\LIB\RTL.LIB|abs ACBP=A9
 0001:0003248C 0000030D C=CODE    S=_TEXT    G=(none)   M=D:\PROGRAMA\XHARBOUR\LIB\RTL.LIB|at ACBP=A9
 0001:0003279C 00000219 C=CODE    S=_TEXT    G=(none)   M=D:\PROGRAMA\XHARBOUR\LIB\RTL.LIB|binnum ACBP=A9
 0001:000329B8 0000257E C=CODE    S=_TEXT    G=(none)   M=D:\PROGRAMA\XHARBOUR\LIB\RTL.LIB|cdpapi ACBP=A9
 0001:00034F38 000000B3 C=CODE    S=_TEXT    G=(none)   M=D:\PROGRAMA\XHARBOUR\LIB\RTL.LIB|chrasc ACBP=A9
 0001:00034FEC 000000D3 C=CODE    S=_TEXT    G=(none)   M=D:\PROGRAMA\XHARBOUR\LIB\RTL.LIB|colorind ACBP=A9
 0001:000350C0 00000B79 C=CODE    S=_TEXT    G=(none)   M=D:\PROGRAMA\XHARBOUR\LIB\RTL.LIB|console ACBP=A9
 0001:00035C3C 0000015B C=CODE    S=_TEXT    G=(none)   M=D:\PROGRAMA\XHARBOUR\LIB\RTL.LIB|datec ACBP=A9
 0001:00035D98 00001040 C=CODE    S=_TEXT    G=(none)   M=D:\PROGRAMA\XHARBOUR\LIB\RTL.LIB|dateshb ACBP=A9
 0001:00036DD8 0000081C C=CODE    S=_TEXT    G=(none)   M=D:\PROGRAMA\XHARBOUR\LIB\RTL.LIB|direct ACBP=A9
 0001:000375F4 00000224 C=CODE    S=_TEXT    G=(none)   M=D:\PROGRAMA\XHARBOUR\LIB\RTL.LIB|empty ACBP=A9
 0001:00037818 00000154 C=CODE    S=_TEXT    G=(none)   M=D:\PROGRAMA\XHARBOUR\LIB\RTL.LIB|file ACBP=A9
 0001:0003796C 00000C39 C=CODE    S=_TEXT    G=(none)   M=D:\PROGRAMA\XHARBOUR\LIB\RTL.LIB|filebuf ACBP=A9
 0001:000385A8 00000074 C=CODE    S=_TEXT    G=(none)   M=D:\PROGRAMA\XHARBOUR\LIB\RTL.LIB|filehb ACBP=A9
 0001:0003861C 00001D92 C=CODE    S=_TEXT    G=(none)   M=D:\PROGRAMA\XHARBOUR\LIB\RTL.LIB|filesys ACBP=A9
 0001:0003A3B0 000000D5 C=CODE    S=_TEXT    G=(none)   M=D:\PROGRAMA\XHARBOUR\LIB\RTL.LIB|fserror ACBP=A9
 0001:0003A488 000000D0 C=CODE    S=_TEXT    G=(none)   M=D:\PROGRAMA\XHARBOUR\LIB\RTL.LIB|fnsplit ACBP=A9
 0001:0003A558 00000945 C=CODE    S=_TEXT    G=(none)   M=D:\PROGRAMA\XHARBOUR\LIB\RTL.LIB|fparse ACBP=A9
 0001:0003AEA0 00000107 C=CODE    S=_TEXT    G=(none)   M=D:\PROGRAMA\XHARBOUR\LIB\RTL.LIB|fssize ACBP=A9
 0001:0003AFA8 000003EF C=CODE    S=_TEXT    G=(none)   M=D:\PROGRAMA\XHARBOUR\LIB\RTL.LIB|fstemp ACBP=A9
 0001:0003B398 000000BE C=CODE    S=_TEXT    G=(none)   M=D:\PROGRAMA\XHARBOUR\LIB\RTL.LIB|gete ACBP=A9
 0001:0003B458 00000028 C=CODE    S=_TEXT    G=(none)   M=D:\PROGRAMA\XHARBOUR\LIB\RTL.LIB|gt ACBP=A9
 0001:0003B480 00000F42 C=CODE    S=_TEXT    G=(none)   M=D:\PROGRAMA\XHARBOUR\LIB\RTL.LIB|gtapi ACBP=A9
 0001:0003C3C4 000002B7 C=CODE    S=_TEXT    G=(none)   M=D:\PROGRAMA\XHARBOUR\LIB\RTL.LIB|gtclip ACBP=A9
 0001:0003C67C 00000001 C=CODE    S=_TEXT    G=(none)   M=D:\PROGRAMA\XHARBOUR\LIB\RTL.LIB|gtsys ACBP=A9
 0001:0003C680 00000496 C=CODE    S=_TEXT    G=(none)   M=D:\PROGRAMA\XHARBOUR\LIB\RTL.LIB|hbbitf ACBP=A9
 0001:0003CB18 000007F7 C=CODE    S=_TEXT    G=(none)   M=D:\PROGRAMA\XHARBOUR\LIB\RTL.LIB|hbserv ACBP=A9
 0001:0003D310 000007F9 C=CODE    S=_TEXT    G=(none)   M=D:\PROGRAMA\XHARBOUR\LIB\RTL.LIB|hbffind ACBP=A9
 0001:0003DB0C 00003D31 C=CODE    S=_TEXT    G=(none)   M=D:\PROGRAMA\XHARBOUR\LIB\RTL.LIB|hbgtcore ACBP=A9
 0001:00041840 0000049D C=CODE    S=_TEXT    G=(none)   M=D:\PROGRAMA\XHARBOUR\LIB\RTL.LIB|hbhex2n ACBP=A9
 0001:00041CE0 000002C0 C=CODE    S=_TEXT    G=(none)   M=D:\PROGRAMA\XHARBOUR\LIB\RTL.LIB|hbrandom ACBP=A9
 0001:00041FA0 0000060E C=CODE    S=_TEXT    G=(none)   M=D:\PROGRAMA\XHARBOUR\LIB\RTL.LIB|hbtoken ACBP=A9
 0001:000425B0 00000476 C=CODE    S=_TEXT    G=(none)   M=D:\PROGRAMA\XHARBOUR\LIB\RTL.LIB|idle ACBP=A9
 0001:00042A28 00000487 C=CODE    S=_TEXT    G=(none)   M=D:\PROGRAMA\XHARBOUR\LIB\RTL.LIB|inkey ACBP=A9
 0001:00042EB0 00000119 C=CODE    S=_TEXT    G=(none)   M=D:\PROGRAMA\XHARBOUR\LIB\RTL.LIB|inkeyapi ACBP=A9
 0001:00042FCC 00000486 C=CODE    S=_TEXT    G=(none)   M=D:\PROGRAMA\XHARBOUR\LIB\RTL.LIB|is ACBP=A9
 0001:00043454 0000029F C=CODE    S=_TEXT    G=(none)   M=D:\PROGRAMA\XHARBOUR\LIB\RTL.LIB|langapi ACBP=A9
 0001:000436F4 000000C0 C=CODE    S=_TEXT    G=(none)   M=D:\PROGRAMA\XHARBOUR\LIB\RTL.LIB|left ACBP=A9
 0001:000437B4 0000008D C=CODE    S=_TEXT    G=(none)   M=D:\PROGRAMA\XHARBOUR\LIB\RTL.LIB|len ACBP=A9
 0001:00043844 00000A44 C=CODE    S=_TEXT    G=(none)   M=D:\PROGRAMA\XHARBOUR\LIB\RTL.LIB|math ACBP=A9
 0001:00044288 00000207 C=CODE    S=_TEXT    G=(none)   M=D:\PROGRAMA\XHARBOUR\LIB\RTL.LIB|memofile ACBP=A9
 0001:00044490 0000057D C=CODE    S=_TEXT    G=(none)   M=D:\PROGRAMA\XHARBOUR\LIB\RTL.LIB|minmax ACBP=A9
 0001:00044A10 0000099A C=CODE    S=_TEXT    G=(none)   M=D:\PROGRAMA\XHARBOUR\LIB\RTL.LIB|mlcfunc ACBP=A9
 0001:000453AC 00000071 C=CODE    S=_TEXT    G=(none)   M=D:\PROGRAMA\XHARBOUR\LIB\RTL.LIB|net ACBP=A9
 0001:00045420 00000006 C=CODE    S=_TEXT    G=(none)   M=D:\PROGRAMA\XHARBOUR\LIB\RTL.LIB|pad ACBP=A9
 0001:00045428 00000141 C=CODE    S=_TEXT    G=(none)   M=D:\PROGRAMA\XHARBOUR\LIB\RTL.LIB|padc ACBP=A9
 0001:0004556C 0000010F C=CODE    S=_TEXT    G=(none)   M=D:\PROGRAMA\XHARBOUR\LIB\RTL.LIB|padl ACBP=A9
 0001:0004567C 00000108 C=CODE    S=_TEXT    G=(none)   M=D:\PROGRAMA\XHARBOUR\LIB\RTL.LIB|padr ACBP=A9
 0001:00045784 00000D27 C=CODE    S=_TEXT    G=(none)   M=D:\PROGRAMA\XHARBOUR\LIB\RTL.LIB|philes ACBP=A9
 0001:000464AC 0000008D C=CODE    S=_TEXT    G=(none)   M=D:\PROGRAMA\XHARBOUR\LIB\RTL.LIB|philesx ACBP=A9
 0001:0004653C 000000F8 C=CODE    S=_TEXT    G=(none)   M=D:\PROGRAMA\XHARBOUR\LIB\RTL.LIB|rat ACBP=A9
 0001:00046634 00000138 C=CODE    S=_TEXT    G=(none)   M=D:\PROGRAMA\XHARBOUR\LIB\RTL.LIB|replic ACBP=A9
 0001:0004676C 00000087 C=CODE    S=_TEXT    G=(none)   M=D:\PROGRAMA\XHARBOUR\LIB\RTL.LIB|right ACBP=A9
 0001:000467F4 00000132 C=CODE    S=_TEXT    G=(none)   M=D:\PROGRAMA\XHARBOUR\LIB\RTL.LIB|round ACBP=A9
 0001:00046928 00000210 C=CODE    S=_TEXT    G=(none)   M=D:\PROGRAMA\XHARBOUR\LIB\RTL.LIB|samples ACBP=A9
 0001:00046B38 000002E4 C=CODE    S=_TEXT    G=(none)   M=D:\PROGRAMA\XHARBOUR\LIB\RTL.LIB|seconds ACBP=A9
 0001:00046E1C 000011EA C=CODE    S=_TEXT    G=(none)   M=D:\PROGRAMA\XHARBOUR\LIB\RTL.LIB|regex ACBP=A9
 0001:00048008 00000155 C=CODE    S=_TEXT    G=(none)   M=D:\PROGRAMA\XHARBOUR\LIB\RTL.LIB|setcolor ACBP=A9
 0001:00048160 00000064 C=CODE    S=_TEXT    G=(none)   M=D:\PROGRAMA\XHARBOUR\LIB\RTL.LIB|setcurs ACBP=A9
 0001:000481C4 000005A1 C=CODE    S=_TEXT    G=(none)   M=D:\PROGRAMA\XHARBOUR\LIB\RTL.LIB|setkey ACBP=A9
 0001:00048768 0000008D C=CODE    S=_TEXT    G=(none)   M=D:\PROGRAMA\XHARBOUR\LIB\RTL.LIB|setpos ACBP=A9
 0001:000487F8 0000002A C=CODE    S=_TEXT    G=(none)   M=D:\PROGRAMA\XHARBOUR\LIB\RTL.LIB|setposbs ACBP=A9
 0001:00048824 00000086 C=CODE    S=_TEXT    G=(none)   M=D:\PROGRAMA\XHARBOUR\LIB\RTL.LIB|space ACBP=A9
 0001:000488AC 000002FA C=CODE    S=_TEXT    G=(none)   M=D:\PROGRAMA\XHARBOUR\LIB\RTL.LIB|spfiles ACBP=A9
 0001:00048BA8 0000021D C=CODE    S=_TEXT    G=(none)   M=D:\PROGRAMA\XHARBOUR\LIB\RTL.LIB|str ACBP=A9
 0001:00048DC8 0000034E C=CODE    S=_TEXT    G=(none)   M=D:\PROGRAMA\XHARBOUR\LIB\RTL.LIB|strcase ACBP=A9
 0001:00049118 00000141 C=CODE    S=_TEXT    G=(none)   M=D:\PROGRAMA\XHARBOUR\LIB\RTL.LIB|strdel ACBP=A9
 0001:0004925C 00000035 C=CODE    S=_TEXT    G=(none)   M=D:\PROGRAMA\XHARBOUR\LIB\RTL.LIB|strings ACBP=A9
 0001:00049294 00000691 C=CODE    S=_TEXT    G=(none)   M=D:\PROGRAMA\XHARBOUR\LIB\RTL.LIB|strmatch ACBP=A9
 0001:00049928 00000306 C=CODE    S=_TEXT    G=(none)   M=D:\PROGRAMA\XHARBOUR\LIB\RTL.LIB|strtran ACBP=A9
 0001:00049C30 00000143 C=CODE    S=_TEXT    G=(none)   M=D:\PROGRAMA\XHARBOUR\LIB\RTL.LIB|strzero ACBP=A9
 0001:00049D74 0000017E C=CODE    S=_TEXT    G=(none)   M=D:\PROGRAMA\XHARBOUR\LIB\RTL.LIB|stuff ACBP=A9
 0001:00049EF4 00000143 C=CODE    S=_TEXT    G=(none)   M=D:\PROGRAMA\XHARBOUR\LIB\RTL.LIB|substr ACBP=A9
 0001:0004A038 00001168 C=CODE    S=_TEXT    G=(none)   M=D:\PROGRAMA\XHARBOUR\LIB\RTL.LIB|tprinter ACBP=A9
 0001:0004B1A0 000001B0 C=CODE    S=_TEXT    G=(none)   M=D:\PROGRAMA\XHARBOUR\LIB\RTL.LIB|trace ACBP=A9
 0001:0004B350 00001C44 C=CODE    S=_TEXT    G=(none)   M=D:\PROGRAMA\XHARBOUR\LIB\RTL.LIB|transfrm ACBP=A9
 0001:0004CF94 0000023A C=CODE    S=_TEXT    G=(none)   M=D:\PROGRAMA\XHARBOUR\LIB\RTL.LIB|trim ACBP=A9
 0001:0004D1D0 0000006E C=CODE    S=_TEXT    G=(none)   M=D:\PROGRAMA\XHARBOUR\LIB\RTL.LIB|type ACBP=A9
 0001:0004D240 00000091 C=CODE    S=_TEXT    G=(none)   M=D:\PROGRAMA\XHARBOUR\LIB\RTL.LIB|val ACBP=A9
 0001:0004D2D4 0000042E C=CODE    S=_TEXT    G=(none)   M=D:\PROGRAMA\XHARBOUR\LIB\RTL.LIB|valtype ACBP=A9
 0001:0004D704 0000039E C=CODE    S=_TEXT    G=(none)   M=D:\PROGRAMA\XHARBOUR\LIB\RTL.LIB|version ACBP=A9
 0001:0004DAA4 0000004A C=CODE    S=_TEXT    G=(none)   M=D:\PROGRAMA\XHARBOUR\LIB\RTL.LIB|word ACBP=A9
 0001:0004DAF0 0000005C C=CODE    S=_TEXT    G=(none)   M=D:\PROGRAMA\XHARBOUR\LIB\RTL.LIB|xhelp ACBP=A9
 0001:0004DB4C 000000E4 C=CODE    S=_TEXT    G=(none)   M=D:\PROGRAMA\XHARBOUR\LIB\RTL.LIB|xsavescr ACBP=A9
 0001:0004DC30 00000164 C=CODE    S=_TEXT    G=(none)   M=D:\PROGRAMA\XHARBOUR\LIB\RTL.LIB|cstr ACBP=A9
 0001:0004DD94 0000004C C=CODE    S=_TEXT    G=(none)   M=D:\PROGRAMA\XHARBOUR\LIB\RTL.LIB|memvarbl ACBP=A9
 0001:0004DDE0 000001DC C=CODE    S=_TEXT    G=(none)   M=D:\PROGRAMA\XHARBOUR\LIB\RTL.LIB|objfunc ACBP=A9
 0001:0004DFBC 00000204 C=CODE    S=_TEXT    G=(none)   M=D:\PROGRAMA\XHARBOUR\LIB\RTL.LIB|tclass ACBP=A9
 0001:0004E1C0 000003D4 C=CODE    S=_TEXT    G=(none)   M=D:\PROGRAMA\XHARBOUR\LIB\RTL.LIB|tget ACBP=A9
 0001:0004E594 000001A3 C=CODE    S=_TEXT    G=(none)   M=D:\PROGRAMA\XHARBOUR\LIB\RTL.LIB|tobject ACBP=A9
 0001:0004E738 00000060 C=CODE    S=_TEXT    G=(none)   M=D:\PROGRAMA\XHARBOUR\LIB\RTL.LIB|traceprg ACBP=A9
 0001:0004E798 0000026E C=CODE    S=_TEXT    G=(none)   M=D:\PROGRAMA\XHARBOUR\LIB\RTL.LIB|tscalar ACBP=A9
 0001:0004EA08 00000240 C=CODE    S=_TEXT    G=(none)   M=D:\PROGRAMA\XHARBOUR\LIB\RTL.LIB|win32ole ACBP=A9
 0001:0004EC48 00002758 C=CODE    S=_TEXT    G=(none)   M=D:\PROGRAMA\XHARBOUR\LIB\RTL.LIB|hbwinole ACBP=A9
 0001:000513A0 000381C6 C=CODE    S=_TEXT    G=(none)   M=D:\PROGRAMA\XHARBOUR\LIB\VM.LIB|hvmall ACBP=A9
 0001:00089568 000005C7 C=CODE    S=_TEXT    G=(none)   M=D:\PROGRAMA\XHARBOUR\LIB\VM.LIB|cmdarg ACBP=A9
 0001:00089B30 000011C5 C=CODE    S=_TEXT    G=(none)   M=D:\PROGRAMA\XHARBOUR\LIB\VM.LIB|hbi18n ACBP=A9
 0001:0008ACF8 00000014 C=CODE    S=_TEXT    G=(none)   M=D:\PROGRAMA\XHARBOUR\LIB\VM.LIB|break ACBP=A9
 0001:0008AD0C 00000019 C=CODE    S=_TEXT    G=(none)   M=D:\PROGRAMA\XHARBOUR\LIB\VM.LIB|initsymb ACBP=A9
 0001:0008AD28 00000076 C=CODE    S=_TEXT    G=(none)   M=D:\PROGRAMA\XHARBOUR\LIB\VM.LIB|throw ACBP=A9
 0001:0008ADA0 00000100 C=CODE    S=_TEXT    G=(none)   M=D:\PROGRAMA\XHARBOUR\LIB\VM.LIB|harbinit ACBP=A9
 0001:0008AEA0 0000012C C=CODE    S=_TEXT    G=(none)   M=D:\PROGRAMA\XHARBOUR\LIB\VM.LIB|mainwin ACBP=A9
 0001:0008AFCC 00000010 C=CODE    S=_TEXT    G=(none)   M=D:\PROGRAMA\XHARBOUR\LIB\LANG.LIB|msgen ACBP=A9
 0001:0008AFDC 00002A19 C=CODE    S=_TEXT    G=(none)   M=D:\PROGRAMA\XHARBOUR\LIB\MACRO.LIB|macroy ACBP=A9
 0001:0008D9F8 00000359 C=CODE    S=_TEXT    G=(none)   M=D:\PROGRAMA\XHARBOUR\LIB\MACRO.LIB|macroa ACBP=A9
 0001:0008DD54 00005B85 C=CODE    S=_TEXT    G=(none)   M=D:\PROGRAMA\XHARBOUR\LIB\MACRO.LIB|macrob ACBP=A9
 0001:000938DC 000007EC C=CODE    S=_TEXT    G=(none)   M=D:\PROGRAMA\XHARBOUR\LIB\MACRO.LIB|macroc ACBP=A9
 0001:000940C8 00002375 C=CODE    S=_TEXT    G=(none)   M=D:\PROGRAMA\XHARBOUR\LIB\MACRO.LIB|macroslx ACBP=A9
 0001:00096440 000037E5 C=CODE    S=_TEXT    G=(none)   M=D:\PROGRAMA\XHARBOUR\LIB\RDD.LIB|dbcmd ACBP=A9
 0001:00099C28 000025AA C=CODE    S=_TEXT    G=(none)   M=D:\PROGRAMA\XHARBOUR\LIB\RDD.LIB|workarea ACBP=A9
 0001:0009C1D4 00000867 C=CODE    S=_TEXT    G=(none)   M=D:\PROGRAMA\XHARBOUR\LIB\RDD.LIB|wacore ACBP=A9
 0001:0009CA3C 000014B6 C=CODE    S=_TEXT    G=(none)   M=D:\PROGRAMA\XHARBOUR\LIB\RDD.LIB|wafunc ACBP=A9
 0001:0009DEF4 0000837C C=CODE    S=_TEXT    G=(none)   M=D:\PROGRAMA\XHARBOUR\LIB\RDD.LIB|dbf1 ACBP=A9
 0001:000A6270 0000069F C=CODE    S=_TEXT    G=(none)   M=D:\PROGRAMA\XHARBOUR\LIB\RDD.LIB|hbdbsort ACBP=A9
 0001:000A6910 000000D8 C=CODE    S=_TEXT    G=(none)   M=D:\PROGRAMA\XHARBOUR\LIB\RDD.LIB|rddord ACBP=A9
 0001:000A69E8 0000004C C=CODE    S=_TEXT    G=(none)   M=D:\PROGRAMA\XHARBOUR\LIB\RDD.LIB|rddsys ACBP=A9
 0001:000A6A34 0000AB40 C=CODE    S=_TEXT    G=(none)   M=D:\PROGRAMA\XHARBOUR\LIB\DBFNTX.LIB|dbfntx1 ACBP=A9
 0001:000B1574 00007584 C=CODE    S=_TEXT    G=(none)   M=D:\PROGRAMA\XHARBOUR\LIB\DBFFPT.LIB|dbffpt1 ACBP=A9
 0001:000B8AF8 000003BF C=CODE    S=_TEXT    G=(none)   M=D:\PROGRAMA\XHARBOUR\LIB\HBSIX.LIB|sxcrypt ACBP=A9
 0001:000B8EB8 000000F8 C=CODE    S=_TEXT    G=(none)   M=D:\PROGRAMA\XHARBOUR\LIB\HBSIX.LIB|sxdate ACBP=A9
 0001:000B8FB0 0000003F C=CODE    S=_TEXT    G=(none)   M=D:\PROGRAMA\XHARBOUR\LIB\COMMON.LIB|hbfopen ACBP=A9
 0001:000B8FF0 000003DF C=CODE    S=_TEXT    G=(none)   M=D:\PROGRAMA\XHARBOUR\LIB\COMMON.LIB|hbfsapi ACBP=A9
 0001:000B93D0 00000033 C=CODE    S=_TEXT    G=(none)   M=D:\PROGRAMA\XHARBOUR\LIB\COMMON.LIB|hbgete ACBP=A9
 0001:000B9404 000005CA C=CODE    S=_TEXT    G=(none)   M=D:\PROGRAMA\XHARBOUR\LIB\COMMON.LIB|hbmem ACBP=A9
 0001:000B99D0 0000113C C=CODE    S=_TEXT    G=(none)   M=D:\PROGRAMA\XHARBOUR\LIB\COMMON.LIB|hbstr ACBP=A9
 0001:000BAB0C 00001AA1 C=CODE    S=_TEXT    G=(none)   M=D:\PROGRAMA\XHARBOUR\LIB\COMMON.LIB|hbprintf ACBP=A9
 0001:000BC5B0 00000225 C=CODE    S=_TEXT    G=(none)   M=D:\PROGRAMA\XHARBOUR\LIB\COMMON.LIB|hbtrace ACBP=A9
 0001:000BC7D8 00001022 C=CODE    S=_TEXT    G=(none)   M=D:\PROGRAMA\XHARBOUR\LIB\COMMON.LIB|hbver ACBP=A9
 0001:000BD7FC 00000AC6 C=CODE    S=_TEXT    G=(none)   M=D:\PROGRAMA\XHARBOUR\LIB\COMMON.LIB|expropt1 ACBP=A9
 0001:000BE2C4 0000135B C=CODE    S=_TEXT    G=(none)   M=D:\PROGRAMA\XHARBOUR\LIB\COMMON.LIB|expropt2 ACBP=A9
 0001:000BF620 00000060 C=CODE    S=_TEXT    G=(none)   M=D:\PROGRAMA\XHARBOUR\LIB\COMMON.LIB|reserved ACBP=A9
 0001:000BF680 0000184F C=CODE    S=_TEXT    G=(none)   M=D:\PROGRAMA\XHARBOUR\LIB\COMMON.LIB|hbdate ACBP=A9
 0001:000C0ED0 00000181 C=CODE    S=_TEXT    G=(none)   M=D:\PROGRAMA\XHARBOUR\LIB\COMMON.LIB|hbwince ACBP=A9
 0001:000C1054 00007A00 C=CODE    S=_TEXT    G=(none)   M=D:\PROGRAMA\XHARBOUR\LIB\PCREPOS.LIB|pcre_compile ACBP=A9
 0001:000C8A54 0000B70F C=CODE    S=_TEXT    G=(none)   M=D:\PROGRAMA\XHARBOUR\LIB\PCREPOS.LIB|pcre_exec ACBP=A9
 0001:000D4164 0000025E C=CODE    S=_TEXT    G=(none)   M=D:\PROGRAMA\XHARBOUR\LIB\PCREPOS.LIB|pcre_fullinfo ACBP=A9
 0001:000D43C4 000003D7 C=CODE    S=_TEXT    G=(none)   M=D:\PROGRAMA\XHARBOUR\LIB\PCREPOS.LIB|pcre_newline ACBP=A9
 0001:000D479C 0000004F C=CODE    S=_TEXT    G=(none)   M=D:\PROGRAMA\XHARBOUR\LIB\PCREPOS.LIB|pcre_ord2utf8 ACBP=A9
 0001:000D47EC 00000428 C=CODE    S=_TEXT    G=(none)   M=D:\PROGRAMA\XHARBOUR\LIB\PCREPOS.LIB|pcre_valid_utf8 ACBP=A9
 0001:000D4C14 00000016 C=CODE    S=_TEXT    G=(none)   M=D:\PROGRAMA\XHARBOUR\LIB\PCREPOS.LIB|pcre_version ACBP=A9
 0001:000D4C2C 00000415 C=CODE    S=_TEXT    G=(none)   M=D:\PROGRAMA\XHARBOUR\LIB\PCREPOS.LIB|pcre_xclass ACBP=A9
 0001:000D5044 000003C5 C=CODE    S=_TEXT    G=(none)   M=D:\PROGRAMA\XHARBOUR\LIB\PCREPOS.LIB|pcreposix ACBP=A9
 0001:000D540C 000002A2 C=CODE    S=_TEXT    G=(none)   M=D:\PROGRAMA\XHARBOUR\LIB\CT.LIB|ctc ACBP=A9
 0001:000D56B0 00000105 C=CODE    S=_TEXT    G=(none)   M=D:\PROGRAMA\XHARBOUR\LIB\CT.LIB|ctmath ACBP=A9
 0001:000D57B8 0000044E C=CODE    S=_TEXT    G=(none)   M=D:\PROGRAMA\XHARBOUR\LIB\CT.LIB|ctmath2 ACBP=A9
 0001:000D5C08 000004FD C=CODE    S=_TEXT    G=(none)   M=D:\PROGRAMA\XHARBOUR\LIB\CT.LIB|ctstr ACBP=A9
 0001:000D6108 000025F4 C=CODE    S=_TEXT    G=(none)   M=D:\PROGRAMA\XHARBOUR\LIB\PNG.LIB|png ACBP=A9
 0001:000D86FC 0000060B C=CODE    S=_TEXT    G=(none)   M=D:\PROGRAMA\XHARBOUR\LIB\PNG.LIB|pngerror ACBP=A9
 0001:000D8D08 0000101D C=CODE    S=_TEXT    G=(none)   M=D:\PROGRAMA\XHARBOUR\LIB\PNG.LIB|pngget ACBP=A9
 0001:000D9D28 0000025E C=CODE    S=_TEXT    G=(none)   M=D:\PROGRAMA\XHARBOUR\LIB\PNG.LIB|pngmem ACBP=A9
 0001:000D9F88 0000132A C=CODE    S=_TEXT    G=(none)   M=D:\PROGRAMA\XHARBOUR\LIB\PNG.LIB|pngread ACBP=A9
 0001:000DB2B4 000000B0 C=CODE    S=_TEXT    G=(none)   M=D:\PROGRAMA\XHARBOUR\LIB\PNG.LIB|pngrio ACBP=A9
 0001:000DB364 00005217 C=CODE    S=_TEXT    G=(none)   M=D:\PROGRAMA\XHARBOUR\LIB\PNG.LIB|pngrtran ACBP=A9
 0001:000E057C 00004D09 C=CODE    S=_TEXT    G=(none)   M=D:\PROGRAMA\XHARBOUR\LIB\PNG.LIB|pngrutil ACBP=A9
 0001:000E5288 000016D6 C=CODE    S=_TEXT    G=(none)   M=D:\PROGRAMA\XHARBOUR\LIB\PNG.LIB|pngset ACBP=A9
 0001:000E6960 000004A3 C=CODE    S=_TEXT    G=(none)   M=D:\PROGRAMA\XHARBOUR\LIB\PNG.LIB|pngtrans ACBP=A9
 0001:000E6E04 000000F5 C=CODE    S=_TEXT    G=(none)   M=D:\PROGRAMA\XHARBOUR\LIB\PNG.LIB|pngwio ACBP=A9
 0001:000E6EFC 000015C4 C=CODE    S=_TEXT    G=(none)   M=D:\PROGRAMA\XHARBOUR\LIB\PNG.LIB|pngwrite ACBP=A9
 0001:000E84C0 0000084B C=CODE    S=_TEXT    G=(none)   M=D:\PROGRAMA\XHARBOUR\LIB\PNG.LIB|pngwtran ACBP=A9
 0001:000E8D0C 00003581 C=CODE    S=_TEXT    G=(none)   M=D:\PROGRAMA\XHARBOUR\LIB\PNG.LIB|pngwutil ACBP=A9
 0001:000EC28D 000020CB C=CODE    S=_TEXT    G=(none)   M=D:\PROGRAMA\XHARBOUR\LIB\HBZIP.LIB|ziparchive ACBP=A9
 0001:000EE268 00000377 C=CODE    S=_TEXT    G=(none)   M=D:\PROGRAMA\XHARBOUR\LIB\ZLIB.LIB|adler32 ACBP=A9
 0001:000EE5E0 0000091F C=CODE    S=_TEXT    G=(none)   M=D:\PROGRAMA\XHARBOUR\LIB\ZLIB.LIB|crc32 ACBP=A9
 0001:000EEF00 000025CF C=CODE    S=_TEXT    G=(none)   M=D:\PROGRAMA\XHARBOUR\LIB\ZLIB.LIB|deflate ACBP=A9
 0001:000F14D0 00000493 C=CODE    S=_TEXT    G=(none)   M=D:\PROGRAMA\XHARBOUR\LIB\ZLIB.LIB|inffast ACBP=A9
 0001:000F1964 00001D45 C=CODE    S=_TEXT    G=(none)   M=D:\PROGRAMA\XHARBOUR\LIB\ZLIB.LIB|inflate ACBP=A9
 0001:000F36AC 00000429 C=CODE    S=_TEXT    G=(none)   M=D:\PROGRAMA\XHARBOUR\LIB\ZLIB.LIB|inftrees ACBP=A9
 0001:000F3AD8 00001CCB C=CODE    S=_TEXT    G=(none)   M=D:\PROGRAMA\XHARBOUR\LIB\ZLIB.LIB|trees ACBP=A9
 0001:000F57A4 000000EF C=CODE    S=_TEXT    G=(none)   M=D:\PROGRAMA\XHARBOUR\LIB\ZLIB.LIB|zutil ACBP=A9
 0001:000F5894 00000028 C=CODE    S=_TEXT    G=(none)   M=D:\PROGRAMA\BCC\LIB\CW32.LIB|delaop ACBP=A9
 0001:000F58BC 0000002E C=CODE    S=_TEXT    G=(none)   M=D:\PROGRAMA\BCC\LIB\CW32.LIB|delop ACBP=A9
 0001:000F58EC 00000050 C=CODE    S=_TEXT    G=(none)   M=D:\PROGRAMA\BCC\LIB\CW32.LIB|exceptio ACBP=A9
 0001:000F5921 00000079 C=CODE    S=_TEXT    G=(none)   M=D:\PROGRAMA\BCC\LIB\CW32.LIB|gccex ACBP=A9
 0001:000F594E 0000081A C=CODE    S=_TEXT    G=(none)   M=D:\PROGRAMA\BCC\LIB\CW32.LIB|ios ACBP=A9
 0001:000F6140 00002C2A C=CODE    S=_TEXT    G=(none)   M=D:\PROGRAMA\BCC\LIB\CW32.LIB|iostream ACBP=A9
 0001:000F8D44 00000323 C=CODE    S=_TEXT    G=(none)   M=D:\PROGRAMA\BCC\LIB\CW32.LIB|dwlocale ACBP=A9
 0001:000F9040 00001A78 C=CODE    S=_TEXT    G=(none)   M=D:\PROGRAMA\BCC\LIB\CW32.LIB|locale0 ACBP=A9
 0001:000FAAB8 0000001B C=CODE    S=_TEXT    G=(none)   M=D:\PROGRAMA\BCC\LIB\CW32.LIB|new ACBP=A9
 0001:000FAAB8 00000074 C=CODE    S=_TEXT    G=(none)   M=D:\PROGRAMA\BCC\LIB\CW32.LIB|newaop ACBP=A9
 0001:000FAAE0 0000011E C=CODE    S=_TEXT    G=(none)   M=D:\PROGRAMA\BCC\LIB\CW32.LIB|newop ACBP=A9
 0001:000FABDB 00000126 C=CODE    S=_TEXT    G=(none)   M=D:\PROGRAMA\BCC\LIB\CW32.LIB|string ACBP=A9
 0001:000FACDC 00002FD6 C=CODE    S=_TEXT    G=(none)   M=D:\PROGRAMA\BCC\LIB\CW32.LIB|wiostrea ACBP=A9
 0001:000FDC8C 0000019D C=CODE    S=_TEXT    G=(none)   M=D:\PROGRAMA\BCC\LIB\CW32.LIB|wlocale ACBP=A9
 0001:000FDE01 000000D4 C=CODE    S=_TEXT    G=(none)   M=D:\PROGRAMA\BCC\LIB\CW32.LIB|xlocinfo ACBP=A9
 0001:000FDED8 00000110 C=CODE    S=_TEXT    G=(none)   M=D:\PROGRAMA\BCC\LIB\CW32.LIB|xstart ACBP=A9
 0001:000FDFE8 00000057 C=CODE    S=_TEXT    G=(none)   M=D:\PROGRAMA\BCC\LIB\CW32.LIB|wchar ACBP=A9
 0001:000FE040 00000111 C=CODE    S=_TEXT    G=(none)   M=D:\PROGRAMA\BCC\LIB\CW32.LIB|virtmem ACBP=A9
 0001:000FE154 0000014B C=CODE    S=_TEXT    G=(none)   M=D:\PROGRAMA\BCC\LIB\CW32.LIB|hrdir_b ACBP=A9
 0001:000FE2A0 00000020 C=CODE    S=_TEXT    G=(none)   M=D:\PROGRAMA\BCC\LIB\CW32.LIB|hrdir_mf ACBP=A9
 0001:000FE2C0 000000B8 C=CODE    S=_TEXT    G=(none)   M=D:\PROGRAMA\BCC\LIB\CW32.LIB|hrdir_s ACBP=A9
 0001:000FE378 00000001 C=CODE    S=_TEXT    G=(none)   M=D:\PROGRAMA\BCC\LIB\CW32.LIB|hrdir_us ACBP=A9
 0001:000FE37C 000009E4 C=CODE    S=_TEXT    G=(none)   M=D:\PROGRAMA\BCC\LIB\CW32.LIB|heap ACBP=A9
 0001:000FED60 00000292 C=CODE    S=_TEXT    G=(none)   M=D:\PROGRAMA\BCC\LIB\CW32.LIB|realloc ACBP=A9
 0001:000FEFF4 00000001 C=CODE    S=_TEXT    G=(none)   M=D:\PROGRAMA\BCC\LIB\CW32.LIB|crtlst_i ACBP=A9
 0001:000FEFF8 00000001 C=CODE    S=_TEXT    G=(none)   M=D:\PROGRAMA\BCC\LIB\CW32.LIB|crtlst_l ACBP=A9
 0001:000FEFFC 0000001E C=CODE    S=_TEXT    G=(none)   M=D:\PROGRAMA\BCC\LIB\CW32.LIB|memchr ACBP=A9
 0001:000FF01C 00000024 C=CODE    S=_TEXT    G=(none)   M=D:\PROGRAMA\BCC\LIB\CW32.LIB|memcpy ACBP=A9
 0001:000FF040 00000024 C=CODE    S=_TEXT    G=(none)   M=D:\PROGRAMA\BCC\LIB\CW32.LIB|wmemcpy ACBP=A9
 0001:000FF064 0000004A C=CODE    S=_TEXT    G=(none)   M=D:\PROGRAMA\BCC\LIB\CW32.LIB|memmove ACBP=A9
 0001:000FF0B0 0000008F C=CODE    S=_TEXT    G=(none)   M=D:\PROGRAMA\BCC\LIB\CW32.LIB|memset ACBP=A9
 0001:000FF140 00000018 C=CODE    S=_TEXT    G=(none)   M=D:\PROGRAMA\BCC\LIB\CW32.LIB|wmemset ACBP=A9
 0001:000FF158 0000003C C=CODE    S=_TEXT    G=(none)   M=D:\PROGRAMA\BCC\LIB\CW32.LIB|strcat ACBP=A9
 0001:000FF194 00000053 C=CODE    S=_TEXT    G=(none)   M=D:\PROGRAMA\BCC\LIB\CW32.LIB|strchr ACBP=A9
 0001:000FF1E8 0000004D C=CODE    S=_TEXT    G=(none)   M=D:\PROGRAMA\BCC\LIB\CW32.LIB|strcmp ACBP=A9
 0001:000FF238 00000035 C=CODE    S=_TEXT    G=(none)   M=D:\PROGRAMA\BCC\LIB\CW32.LIB|strcpy ACBP=A9
 0001:000FF270 0000005A C=CODE    S=_TEXT    G=(none)   M=D:\PROGRAMA\BCC\LIB\CW32.LIB|strlen ACBP=A9
 0001:000FF2CC 0000006E C=CODE    S=_TEXT    G=(none)   M=D:\PROGRAMA\BCC\LIB\CW32.LIB|strncat ACBP=A9
 0001:000FF33C 00000027 C=CODE    S=_TEXT    G=(none)   M=D:\PROGRAMA\BCC\LIB\CW32.LIB|strncmp ACBP=A9
 0001:000FF364 0000006C C=CODE    S=_TEXT    G=(none)   M=D:\PROGRAMA\BCC\LIB\CW32.LIB|memcmp ACBP=A9
 0001:000FF3D0 00000032 C=CODE    S=_TEXT    G=(none)   M=D:\PROGRAMA\BCC\LIB\CW32.LIB|strdup ACBP=A9
 0001:000FF404 0000009F C=CODE    S=_TEXT    G=(none)   M=D:\PROGRAMA\BCC\LIB\CW32.LIB|strerror ACBP=A9
 0001:000FF4A4 0000004F C=CODE    S=_TEXT    G=(none)   M=D:\PROGRAMA\BCC\LIB\CW32.LIB|strncpy ACBP=A9
 0001:000FF4F4 0000002B C=CODE    S=_TEXT    G=(none)   M=D:\PROGRAMA\BCC\LIB\CW32.LIB|strpbrk ACBP=A9
 0001:000FF520 00000029 C=CODE    S=_TEXT    G=(none)   M=D:\PROGRAMA\BCC\LIB\CW32.LIB|strrchr ACBP=A9
 0001:000FF54C 00000054 C=CODE    S=_TEXT    G=(none)   M=D:\PROGRAMA\BCC\LIB\CW32.LIB|strstr ACBP=A9
 0001:000FF5A0 00000037 C=CODE    S=_TEXT    G=(none)   M=D:\PROGRAMA\BCC\LIB\CW32.LIB|_stpcpy ACBP=A9
 0001:000FF5D8 00000018 C=CODE    S=_TEXT    G=(none)   M=D:\PROGRAMA\BCC\LIB\CW32.LIB|wcslen ACBP=A9
 0001:000FF5F0 0000003F C=CODE    S=_TEXT    G=(none)   M=D:\PROGRAMA\BCC\LIB\CW32.LIB|wcscpy ACBP=A9
 0001:000FF630 00000070 C=CODE    S=_TEXT    G=(none)   M=D:\PROGRAMA\BCC\LIB\CW32.LIB|xxa ACBP=A9
 0001:000FF6A0 00000844 C=CODE    S=_TEXT    G=(none)   M=D:\PROGRAMA\BCC\LIB\CW32.LIB|xxtype ACBP=A9
 0001:000FFEBE 0000005B C=CODE    S=_TEXT    G=(none)   M=D:\PROGRAMA\BCC\LIB\CW32.LIB|xxut ACBP=A9
 0001:000FFEE8 0000014F C=CODE    S=_TEXT    G=(none)   M=D:\PROGRAMA\BCC\LIB\CW32.LIB|xxv ACBP=A9
 0001:00100038 0000000A C=CODE    S=_TEXT    G=(none)   M=D:\PROGRAMA\BCC\LIB\CW32.LIB|defhandl ACBP=A9
 0001:00100044 00000199 C=CODE    S=_TEXT    G=(none)   M=D:\PROGRAMA\BCC\LIB\CW32.LIB|except ACBP=A9
 0001:001001E0 00000046 C=CODE    S=_TEXT    G=(none)   M=D:\PROGRAMA\BCC\LIB\CW32.LIB|setexc ACBP=A9
 0001:00100228 00000022 C=CODE    S=_TEXT    G=(none)   M=D:\PROGRAMA\BCC\LIB\CW32.LIB|ta ACBP=A9
 0001:0010024C 0000003F C=CODE    S=_TEXT    G=(none)   M=D:\PROGRAMA\BCC\LIB\CW32.LIB|__access ACBP=A9
 0001:0010028C 00000063 C=CODE    S=_TEXT    G=(none)   M=D:\PROGRAMA\BCC\LIB\CW32.LIB|__close ACBP=A9
 0001:001002F0 00000013 C=CODE    S=_TEXT    G=(none)   M=D:\PROGRAMA\BCC\LIB\CW32.LIB|__dup ACBP=A9
 0001:00100304 000000EF C=CODE    S=_TEXT    G=(none)   M=D:\PROGRAMA\BCC\LIB\CW32.LIB|__dup2 ACBP=A9
 0001:001003F4 00000086 C=CODE    S=_TEXT    G=(none)   M=D:\PROGRAMA\BCC\LIB\CW32.LIB|__eof ACBP=A9
 0001:0010047C 00000047 C=CODE    S=_TEXT    G=(none)   M=D:\PROGRAMA\BCC\LIB\CW32.LIB|__isatty ACBP=A9
 0001:001004C4 00000076 C=CODE    S=_TEXT    G=(none)   M=D:\PROGRAMA\BCC\LIB\CW32.LIB|__lseek ACBP=A9
 0001:0010053C 000001FA C=CODE    S=_TEXT    G=(none)   M=D:\PROGRAMA\BCC\LIB\CW32.LIB|__open ACBP=A9
 0001:00100738 0000019A C=CODE    S=_TEXT    G=(none)   M=D:\PROGRAMA\BCC\LIB\CW32.LIB|__read ACBP=A9
 0001:001008D4 000001DA C=CODE    S=_TEXT    G=(none)   M=D:\PROGRAMA\BCC\LIB\CW32.LIB|__wread ACBP=A9
 0001:00100AB0 0000011C C=CODE    S=_TEXT    G=(none)   M=D:\PROGRAMA\BCC\LIB\CW32.LIB|__write ACBP=A9
 0001:00100BCC 00000011 C=CODE    S=_TEXT    G=(none)   M=D:\PROGRAMA\BCC\LIB\CW32.LIB|_cfinfo ACBP=A9
 0001:00100BE0 00000075 C=CODE    S=_TEXT    G=(none)   M=D:\PROGRAMA\BCC\LIB\CW32.LIB|_read ACBP=A9
 0001:00100C55 00000017 C=CODE    S=_TEXT    G=(none)   M=D:\PROGRAMA\BCC\LIB\CW32.LIB|_umask ACBP=A9
 0001:00100C58 00000061 C=CODE    S=_TEXT    G=(none)   M=D:\PROGRAMA\BCC\LIB\CW32.LIB|_write ACBP=A9
 0001:00100CBC 0000007D C=CODE    S=_TEXT    G=(none)   M=D:\PROGRAMA\BCC\LIB\CW32.LIB|allocbuf ACBP=A9
 0001:00100D3C 0000009C C=CODE    S=_TEXT    G=(none)   M=D:\PROGRAMA\BCC\LIB\CW32.LIB|chdrive ACBP=A9
 0001:00100DD8 00000008 C=CODE    S=_TEXT    G=(none)   M=D:\PROGRAMA\BCC\LIB\CW32.LIB|close ACBP=A9
 0001:00100DE0 00000008 C=CODE    S=_TEXT    G=(none)   M=D:\PROGRAMA\BCC\LIB\CW32.LIB|dup ACBP=A9
 0001:00100DE8 0000008E C=CODE    S=_TEXT    G=(none)   M=D:\PROGRAMA\BCC\LIB\CW32.LIB|fclose ACBP=A9
 0001:00100E78 0000007F C=CODE    S=_TEXT    G=(none)   M=D:\PROGRAMA\BCC\LIB\CW32.LIB|fflush ACBP=A9
 0001:00100EF8 0000001E C=CODE    S=_TEXT    G=(none)   M=D:\PROGRAMA\BCC\LIB\CW32.LIB|fgetpos ACBP=A9
 0001:00100F18 0000005A C=CODE    S=_TEXT    G=(none)   M=D:\PROGRAMA\BCC\LIB\CW32.LIB|flushout ACBP=A9
 0001:00100F74 00000023 C=CODE    S=_TEXT    G=(none)   M=D:\PROGRAMA\BCC\LIB\CW32.LIB|fmodeptr ACBP=A9
 0001:00100F98 000001DD C=CODE    S=_TEXT    G=(none)   M=D:\PROGRAMA\BCC\LIB\CW32.LIB|fopen ACBP=A9
 0001:00101178 00000022 C=CODE    S=_TEXT    G=(none)   M=D:\PROGRAMA\BCC\LIB\CW32.LIB|fprintf ACBP=A9
 0001:0010119C 000000DB C=CODE    S=_TEXT    G=(none)   M=D:\PROGRAMA\BCC\LIB\CW32.LIB|fputn ACBP=A9
 0001:00101278 00000167 C=CODE    S=_TEXT    G=(none)   M=D:\PROGRAMA\BCC\LIB\CW32.LIB|fread ACBP=A9
 0001:001013E0 00000140 C=CODE    S=_TEXT    G=(none)   M=D:\PROGRAMA\BCC\LIB\CW32.LIB|fseek ACBP=A9
 0001:00101520 00000019 C=CODE    S=_TEXT    G=(none)   M=D:\PROGRAMA\BCC\LIB\CW32.LIB|fsetpos ACBP=A9
 0001:0010153C 00000031 C=CODE    S=_TEXT    G=(none)   M=D:\PROGRAMA\BCC\LIB\CW32.LIB|fwrite ACBP=A9
 0001:00101570 000002B9 C=CODE    S=_TEXT    G=(none)   M=D:\PROGRAMA\BCC\LIB\CW32.LIB|handles ACBP=A9
 0001:0010182C 00000076 C=CODE    S=_TEXT    G=(none)   M=D:\PROGRAMA\BCC\LIB\CW32.LIB|ioerror ACBP=A9
 0001:001018A4 000001A5 C=CODE    S=_TEXT    G=(none)   M=D:\PROGRAMA\BCC\LIB\CW32.LIB|lgetc ACBP=A9
 0001:00101A4C 000001A9 C=CODE    S=_TEXT    G=(none)   M=D:\PROGRAMA\BCC\LIB\CW32.LIB|lgetwc ACBP=A9
 0001:00101BF8 00000112 C=CODE    S=_TEXT    G=(none)   M=D:\PROGRAMA\BCC\LIB\CW32.LIB|lputc ACBP=A9
 0001:00101D0C 00000144 C=CODE    S=_TEXT    G=(none)   M=D:\PROGRAMA\BCC\LIB\CW32.LIB|lputwc ACBP=A9
 0001:00101E50 00000091 C=CODE    S=_TEXT    G=(none)   M=D:\PROGRAMA\BCC\LIB\CW32.LIB|mkname ACBP=A9
 0001:00101EE1 00000079 C=CODE    S=_TEXT    G=(none)   M=D:\PROGRAMA\BCC\LIB\CW32.LIB|perror ACBP=A9
 0001:00101EE4 00000023 C=CODE    S=_TEXT    G=(none)   M=D:\PROGRAMA\BCC\LIB\CW32.LIB|printf ACBP=A9
 0001:00101F08 0000006E C=CODE    S=_TEXT    G=(none)   M=D:\PROGRAMA\BCC\LIB\CW32.LIB|setmode ACBP=A9
 0001:00101F78 0000004D C=CODE    S=_TEXT    G=(none)   M=D:\PROGRAMA\BCC\LIB\CW32.LIB|setvbuf ACBP=A9
 0001:00101FC8 000002CD C=CODE    S=_TEXT    G=(none)   M=D:\PROGRAMA\BCC\LIB\CW32.LIB|splitpth ACBP=A9
 0001:00102298 00000078 C=CODE    S=_TEXT    G=(none)   M=D:\PROGRAMA\BCC\LIB\CW32.LIB|sprintf ACBP=A9
 0001:00102310 00000101 C=CODE    S=_TEXT    G=(none)   M=D:\PROGRAMA\BCC\LIB\CW32.LIB|streams ACBP=A9
 0001:00102414 00000050 C=CODE    S=_TEXT    G=(none)   M=D:\PROGRAMA\BCC\LIB\CW32.LIB|ungetc ACBP=A9
 0001:00102464 0000005C C=CODE    S=_TEXT    G=(none)   M=D:\PROGRAMA\BCC\LIB\CW32.LIB|ungetwc ACBP=A9
 0001:001024C0 0000001A C=CODE    S=_TEXT    G=(none)   M=D:\PROGRAMA\BCC\LIB\CW32.LIB|unlink ACBP=A9
 0001:001024DC 00000022 C=CODE    S=_TEXT    G=(none)   M=D:\PROGRAMA\BCC\LIB\CW32.LIB|vfprintf ACBP=A9
 0001:00102500 00000A2A C=CODE    S=_TEXT    G=(none)   M=D:\PROGRAMA\BCC\LIB\CW32.LIB|vprinter ACBP=A9
 0001:00102F2C 0000002E C=CODE    S=_TEXT    G=(none)   M=D:\PROGRAMA\BCC\LIB\CW32.LIB|xfclose ACBP=A9
 0001:00102F5C 00000027 C=CODE    S=_TEXT    G=(none)   M=D:\PROGRAMA\BCC\LIB\CW32.LIB|xfflush ACBP=A9
 0001:00102F83 00000006 C=CODE    S=_TEXT    G=(none)   M=D:\PROGRAMA\BCC\LIB\CW32.LIB|cconv ACBP=A9
 0001:00102F84 000002CC C=CODE    S=_TEXT    G=(none)   M=D:\PROGRAMA\BCC\LIB\CW32.LIB|convt ACBP=A9
 0001:00103250 00000051 C=CODE    S=_TEXT    G=(none)   M=D:\PROGRAMA\BCC\LIB\CW32.LIB|getinfo ACBP=A9
 0001:001032A4 00000102 C=CODE    S=_TEXT    G=(none)   M=D:\PROGRAMA\BCC\LIB\CW32.LIB|is ACBP=A9
 0001:001033A8 00000103 C=CODE    S=_TEXT    G=(none)   M=D:\PROGRAMA\BCC\LIB\CW32.LIB|wis ACBP=A9
 0001:001034AC 00000043 C=CODE    S=_TEXT    G=(none)   M=D:\PROGRAMA\BCC\LIB\CW32.LIB|isctype ACBP=A9
 0001:001034F0 00000055 C=CODE    S=_TEXT    G=(none)   M=D:\PROGRAMA\BCC\LIB\CW32.LIB|iswctype ACBP=A9
 0001:00103548 00001187 C=CODE    S=_TEXT    G=(none)   M=D:\PROGRAMA\BCC\LIB\CW32.LIB|locale ACBP=A9
 0001:001046D0 00000816 C=CODE    S=_TEXT    G=(none)   M=D:\PROGRAMA\BCC\LIB\CW32.LIB|initcat ACBP=A9
 0001:00104EE8 00000097 C=CODE    S=_TEXT    G=(none)   M=D:\PROGRAMA\BCC\LIB\CW32.LIB|lconv ACBP=A9
 0001:00104F80 00000024 C=CODE    S=_TEXT    G=(none)   M=D:\PROGRAMA\BCC\LIB\CW32.LIB|lstrlwr ACBP=A9
 0001:00104FA4 00000054 C=CODE    S=_TEXT    G=(none)   M=D:\PROGRAMA\BCC\LIB\CW32.LIB|ltolower ACBP=A9
 0001:00104FF8 00000054 C=CODE    S=_TEXT    G=(none)   M=D:\PROGRAMA\BCC\LIB\CW32.LIB|ltoupper ACBP=A9
 0001:0010504C 000004E6 C=CODE    S=_TEXT    G=(none)   M=D:\PROGRAMA\BCC\LIB\CW32.LIB|mbyte1 ACBP=A9
 0001:00105534 00000016 C=CODE    S=_TEXT    G=(none)   M=D:\PROGRAMA\BCC\LIB\CW32.LIB|lsetlocl ACBP=A9
 0001:0010554C 00000200 C=CODE    S=_TEXT    G=(none)   M=D:\PROGRAMA\BCC\LIB\CW32.LIB|_ll ACBP=A9
 0001:0010574C 0000001D C=CODE    S=_TEXT    G=(none)   M=D:\PROGRAMA\BCC\LIB\CW32.LIB|_finite ACBP=A9
 0001:0010576C 0000002D C=CODE    S=_TEXT    G=(none)   M=D:\PROGRAMA\BCC\LIB\CW32.LIB|_finitel ACBP=A9
 0001:0010579C 0000002B C=CODE    S=_TEXT    G=(none)   M=D:\PROGRAMA\BCC\LIB\CW32.LIB|_ftoul ACBP=A9
 0001:001057C8 00000045 C=CODE    S=_TEXT    G=(none)   M=D:\PROGRAMA\BCC\LIB\CW32.LIB|_isnan ACBP=A9
 0001:00105810 00000049 C=CODE    S=_TEXT    G=(none)   M=D:\PROGRAMA\BCC\LIB\CW32.LIB|_isnanl ACBP=A9
 0001:0010585C 00000008 C=CODE    S=_TEXT    G=(none)   M=D:\PROGRAMA\BCC\LIB\CW32.LIB|_ltoa1 ACBP=A9
 0001:00105864 000000B0 C=CODE    S=_TEXT    G=(none)   M=D:\PROGRAMA\BCC\LIB\CW32.LIB|_matherr ACBP=A9
 0001:00105914 00000188 C=CODE    S=_TEXT    G=(none)   M=D:\PROGRAMA\BCC\LIB\CW32.LIB|_pow10 ACBP=A9
 0001:00105A9C 00000013 C=CODE    S=_TEXT    G=(none)   M=D:\PROGRAMA\BCC\LIB\CW32.LIB|atof ACBP=A9
 0001:00105AB0 00000077 C=CODE    S=_TEXT    G=(none)   M=D:\PROGRAMA\BCC\LIB\CW32.LIB|atol ACBP=A9
 0001:00105B28 0000001C C=CODE    S=_TEXT    G=(none)   M=D:\PROGRAMA\BCC\LIB\CW32.LIB|ceil ACBP=A9
 0001:00105B44 00000013 C=CODE    S=_TEXT    G=(none)   M=D:\PROGRAMA\BCC\LIB\CW32.LIB|clear87 ACBP=A9
 0001:00105B58 0000003F C=CODE    S=_TEXT    G=(none)   M=D:\PROGRAMA\BCC\LIB\CW32.LIB|cos ACBP=A9
 0001:00105B98 0000002F C=CODE    S=_TEXT    G=(none)   M=D:\PROGRAMA\BCC\LIB\CW32.LIB|ctrl87 ACBP=A9
 0001:00105BC8 00000018 C=CODE    S=_TEXT    G=(none)   M=D:\PROGRAMA\BCC\LIB\CW32.LIB|cvtentry ACBP=A9
 0001:00105BE0 00000018 C=CODE    S=_TEXT    G=(none)   M=D:\PROGRAMA\BCC\LIB\CW32.LIB|cvtfak ACBP=A9
 0001:00105BF8 00000018 C=CODE    S=_TEXT    G=(none)   M=D:\PROGRAMA\BCC\LIB\CW32.LIB|cvtfakw ACBP=A9
 0001:00105C10 00000016 C=CODE    S=_TEXT    G=(none)   M=D:\PROGRAMA\BCC\LIB\CW32.LIB|div ACBP=A9
 0001:00105C28 0000006C C=CODE    S=_TEXT    G=(none)   M=D:\PROGRAMA\BCC\LIB\CW32.LIB|exp ACBP=A9
 0001:00105C94 000000CD C=CODE    S=_TEXT    G=(none)   M=D:\PROGRAMA\BCC\LIB\CW32.LIB|f87exp ACBP=A9
 0001:00105D64 00000048 C=CODE    S=_TEXT    G=(none)   M=D:\PROGRAMA\BCC\LIB\CW32.LIB|f87log ACBP=A9
 0001:00105DAC 0000000D C=CODE    S=_TEXT    G=(none)   M=D:\PROGRAMA\BCC\LIB\CW32.LIB|fabs ACBP=A9
 0001:00105DBC 0000001C C=CODE    S=_TEXT    G=(none)   M=D:\PROGRAMA\BCC\LIB\CW32.LIB|floor ACBP=A9
 0001:00105DD8 0000004D C=CODE    S=_TEXT    G=(none)   M=D:\PROGRAMA\BCC\LIB\CW32.LIB|fmod ACBP=A9
 0001:00105E28 00000016 C=CODE    S=_TEXT    G=(none)   M=D:\PROGRAMA\BCC\LIB\CW32.LIB|fpreset ACBP=A9
 0001:00105E40 00000035 C=CODE    S=_TEXT    G=(none)   M=D:\PROGRAMA\BCC\LIB\CW32.LIB|frexp ACBP=A9
 0001:00105E78 0000002D C=CODE    S=_TEXT    G=(none)   M=D:\PROGRAMA\BCC\LIB\CW32.LIB|ftol ACBP=A9
 0001:00105EA8 0000002D C=CODE    S=_TEXT    G=(none)   M=D:\PROGRAMA\BCC\LIB\CW32.LIB|fuildq ACBP=A9
 0001:00105ED8 00000021 C=CODE    S=_TEXT    G=(none)   M=D:\PROGRAMA\BCC\LIB\CW32.LIB|fuistq ACBP=A9
 0001:00105EFC 00000011 C=CODE    S=_TEXT    G=(none)   M=D:\PROGRAMA\BCC\LIB\CW32.LIB|fxam ACBP=A9
 0001:00105F10 000000B1 C=CODE    S=_TEXT    G=(none)   M=D:\PROGRAMA\BCC\LIB\CW32.LIB|int64toa ACBP=A9
 0001:00105FC4 00000117 C=CODE    S=_TEXT    G=(none)   M=D:\PROGRAMA\BCC\LIB\CW32.LIB|ldtrunc ACBP=A9
 0001:001060DC 0000006D C=CODE    S=_TEXT    G=(none)   M=D:\PROGRAMA\BCC\LIB\CW32.LIB|log ACBP=A9
 0001:0010614C 0000006D C=CODE    S=_TEXT    G=(none)   M=D:\PROGRAMA\BCC\LIB\CW32.LIB|log10 ACBP=A9
 0001:001061BC 0000008F C=CODE    S=_TEXT    G=(none)   M=D:\PROGRAMA\BCC\LIB\CW32.LIB|longtoa ACBP=A9
 0001:0010624C 00000075 C=CODE    S=_TEXT    G=(none)   M=D:\PROGRAMA\BCC\LIB\CW32.LIB|ltoa1 ACBP=A9
 0001:001062C4 0000002E C=CODE    S=_TEXT    G=(none)   M=D:\PROGRAMA\BCC\LIB\CW32.LIB|matherrl ACBP=A9
 0001:001062F4 00000019 C=CODE    S=_TEXT    G=(none)   M=D:\PROGRAMA\BCC\LIB\CW32.LIB|mathptr ACBP=A9
 0001:00106310 00000030 C=CODE    S=_TEXT    G=(none)   M=D:\PROGRAMA\BCC\LIB\CW32.LIB|modf ACBP=A9
 0001:00106340 00000030 C=CODE    S=_TEXT    G=(none)   M=D:\PROGRAMA\BCC\LIB\CW32.LIB|modfl ACBP=A9
 0001:00106370 000001DC C=CODE    S=_TEXT    G=(none)   M=D:\PROGRAMA\BCC\LIB\CW32.LIB|pow ACBP=A9
 0001:0010654C 00000025 C=CODE    S=_TEXT    G=(none)   M=D:\PROGRAMA\BCC\LIB\CW32.LIB|qdiv10 ACBP=A9
 0001:00106574 0000002E C=CODE    S=_TEXT    G=(none)   M=D:\PROGRAMA\BCC\LIB\CW32.LIB|qmul10 ACBP=A9
 0001:001065A4 0000008E C=CODE    S=_TEXT    G=(none)   M=D:\PROGRAMA\BCC\LIB\CW32.LIB|rand ACBP=A9
 0001:00106634 000002F9 C=CODE    S=_TEXT    G=(none)   M=D:\PROGRAMA\BCC\LIB\CW32.LIB|realcvt ACBP=A9
 0001:00106930 00000335 C=CODE    S=_TEXT    G=(none)   M=D:\PROGRAMA\BCC\LIB\CW32.LIB|realcvtw ACBP=A9
 0001:00106C68 0000002C C=CODE    S=_TEXT    G=(none)   M=D:\PROGRAMA\BCC\LIB\CW32.LIB|round ACBP=A9
 0001:00106C94 000004E9 C=CODE    S=_TEXT    G=(none)   M=D:\PROGRAMA\BCC\LIB\CW32.LIB|scantod ACBP=A9
 0001:00107180 000004E9 C=CODE    S=_TEXT    G=(none)   M=D:\PROGRAMA\BCC\LIB\CW32.LIB|scanwtod ACBP=A9
 0001:0010766C 0000003F C=CODE    S=_TEXT    G=(none)   M=D:\PROGRAMA\BCC\LIB\CW32.LIB|sin ACBP=A9
 0001:001076AC 0000003A C=CODE    S=_TEXT    G=(none)   M=D:\PROGRAMA\BCC\LIB\CW32.LIB|sqrt ACBP=A9
 0001:001076E8 000000C1 C=CODE    S=_TEXT    G=(none)   M=D:\PROGRAMA\BCC\LIB\CW32.LIB|strtod ACBP=A9
 0001:001077AC 000002D4 C=CODE    S=_TEXT    G=(none)   M=D:\PROGRAMA\BCC\LIB\CW32.LIB|xcvt ACBP=A9
 0001:00107A80 000002F3 C=CODE    S=_TEXT    G=(none)   M=D:\PROGRAMA\BCC\LIB\CW32.LIB|xcvtw ACBP=A9
 0001:00107D74 0000006D C=CODE    S=_TEXT    G=(none)   M=D:\PROGRAMA\BCC\LIB\CW32.LIB|mbbtype ACBP=A9
 0001:00107DE4 0000014D C=CODE    S=_TEXT    G=(none)   M=D:\PROGRAMA\BCC\LIB\CW32.LIB|mbctype ACBP=A9
 0001:00107F34 0000003D C=CODE    S=_TEXT    G=(none)   M=D:\PROGRAMA\BCC\LIB\CW32.LIB|mbisalp ACBP=A9
 0001:00107F74 0000001A C=CODE    S=_TEXT    G=(none)   M=D:\PROGRAMA\BCC\LIB\CW32.LIB|mbisdgt ACBP=A9
 0001:00107F90 0000001A C=CODE    S=_TEXT    G=(none)   M=D:\PROGRAMA\BCC\LIB\CW32.LIB|mbisspc ACBP=A9
 0001:00107FAC 0000002F C=CODE    S=_TEXT    G=(none)   M=D:\PROGRAMA\BCC\LIB\CW32.LIB|mbsbtype ACBP=A9
 0001:00107FDC 00000054 C=CODE    S=_TEXT    G=(none)   M=D:\PROGRAMA\BCC\LIB\CW32.LIB|mbsnbcpy ACBP=A9
 0001:00108030 000000BF C=CODE    S=_TEXT    G=(none)   M=D:\PROGRAMA\BCC\LIB\CW32.LIB|mbsnbicm ACBP=A9
 0001:001080F0 00000058 C=CODE    S=_TEXT    G=(none)   M=D:\PROGRAMA\BCC\LIB\CW32.LIB|mbsrchr ACBP=A9
 0001:00108148 000000A6 C=CODE    S=_TEXT    G=(none)   M=D:\PROGRAMA\BCC\LIB\CW32.LIB|assert ACBP=A9
 0001:001081F0 000000BA C=CODE    S=_TEXT    G=(none)   M=D:\PROGRAMA\BCC\LIB\CW32.LIB|ermsghlp ACBP=A9
 0001:001082AA 00000006 C=CODE    S=_TEXT    G=(none)   M=D:\PROGRAMA\BCC\LIB\CW32.LIB|errno ACBP=A9
 0001:001082AC 0000019B C=CODE    S=_TEXT    G=(none)   M=D:\PROGRAMA\BCC\LIB\CW32.LIB|errormsg ACBP=A9
 0001:00108448 00000089 C=CODE    S=_TEXT    G=(none)   M=D:\PROGRAMA\BCC\LIB\CW32.LIB|platform ACBP=A9
 0001:001084D1 00000013 C=CODE    S=_TEXT    G=(none)   M=D:\PROGRAMA\BCC\LIB\CW32.LIB|pureerr ACBP=A9
 0001:001084E4 00000236 C=CODE    S=_TEXT    G=(none)   M=D:\PROGRAMA\BCC\LIB\CW32.LIB|qsort ACBP=A9
 0001:0010871C 00000022 C=CODE    S=_TEXT    G=(none)   M=D:\PROGRAMA\BCC\LIB\CW32.LIB|abort ACBP=A9
 0001:00108740 000000A7 C=CODE    S=_TEXT    G=(none)   M=D:\PROGRAMA\BCC\LIB\CW32.LIB|exit ACBP=A9
 0001:001087E8 00000057 C=CODE    S=_TEXT    G=(none)   M=D:\PROGRAMA\BCC\LIB\CW32.LIB|getenv ACBP=A9
 0001:00108840 0000001A C=CODE    S=_TEXT    G=(none)   M=D:\PROGRAMA\BCC\LIB\CW32.LIB|initwild ACBP=A9
 0001:0010885C 00000011 C=CODE    S=_TEXT    G=(none)   M=D:\PROGRAMA\BCC\LIB\CW32.LIB|exparg ACBP=A9
 0001:00108870 00000011 C=CODE    S=_TEXT    G=(none)   M=D:\PROGRAMA\BCC\LIB\CW32.LIB|wexparg ACBP=A9
 0001:00108884 00000027 C=CODE    S=_TEXT    G=(none)   M=D:\PROGRAMA\BCC\LIB\CW32.LIB|initargv ACBP=A9
 0001:001088AC 0000016C C=CODE    S=_TEXT    G=(none)   M=D:\PROGRAMA\BCC\LIB\CW32.LIB|setargv ACBP=A9
 0001:00108A18 000001E5 C=CODE    S=_TEXT    G=(none)   M=D:\PROGRAMA\BCC\LIB\CW32.LIB|hsargv ACBP=A9
 0001:00108C00 00000227 C=CODE    S=_TEXT    G=(none)   M=D:\PROGRAMA\BCC\LIB\CW32.LIB|whsargv ACBP=A9
 0001:00108E28 00000045 C=CODE    S=_TEXT    G=(none)   M=D:\PROGRAMA\BCC\LIB\CW32.LIB|setargv0 ACBP=A9
 0001:00108E70 000000A9 C=CODE    S=_TEXT    G=(none)   M=D:\PROGRAMA\BCC\LIB\CW32.LIB|setjmp ACBP=A9
 0001:00108F1C 000001A0 C=CODE    S=_TEXT    G=(none)   M=D:\PROGRAMA\BCC\LIB\CW32.LIB|setenvp ACBP=A9
 0001:001090BC 000002FA C=CODE    S=_TEXT    G=(none)   M=D:\PROGRAMA\BCC\LIB\CW32.LIB|signal ACBP=A9
 0001:001093B8 00000157 C=CODE    S=_TEXT    G=(none)   M=D:\PROGRAMA\BCC\LIB\CW32.LIB|initexit ACBP=A9
 0001:00109510 000001A4 C=CODE    S=_TEXT    G=(none)   M=D:\PROGRAMA\BCC\LIB\CW32.LIB|startup ACBP=A9
 0001:001096B4 0000004F C=CODE    S=_TEXT    G=(none)   M=D:\PROGRAMA\BCC\LIB\CW32.LIB|tlsstat ACBP=A9
 0001:00109704 000001A9 C=CODE    S=_TEXT    G=(none)   M=D:\PROGRAMA\BCC\LIB\CW32.LIB|gmtime ACBP=A9
 0001:001098B0 000002A8 C=CODE    S=_TEXT    G=(none)   M=D:\PROGRAMA\BCC\LIB\CW32.LIB|timefunc ACBP=A9
 0001:00109B58 00000006 C=CODE    S=_TEXT    G=(none)   M=D:\PROGRAMA\BCC\LIB\CW32.LIB|tzdata ACBP=A9
 0001:00109B60 000001C8 C=CODE    S=_TEXT    G=(none)   M=D:\PROGRAMA\BCC\LIB\CW32.LIB|tzset ACBP=A9
 0001:00109D28 00000008 C=CODE    S=_TEXT    G=(none)   M=D:\PROGRAMA\BCC\LIB\CW32.LIB|_tzset ACBP=A9
 0001:00109D30 0000004D C=CODE    S=_TEXT    G=(none)   M=D:\PROGRAMA\BCC\LIB\CW32.LIB|time ACBP=A9
 0001:00109D80 00001BD0 C=CODE    S=_TEXT    G=(none)   M=D:\PROGRAMA\BCC\LIB\CW32.LIB|xx ACBP=A9
 0002:00000000 000000A4 C=DATA    S=_DATA    G=DGROUP   M=D:\PROGRAMA\BCC\LIB\C0W32.OBJ ACBP=A9
 0002:000000A4 00000624 C=DATA    S=_DATA    G=DGROUP   M=D:\DISMEMBRADOR\OBJ\DISMEMBRADOR.OBJ ACBP=A9
 0002:000006C8 00000150 C=DATA    S=_DATA    G=DGROUP   M=D:\DISMEMBRADOR\OBJ\FUNCOES.OBJ ACBP=A9
 0002:00000818 00000FE4 C=DATA    S=_DATA    G=DGROUP   M=D:\PROGRAMA\FWH\LIB\FIVEHX.LIB|ACTIVEX ACBP=A9
 0002:000017FC 00000BB8 C=DATA    S=_DATA    G=DGROUP   M=D:\PROGRAMA\FWH\LIB\FIVEHX.LIB|ALERT ACBP=A9
 0002:000023B4 000043B0 C=DATA    S=_DATA    G=DGROUP   M=D:\PROGRAMA\FWH\LIB\FIVEHX.LIB|BAR ACBP=A9
 0002:00006764 00003F24 C=DATA    S=_DATA    G=DGROUP   M=D:\PROGRAMA\FWH\LIB\FIVEHX.LIB|BITMAP ACBP=A9
 0002:0000A688 00002940 C=DATA    S=_DATA    G=DGROUP   M=D:\PROGRAMA\FWH\LIB\FIVEHX.LIB|BRUSH ACBP=A9
 0002:0000CFC8 00006304 C=DATA    S=_DATA    G=DGROUP   M=D:\PROGRAMA\FWH\LIB\FIVEHX.LIB|BTNBMP ACBP=A9
 0002:000132CC 00001894 C=DATA    S=_DATA    G=DGROUP   M=D:\PROGRAMA\FWH\LIB\FIVEHX.LIB|BUTTON ACBP=A9
 0002:00014B60 00001268 C=DATA    S=_DATA    G=DGROUP   M=D:\PROGRAMA\FWH\LIB\FIVEHX.LIB|BUTTONB ACBP=A9
 0002:00015DC8 00000414 C=DATA    S=_DATA    G=DGROUP   M=D:\PROGRAMA\FWH\LIB\FIVEHX.LIB|CHECKRES ACBP=A9
 0002:000161DC 00001FF4 C=DATA    S=_DATA    G=DGROUP   M=D:\PROGRAMA\FWH\LIB\FIVEHX.LIB|C5LIB ACBP=A9
 0002:000181D0 00002F40 C=DATA    S=_DATA    G=DGROUP   M=D:\PROGRAMA\FWH\LIB\FIVEHX.LIB|C5TOOLTP ACBP=A9
 0002:0001B110 00000A5C C=DATA    S=_DATA    G=DGROUP   M=D:\PROGRAMA\FWH\LIB\FIVEHX.LIB|CLIPBRD ACBP=A9
 0002:0001BB6C 000035DC C=DATA    S=_DATA    G=DGROUP   M=D:\PROGRAMA\FWH\LIB\FIVEHX.LIB|COMBOBOX ACBP=A9
 0002:0001F148 0000616C C=DATA    S=_DATA    G=DGROUP   M=D:\PROGRAMA\FWH\LIB\FIVEHX.LIB|CONTROL ACBP=A9
 0002:000252B4 000008C4 C=DATA    S=_DATA    G=DGROUP   M=D:\PROGRAMA\FWH\LIB\FIVEHX.LIB|CURSOR ACBP=A9
 0002:00025B78 00000A9C C=DATA    S=_DATA    G=DGROUP   M=D:\PROGRAMA\FWH\LIB\FIVEHX.LIB|DDE ACBP=A9
 0002:00026614 00004038 C=DATA    S=_DATA    G=DGROUP   M=D:\PROGRAMA\FWH\LIB\FIVEHX.LIB|DIALOG ACBP=A9
 0002:0002A64C 000006F8 C=DATA    S=_DATA    G=DGROUP   M=D:\PROGRAMA\FWH\LIB\FIVEHX.LIB|DLGFIND ACBP=A9
 0002:0002AD44 000002E4 C=DATA    S=_DATA    G=DGROUP   M=D:\PROGRAMA\FWH\LIB\FIVEHX.LIB|DRAWBMP ACBP=A9
 0002:0002B028 0000209C C=DATA    S=_DATA    G=DGROUP   M=D:\PROGRAMA\FWH\LIB\FIVEHX.LIB|ERRSYSW ACBP=A9
 0002:0002D0C4 00010E70 C=DATA    S=_DATA    G=DGROUP   M=D:\PROGRAMA\FWH\LIB\FIVEHX.LIB|FGET ACBP=A9
 0002:0003DF34 00001010 C=DATA    S=_DATA    G=DGROUP   M=D:\PROGRAMA\FWH\LIB\FIVEHX.LIB|FILENAME ACBP=A9
 0002:0003EF44 0000057C C=DATA    S=_DATA    G=DGROUP   M=D:\PROGRAMA\FWH\LIB\FIVEHX.LIB|FLINE ACBP=A9
 0002:0003F4C0 000029D0 C=DATA    S=_DATA    G=DGROUP   M=D:\PROGRAMA\FWH\LIB\FIVEHX.LIB|FONT ACBP=A9
 0002:00041E90 000003B0 C=DATA    S=_DATA    G=DGROUP   M=D:\PROGRAMA\FWH\LIB\FIVEHX.LIB|FWDECODE ACBP=A9
 0002:00042240 00000364 C=DATA    S=_DATA    G=DGROUP   M=D:\PROGRAMA\FWH\LIB\FIVEHX.LIB|FWERROR ACBP=A9
 0002:000425A4 000008AC C=DATA    S=_DATA    G=DGROUP   M=D:\PROGRAMA\FWH\LIB\FIVEHX.LIB|GETTASKS ACBP=A9
 0002:00042E50 0000073C C=DATA    S=_DATA    G=DGROUP   M=D:\PROGRAMA\FWH\LIB\FIVEHX.LIB|GETSYSIN ACBP=A9
 0002:0004358C 000018C4 C=DATA    S=_DATA    G=DGROUP   M=D:\PROGRAMA\FWH\LIB\FIVEHX.LIB|GTF ACBP=A9
 0002:00044E50 00000B78 C=DATA    S=_DATA    G=DGROUP   M=D:\PROGRAMA\FWH\LIB\FIVEHX.LIB|HARBOUR ACBP=A9
 0002:000459C8 00000948 C=DATA    S=_DATA    G=DGROUP   M=D:\PROGRAMA\FWH\LIB\FIVEHX.LIB|HELP32 ACBP=A9
 0002:00046310 000008E8 C=DATA    S=_DATA    G=DGROUP   M=D:\PROGRAMA\FWH\LIB\FIVEHX.LIB|HELPCHM ACBP=A9
 0002:00046BF8 00000F28 C=DATA    S=_DATA    G=DGROUP   M=D:\PROGRAMA\FWH\LIB\FIVEHX.LIB|ICON ACBP=A9
 0002:00047B20 0000303C C=DATA    S=_DATA    G=DGROUP   M=D:\PROGRAMA\FWH\LIB\FIVEHX.LIB|IMAGE ACBP=A9
 0002:0004AB5C 00000AE4 C=DATA    S=_DATA    G=DGROUP   M=D:\PROGRAMA\FWH\LIB\FIVEHX.LIB|INI ACBP=A9
 0002:0004B640 00002A0C C=DATA    S=_DATA    G=DGROUP   M=D:\PROGRAMA\FWH\LIB\FIVEHX.LIB|LISTBOX ACBP=A9
 0002:0004E04C 00000CD8 C=DATA    S=_DATA    G=DGROUP   M=D:\PROGRAMA\FWH\LIB\FIVEHX.LIB|LONGNAM2 ACBP=A9
 0002:0004ED24 00001CCC C=DATA    S=_DATA    G=DGROUP   M=D:\PROGRAMA\FWH\LIB\FIVEHX.LIB|MDICHILD ACBP=A9
 0002:000509F0 000013B8 C=DATA    S=_DATA    G=DGROUP   M=D:\PROGRAMA\FWH\LIB\FIVEHX.LIB|MDICLIEN ACBP=A9
 0002:00051DA8 00001920 C=DATA    S=_DATA    G=DGROUP   M=D:\PROGRAMA\FWH\LIB\FIVEHX.LIB|MDIFRAME ACBP=A9
 0002:000536C8 00000910 C=DATA    S=_DATA    G=DGROUP   M=D:\PROGRAMA\FWH\LIB\FIVEHX.LIB|MEMOEDIT ACBP=A9
 0002:00053FD8 0000489C C=DATA    S=_DATA    G=DGROUP   M=D:\PROGRAMA\FWH\LIB\FIVEHX.LIB|MENU ACBP=A9
 0002:00058874 000023AC C=DATA    S=_DATA    G=DGROUP   M=D:\PROGRAMA\FWH\LIB\FIVEHX.LIB|MENUITEM ACBP=A9
 0002:0005AC20 000038C8 C=DATA    S=_DATA    G=DGROUP   M=D:\PROGRAMA\FWH\LIB\FIVEHX.LIB|MGET ACBP=A9
 0002:0005E4E8 00003364 C=DATA    S=_DATA    G=DGROUP   M=D:\PROGRAMA\FWH\LIB\FIVEHX.LIB|MSGBAR ACBP=A9
 0002:0006184C 000004EC C=DATA    S=_DATA    G=DGROUP   M=D:\PROGRAMA\FWH\LIB\FIVEHX.LIB|MSGRUN ACBP=A9
 0002:00061D38 00000978 C=DATA    S=_DATA    G=DGROUP   M=D:\PROGRAMA\FWH\LIB\FIVEHX.LIB|OLEFUNCS ACBP=A9
 0002:000626B0 000005E8 C=DATA    S=_DATA    G=DGROUP   M=D:\PROGRAMA\FWH\LIB\FIVEHX.LIB|PDMENU ACBP=A9
 0002:00062C98 00000488 C=DATA    S=_DATA    G=DGROUP   M=D:\PROGRAMA\FWH\LIB\FIVEHX.LIB|PDREPORT ACBP=A9
 0002:00063120 00000594 C=DATA    S=_DATA    G=DGROUP   M=D:\PROGRAMA\FWH\LIB\FIVEHX.LIB|PEN ACBP=A9
 0002:000636B4 00003FA8 C=DATA    S=_DATA    G=DGROUP   M=D:\PROGRAMA\FWH\LIB\FIVEHX.LIB|PRINTER ACBP=A9
 0002:0006765C 00001AD8 C=DATA    S=_DATA    G=DGROUP   M=D:\PROGRAMA\FWH\LIB\FIVEHX.LIB|PRV2PDF ACBP=A9
 0002:00069134 00001704 C=DATA    S=_DATA    G=DGROUP   M=D:\PROGRAMA\FWH\LIB\FIVEHX.LIB|RADIO ACBP=A9
 0002:0006A838 00001308 C=DATA    S=_DATA    G=DGROUP   M=D:\PROGRAMA\FWH\LIB\FIVEHX.LIB|RADMENU ACBP=A9
 0002:0006BB40 00001F44 C=DATA    S=_DATA    G=DGROUP   M=D:\PROGRAMA\FWH\LIB\FIVEHX.LIB|RCOLUMN ACBP=A9
 0002:0006DA84 00000700 C=DATA    S=_DATA    G=DGROUP   M=D:\PROGRAMA\FWH\LIB\FIVEHX.LIB|REBAR ACBP=A9
 0002:0006E184 00000E0C C=DATA    S=_DATA    G=DGROUP   M=D:\PROGRAMA\FWH\LIB\FIVEHX.LIB|RFILE ACBP=A9
 0002:0006EF90 000011F0 C=DATA    S=_DATA    G=DGROUP   M=D:\PROGRAMA\FWH\LIB\FIVEHX.LIB|RGROUP ACBP=A9
 0002:00070180 00000EB8 C=DATA    S=_DATA    G=DGROUP   M=D:\PROGRAMA\FWH\LIB\FIVEHX.LIB|RLINE ACBP=A9
 0002:00071038 000009C4 C=DATA    S=_DATA    G=DGROUP   M=D:\PROGRAMA\FWH\LIB\FIVEHX.LIB|RECT ACBP=A9
 0002:000719FC 00000C94 C=DATA    S=_DATA    G=DGROUP   M=D:\PROGRAMA\FWH\LIB\FIVEHX.LIB|REG32 ACBP=A9
 0002:00072690 00008610 C=DATA    S=_DATA    G=DGROUP   M=D:\PROGRAMA\FWH\LIB\FIVEHX.LIB|REPORT ACBP=A9
 0002:0007ACA0 00007678 C=DATA    S=_DATA    G=DGROUP   M=D:\PROGRAMA\FWH\LIB\FIVEHX.LIB|RPREVIEW ACBP=A9
 0002:00082318 000018D0 C=DATA    S=_DATA    G=DGROUP   M=D:\PROGRAMA\FWH\LIB\FIVEHX.LIB|SAY ACBP=A9
 0002:00083BE8 00005020 C=DATA    S=_DATA    G=DGROUP   M=D:\PROGRAMA\FWH\LIB\FIVEHX.LIB|SCINTILA ACBP=A9
 0002:00088C08 00001A44 C=DATA    S=_DATA    G=DGROUP   M=D:\PROGRAMA\FWH\LIB\FIVEHX.LIB|SCRLLBAR ACBP=A9
 0002:0008A64C 00000A68 C=DATA    S=_DATA    G=DGROUP   M=D:\PROGRAMA\FWH\LIB\FIVEHX.LIB|SHELLAPI ACBP=A9
 0002:0008B0B4 00001070 C=DATA    S=_DATA    G=DGROUP   M=D:\PROGRAMA\FWH\LIB\FIVEHX.LIB|STATUSBA ACBP=A9
 0002:0008C124 000006C0 C=DATA    S=_DATA    G=DGROUP   M=D:\PROGRAMA\FWH\LIB\FIVEHX.LIB|TACCTBL ACBP=A9
 0002:0008C7E4 00000310 C=DATA    S=_DATA    G=DGROUP   M=D:\PROGRAMA\FWH\LIB\FIVEHX.LIB|TCLIPGET ACBP=A9
 0002:0008CAF4 00006F9C C=DATA    S=_DATA    G=DGROUP   M=D:\PROGRAMA\FWH\LIB\FIVEHX.LIB|TGET ACBP=A9
 0002:00093A90 00001704 C=DATA    S=_DATA    G=DGROUP   M=D:\PROGRAMA\FWH\LIB\FIVEHX.LIB|TOOLBAR ACBP=A9
 0002:00095194 0000085C C=DATA    S=_DATA    G=DGROUP   M=D:\PROGRAMA\FWH\LIB\FIVEHX.LIB|TIMAGLST ACBP=A9
 0002:000959F0 0000081C C=DATA    S=_DATA    G=DGROUP   M=D:\PROGRAMA\FWH\LIB\FIVEHX.LIB|TIMER ACBP=A9
 0002:0009620C 00000A10 C=DATA    S=_DATA    G=DGROUP   M=D:\PROGRAMA\FWH\LIB\FIVEHX.LIB|TMAIL ACBP=A9
 0002:00096C1C 00001E38 C=DATA    S=_DATA    G=DGROUP   M=D:\PROGRAMA\FWH\LIB\FIVEHX.LIB|TMETAFIL ACBP=A9
 0002:00098A54 00001F50 C=DATA    S=_DATA    G=DGROUP   M=D:\PROGRAMA\FWH\LIB\FIVEHX.LIB|TMSGITEM ACBP=A9
 0002:0009A9A4 00000C0C C=DATA    S=_DATA    G=DGROUP   M=D:\PROGRAMA\FWH\LIB\FIVEHX.LIB|TPANEL ACBP=A9
 0002:0009B5B0 00004560 C=DATA    S=_DATA    G=DGROUP   M=D:\PROGRAMA\FWH\LIB\FIVEHX.LIB|TRBGROUP ACBP=A9
 0002:0009FB10 000066B0 C=DATA    S=_DATA    G=DGROUP   M=D:\PROGRAMA\FWH\LIB\FIVEHX.LIB|TRBTN ACBP=A9
 0002:000A61C0 00009474 C=DATA    S=_DATA    G=DGROUP   M=D:\PROGRAMA\FWH\LIB\FIVEHX.LIB|TRIBBON ACBP=A9
 0002:000AF634 00005880 C=DATA    S=_DATA    G=DGROUP   M=D:\PROGRAMA\FWH\LIB\FIVEHX.LIB|TRICHEDI ACBP=A9
 0002:000B4EB4 00000958 C=DATA    S=_DATA    G=DGROUP   M=D:\PROGRAMA\FWH\LIB\FIVEHX.LIB|TRPANEL ACBP=A9
 0002:000B580C 00000EE8 C=DATA    S=_DATA    G=DGROUP   M=D:\PROGRAMA\FWH\LIB\FIVEHX.LIB|TSTRUCT ACBP=A9
 0002:000B66F4 00000E0C C=DATA    S=_DATA    G=DGROUP   M=D:\PROGRAMA\FWH\LIB\FIVEHX.LIB|VALBLANK ACBP=A9
 0002:000B7500 00001640 C=DATA    S=_DATA    G=DGROUP   M=D:\PROGRAMA\FWH\LIB\FIVEHX.LIB|VALTOSTR ACBP=A9
 0002:000B8B40 0000C410 C=DATA    S=_DATA    G=DGROUP   M=D:\PROGRAMA\FWH\LIB\FIVEHX.LIB|WINDOW ACBP=A9
 0002:000C4F50 000000E8 C=DATA    S=_DATA    G=DGROUP   M=D:\PROGRAMA\FWH\LIB\FIVEHX.LIB|WQOUT ACBP=A9
 0002:000C5038 00000264 C=DATA    S=_DATA    G=DGROUP   M=D:\PROGRAMA\FWH\LIB\FIVEHX.LIB|XPAD ACBP=A9
 0002:000C529C 000003A4 C=DATA    S=_DATA    G=DGROUP   M=D:\PROGRAMA\FWH\LIB\FIVEHX.LIB|ETC ACBP=A9
 0002:000C5640 00000018 C=DATA    S=_DATA    G=DGROUP   M=D:\PROGRAMA\FWH\LIB\FIVEHC.LIB|__WNDPRO ACBP=A9
 0002:000C5658 00000004 C=DATA    S=_DATA    G=DGROUP   M=D:\PROGRAMA\FWH\LIB\FIVEHC.LIB|BMPREAD ACBP=A9
 0002:000C565C 00000288 C=DATA    S=_DATA    G=DGROUP   M=D:\PROGRAMA\FWH\LIB\FIVEHC.LIB|CTLHDLEH ACBP=A9
 0002:000C58E4 00000024 C=DATA    S=_DATA    G=DGROUP   M=D:\PROGRAMA\FWH\LIB\FIVEHC.LIB|FFDLGPRC ACBP=A9
 0002:000C5908 0000000C C=DATA    S=_DATA    G=DGROUP   M=D:\PROGRAMA\FWH\LIB\FIVEHC.LIB|FFWNDRUN ACBP=A9
 0002:000C5914 0000000C C=DATA    S=_DATA    G=DGROUP   M=D:\PROGRAMA\FWH\LIB\FIVEHC.LIB|HARBOURC ACBP=A9
 0002:000C5920 00000014 C=DATA    S=_DATA    G=DGROUP   M=D:\PROGRAMA\FWH\LIB\FIVEHC.LIB|TOOLBARS ACBP=A9
 0002:000C5934 00000014 C=DATA    S=_DATA    G=DGROUP   M=D:\PROGRAMA\FWH\LIB\FIVEHC.LIB|TOOLTIP ACBP=A9
 0002:000C5948 00000014 C=DATA    S=_DATA    G=DGROUP   M=D:\PROGRAMA\FWH\LIB\FIVEHC.LIB|WNDRUN ACBP=A9
 0002:000C595C 0000000C C=DATA    S=_DATA    G=DGROUP   M=D:\PROGRAMA\FWH\LIB\FIVEHC.LIB|DLGBOX ACBP=A9
 0002:000C5968 00000410 C=DATA    S=_DATA    G=DGROUP   M=D:\PROGRAMA\FWH\LIB\FIVEHC.LIB|ACTX ACBP=A9
 0002:000C5D78 0000000C C=DATA    S=_DATA    G=DGROUP   M=D:\PROGRAMA\FWH\LIB\FIVEHC.LIB|BARTOOLS ACBP=A9
 0002:000C5D84 0000371C C=DATA    S=_DATA    G=DGROUP   M=D:\PROGRAMA\FWH\LIB\FIVEHC.LIB|BITMAPS ACBP=A9
 0002:000C94A0 00000010 C=DATA    S=_DATA    G=DGROUP   M=D:\PROGRAMA\FWH\LIB\FIVEHC.LIB|BMPDRAW ACBP=A9
 0002:000C94B0 0000381C C=DATA    S=_DATA    G=DGROUP   M=D:\PROGRAMA\FWH\LIB\FIVEHC.LIB|BRUSHES ACBP=A9
 0002:000CCCCC 000028DC C=DATA    S=_DATA    G=DGROUP   M=D:\PROGRAMA\FWH\LIB\FIVEHC.LIB|C5CNEW ACBP=A9
 0002:000CF5A8 00000002 C=DATA    S=_DATA    G=DGROUP   M=D:\PROGRAMA\FWH\LIB\FIVEHC.LIB|CALLDLL ACBP=A9
 0002:000CF5AC 0000006C C=DATA    S=_DATA    G=DGROUP   M=D:\PROGRAMA\FWH\LIB\FIVEHC.LIB|CALDLL32 ACBP=A9
 0002:000CF618 00000004 C=DATA    S=_DATA    G=DGROUP   M=D:\PROGRAMA\FWH\LIB\FIVEHC.LIB|CLPBRD ACBP=A9
 0002:000CF61C 00000011 C=DATA    S=_DATA    G=DGROUP   M=D:\PROGRAMA\FWH\LIB\FIVEHC.LIB|CODEGTF ACBP=A9
 0002:000CF630 00000008 C=DATA    S=_DATA    G=DGROUP   M=D:\PROGRAMA\FWH\LIB\FIVEHC.LIB|CREATEPA ACBP=A9
 0002:000CF638 00000008 C=DATA    S=_DATA    G=DGROUP   M=D:\PROGRAMA\FWH\LIB\FIVEHC.LIB|CREATESO ACBP=A9
 0002:000CF640 00000098 C=DATA    S=_DATA    G=DGROUP   M=D:\PROGRAMA\FWH\LIB\FIVEHC.LIB|CTL3D ACBP=A9
 0002:000CF6D8 00000008 C=DATA    S=_DATA    G=DGROUP   M=D:\PROGRAMA\FWH\LIB\FIVEHC.LIB|CTRLDRAW ACBP=A9
 0002:000CF6E0 00000004 C=DATA    S=_DATA    G=DGROUP   M=D:\PROGRAMA\FWH\LIB\FIVEHC.LIB|CTRL2CHR ACBP=A9
 0002:000CF6E4 00000550 C=DATA    S=_DATA    G=DGROUP   M=D:\PROGRAMA\FWH\LIB\FIVEHC.LIB|CURSORS ACBP=A9
 0002:000CFC34 0000007C C=DATA    S=_DATA    G=DGROUP   M=D:\PROGRAMA\FWH\LIB\FIVEHC.LIB|DEVICE ACBP=A9
 0002:000CFCB0 00000004 C=DATA    S=_DATA    G=DGROUP   M=D:\PROGRAMA\FWH\LIB\FIVEHC.LIB|DIB ACBP=A9
 0002:000CFCB4 00000004 C=DATA    S=_DATA    G=DGROUP   M=D:\PROGRAMA\FWH\LIB\FIVEHC.LIB|DLOGBOX ACBP=A9
 0002:000CFCB8 00000004 C=DATA    S=_DATA    G=DGROUP   M=D:\PROGRAMA\FWH\LIB\FIVEHC.LIB|DRAWITEM ACBP=A9
 0002:000CFCBC 00000004 C=DATA    S=_DATA    G=DGROUP   M=D:\PROGRAMA\FWH\LIB\FIVEHC.LIB|DRIVES ACBP=A9
 0002:000CFCC0 00000024 C=DATA    S=_DATA    G=DGROUP   M=D:\PROGRAMA\FWH\LIB\FIVEHC.LIB|FGETCLIP ACBP=A9
 0002:000CFCE4 00000004 C=DATA    S=_DATA    G=DGROUP   M=D:\PROGRAMA\FWH\LIB\FIVEHC.LIB|FGETLINE ACBP=A9
 0002:000CFCE8 00000018 C=DATA    S=_DATA    G=DGROUP   M=D:\PROGRAMA\FWH\LIB\FIVEHC.LIB|FINDTEXT ACBP=A9
 0002:000CFD00 00000018 C=DATA    S=_DATA    G=DGROUP   M=D:\PROGRAMA\FWH\LIB\FIVEHC.LIB|FONTS ACBP=A9
 0002:000CFD18 00000004 C=DATA    S=_DATA    G=DGROUP   M=D:\PROGRAMA\FWH\LIB\FIVEHC.LIB|FTEXT ACBP=A9
 0002:000CFD1C 00000010 C=DATA    S=_DATA    G=DGROUP   M=D:\PROGRAMA\FWH\LIB\FIVEHC.LIB|FWBMP ACBP=A9
 0002:000CFD2C 00000022 C=DATA    S=_DATA    G=DGROUP   M=D:\PROGRAMA\FWH\LIB\FIVEHC.LIB|FWPALCTL ACBP=A9
 0002:000CFD50 00000030 C=DATA    S=_DATA    G=DGROUP   M=D:\PROGRAMA\FWH\LIB\FIVEHC.LIB|FWPNG ACBP=A9
 0002:000CFD80 00000028 C=DATA    S=_DATA    G=DGROUP   M=D:\PROGRAMA\FWH\LIB\FIVEHC.LIB|GETFILE ACBP=A9
 0002:000CFDA8 00000004 C=DATA    S=_DATA    G=DGROUP   M=D:\PROGRAMA\FWH\LIB\FIVEHC.LIB|GETTEXT ACBP=A9
 0002:000CFDAC 0000000D C=DATA    S=_DATA    G=DGROUP   M=D:\PROGRAMA\FWH\LIB\FIVEHC.LIB|HANDLIST ACBP=A9
 0002:000CFDBC 00000004 C=DATA    S=_DATA    G=DGROUP   M=D:\PROGRAMA\FWH\LIB\FIVEHC.LIB|HELP ACBP=A9
 0002:000CFDC0 00000170 C=DATA    S=_DATA    G=DGROUP   M=D:\PROGRAMA\FWH\LIB\FIVEHC.LIB|ICONS ACBP=A9
 0002:000CFF30 000000A0 C=DATA    S=_DATA    G=DGROUP   M=D:\PROGRAMA\FWH\LIB\FIVEHC.LIB|IMAGELIS ACBP=A9
 0002:000CFFD0 00000004 C=DATA    S=_DATA    G=DGROUP   M=D:\PROGRAMA\FWH\LIB\FIVEHC.LIB|INSTANCE ACBP=A9
 0002:000CFFD4 00000004 C=DATA    S=_DATA    G=DGROUP   M=D:\PROGRAMA\FWH\LIB\FIVEHC.LIB|LBX ACBP=A9
 0002:000CFFD8 00000008 C=DATA    S=_DATA    G=DGROUP   M=D:\PROGRAMA\FWH\LIB\FIVEHC.LIB|LOADBMP ACBP=A9
 0002:000CFFE0 000000CC C=DATA    S=_DATA    G=DGROUP   M=D:\PROGRAMA\FWH\LIB\FIVEHC.LIB|MAPI ACBP=A9
 0002:000D00AC 000000A8 C=DATA    S=_DATA    G=DGROUP   M=D:\PROGRAMA\FWH\LIB\FIVEHC.LIB|METAFI32 ACBP=A9
 0002:000D0154 00000008 C=DATA    S=_DATA    G=DGROUP   M=D:\PROGRAMA\FWH\LIB\FIVEHC.LIB|MGETCREA ACBP=A9
 0002:000D015C 000000C0 C=DATA    S=_DATA    G=DGROUP   M=D:\PROGRAMA\FWH\LIB\FIVEHC.LIB|MSGS ACBP=A9
 0002:000D021C 00000004 C=DATA    S=_DATA    G=DGROUP   M=D:\PROGRAMA\FWH\LIB\FIVEHC.LIB|MSGTOOLS ACBP=A9
 0002:000D0220 00000004 C=DATA    S=_DATA    G=DGROUP   M=D:\PROGRAMA\FWH\LIB\FIVEHC.LIB|OEMANSI ACBP=A9
 0002:000D0224 00000004 C=DATA    S=_DATA    G=DGROUP   M=D:\PROGRAMA\FWH\LIB\FIVEHC.LIB|OR ACBP=A9
 0002:000D0228 00000018 C=DATA    S=_DATA    G=DGROUP   M=D:\PROGRAMA\FWH\LIB\FIVEHC.LIB|PRINTDC ACBP=A9
 0002:000D0240 00000004 C=DATA    S=_DATA    G=DGROUP   M=D:\PROGRAMA\FWH\LIB\FIVEHC.LIB|PROFILE ACBP=A9
 0002:000D0244 00000010 C=DATA    S=_DATA    G=DGROUP   M=D:\PROGRAMA\FWH\LIB\FIVEHC.LIB|RECTS ACBP=A9
[...]
 0002:000F3D3C  __ectbl__ std::basic_ostream<wchar_t, std::char_traits<wchar_t> >::basic_ostream<wchar_t, std::char_traits<wchar_t> >(std::basic_streambuf<wchar_t, std::char_traits<wchar_t> > *, bool)
 0002:000F3D54  __odtbl__ std::basic_streambuf<wchar_t, std::char_traits<wchar_t> >::basic_streambuf<wchar_t, std::char_traits<wchar_t> >()
 0002:000F3D74  __ectbl__ std::basic_streambuf<wchar_t, std::char_traits<wchar_t> >::basic_streambuf<wchar_t, std::char_traits<wchar_t> >()
 0002:000F3DB0  __odtbl__ std::basic_ios<wchar_t, std::char_traits<wchar_t> >::basic_ios<wchar_t, std::char_traits<wchar_t> >()
 0002:000F3DC0  __ectbl__ std::basic_ios<wchar_t, std::char_traits<wchar_t> >::basic_ios<wchar_t, std::char_traits<wchar_t> >()
 0002:000F3DD8  __odtbl__ std::basic_ios<wchar_t, std::char_traits<wchar_t> >::widen(char) const
 0002:000F3DF8  __ectbl__ std::basic_ios<wchar_t, std::char_traits<wchar_t> >::widen(char) const
 0002:000F3E1C  __odtbl__ const std::ctype<wchar_t>& std::use_facet<std::ctype<wchar_t> >(const std::locale&)
 0002:000F3E4C  __ectbl__ const std::ctype<wchar_t>& std::use_facet<std::ctype<wchar_t> >(const std::locale&)
 0002:000F3E7C  __odtbl__ std::ctype<wchar_t>::_Getcat(const std::locale::facet * *)
 0002:000F3E8C  __ectbl__ std::ctype<wchar_t>::_Getcat(const std::locale::facet * *)
 0002:000F3EB0  __odtbl__ std::ctype<wchar_t>::ctype<wchar_t>(unsigned int)
 0002:000F3ED0  __ectbl__ std::ctype<wchar_t>::ctype<wchar_t>(unsigned int)
 0002:000F3EF4  std::_Facetptr<std::ctype<wchar_t> >::_Psave
 0002:000F3EF8  __odtbl__ std::basic_filebuf<wchar_t, std::char_traits<wchar_t> >::basic_filebuf<wchar_t, std::char_traits<wchar_t> >(std::_Uninitialized)
 0002:000F3F08  __ectbl__ std::basic_filebuf<wchar_t, std::char_traits<wchar_t> >::basic_filebuf<wchar_t, std::char_traits<wchar_t> >(std::_Uninitialized)
 0002:000F3F20  __odtbl__ std::basic_istream<wchar_t, std::char_traits<wchar_t> >::basic_istream<wchar_t, std::char_traits<wchar_t> >(std::_Uninitialized)
 0002:000F3F30  __ectbl__ std::basic_istream<wchar_t, std::char_traits<wchar_t> >::basic_istream<wchar_t, std::char_traits<wchar_t> >(std::_Uninitialized)
 0002:000F3F48  __odtbl__ std::basic_ostream<wchar_t, std::char_traits<wchar_t> >::basic_ostream<wchar_t, std::char_traits<wchar_t> >(std::_Uninitialized)
 0002:000F3F58  __ectbl__ std::basic_ostream<wchar_t, std::char_traits<wchar_t> >::basic_ostream<wchar_t, std::char_traits<wchar_t> >(std::_Uninitialized)
 0002:000F3F70  __odtbl__ std::basic_ostream<wchar_t, std::char_traits<wchar_t> >::~basic_ostream<wchar_t, std::char_traits<wchar_t> >()
 0002:000F3F80  __ectbl__ std::basic_ostream<wchar_t, std::char_traits<wchar_t> >::~basic_ostream<wchar_t, std::char_traits<wchar_t> >()
 0002:000F3F98  __odtbl__ std::basic_istream<wchar_t, std::char_traits<wchar_t> >::~basic_istream<wchar_t, std::char_traits<wchar_t> >()
 0002:000F3FA8  __ectbl__ std::basic_istream<wchar_t, std::char_traits<wchar_t> >::~basic_istream<wchar_t, std::char_traits<wchar_t> >()
 0002:000F3FC0  __odtbl__ std::basic_filebuf<wchar_t, std::char_traits<wchar_t> >::~basic_filebuf<wchar_t, std::char_traits<wchar_t> >()
 0002:000F3FD0  __ectbl__ std::basic_filebuf<wchar_t, std::char_traits<wchar_t> >::~basic_filebuf<wchar_t, std::char_traits<wchar_t> >()
 0002:000F3FE8  __odtbl__ std::basic_streambuf<wchar_t, std::char_traits<wchar_t> >::basic_streambuf<wchar_t, std::char_traits<wchar_t> >(std::_Uninitialized)
 0002:000F3FF8  __ectbl__ std::basic_streambuf<wchar_t, std::char_traits<wchar_t> >::basic_streambuf<wchar_t, std::char_traits<wchar_t> >(std::_Uninitialized)
 0002:000F4010  __odtbl__ std::basic_ios<wchar_t, std::char_traits<wchar_t> >::~basic_ios<wchar_t, std::char_traits<wchar_t> >()
 0002:000F4020  __ectbl__ std::basic_ios<wchar_t, std::char_traits<wchar_t> >::~basic_ios<wchar_t, std::char_traits<wchar_t> >()
 0002:000F4038  __odtbl__ std::basic_filebuf<wchar_t, std::char_traits<wchar_t> >::_Endwrite()
 0002:000F4058  __ectbl__ std::basic_filebuf<wchar_t, std::char_traits<wchar_t> >::_Endwrite()
 0002:000F407C  __ectbl__ std::basic_streambuf<wchar_t, std::char_traits<wchar_t> >::~basic_streambuf<wchar_t, std::char_traits<wchar_t> >()
 0002:000F4088  @std@%ctype$b%@3
 0002:000F40C8  @std@%basic_ios$b19std@%char_traits$b%%@3
 0002:000F40D8  @std@%basic_streambuf$b19std@%char_traits$b%%@3
 0002:000F4120  @std@%basic_ostream$b19std@%char_traits$b%%@3
 0002:000F413C  @std@%basic_istream$b19std@%char_traits$b%%@3
 0002:000F4158  @std@%basic_filebuf$b19std@%char_traits$b%%@3
 0002:000F41A0  __odtbl__ std::ctype<wchar_t>::~ctype<wchar_t>()
 0002:000F41B0  __ectbl__ std::ctype<wchar_t>::~ctype<wchar_t>()
 0002:000F41C8  __odtbl__ std::basic_filebuf<wchar_t, std::char_traits<wchar_t> >::overflow(wchar_t)
 0002:000F41E8  __ectbl__ std::basic_filebuf<wchar_t, std::char_traits<wchar_t> >::overflow(wchar_t)
 0002:000F420C  __odtbl__ std::basic_filebuf<wchar_t, std::char_traits<wchar_t> >::uflow()
 0002:000F422C  __ectbl__ std::basic_filebuf<wchar_t, std::char_traits<wchar_t> >::uflow()
 0002:000F4250  __odtbl__ const std::codecvt<wchar_t, char, int>& std::use_facet<std::codecvt<wchar_t, char, int> >(const std::locale&)
 0002:000F4280  __ectbl__ const std::codecvt<wchar_t, char, int>& std::use_facet<std::codecvt<wchar_t, char, int> >(const std::locale&)
 0002:000F42B0  __odtbl__ std::codecvt<wchar_t, char, int>::_Getcat(const std::locale::facet * *)
 0002:000F42C0  __ectbl__ std::codecvt<wchar_t, char, int>::_Getcat(const std::locale::facet * *)
 0002:000F42E4  __odtbl__ std::codecvt<wchar_t, char, int>::codecvt<wchar_t, char, int>(unsigned int)
 0002:000F4304  __ectbl__ std::codecvt<wchar_t, char, int>::codecvt<wchar_t, char, int>(unsigned int)
 0002:000F4328  @std@%codecvt$bci%@3
 0002:000F4354  std::_Facetptr<std::codecvt<wchar_t, char, int> >::_Psave
 0002:000F4358  __odtbl__ std::codecvt<wchar_t, char, int>::~codecvt<wchar_t, char, int>()
 0002:000F4368  __ectbl__ std::codecvt<wchar_t, char, int>::~codecvt<wchar_t, char, int>()
 0002:000F4380  __thrwl__ std::codecvt<wchar_t, char, int>::do_always_noconv() const
 0002:000F4384  __ectbl__ std::codecvt<wchar_t, char, int>::do_always_noconv() const
 0002:000F4390  __thrwl__ std::codecvt<wchar_t, char, int>::do_max_length() const
 0002:000F4394  __ectbl__ std::codecvt<wchar_t, char, int>::do_max_length() const
 0002:000F43A0  __thrwl__ std::codecvt<wchar_t, char, int>::do_encoding() const
 0002:000F43A4  __ectbl__ std::codecvt<wchar_t, char, int>::do_encoding() const
 0002:000F43B0  std::ctype<wchar_t>::id
 0002:000F43B4  __vdflg__ std::ctype<wchar_t>::id
 0002:000F43B8  time_put<wchar_t, std::ostreambuf_iterator<wchar_t, std::char_traits<wchar_t> > >::id
 0002:000F43BC  __vdflg__ time_put<wchar_t, std::ostreambuf_iterator<wchar_t, std::char_traits<wchar_t> > >::id
 0002:000F43C0  std::num_get<wchar_t, std::istreambuf_iterator<wchar_t, std::char_traits<wchar_t> > >::id
 0002:000F43C4  __vdflg__ std::num_get<wchar_t, std::istreambuf_iterator<wchar_t, std::char_traits<wchar_t> > >::id
 0002:000F43C8  std::num_put<wchar_t, std::ostreambuf_iterator<wchar_t, std::char_traits<wchar_t> > >::id
 0002:000F43CC  __vdflg__ std::num_put<wchar_t, std::ostreambuf_iterator<wchar_t, std::char_traits<wchar_t> > >::id
 0002:000F43D0  std::numpunct<wchar_t>::id
 0002:000F43D4  __vdflg__ std::numpunct<wchar_t>::id
 0002:000F43D8  std::collate<wchar_t>::id
 0002:000F43DC  __vdflg__ std::collate<wchar_t>::id
 0002:000F43E0  std::messages<wchar_t>::id
 0002:000F43E4  __vdflg__ std::messages<wchar_t>::id
 0002:000F43E8  std::money_get<wchar_t, std::istreambuf_iterator<wchar_t, std::char_traits<wchar_t> > >::id
 0002:000F43EC  __vdflg__ std::money_get<wchar_t, std::istreambuf_iterator<wchar_t, std::char_traits<wchar_t> > >::id
 0002:000F43F0  std::money_put<wchar_t, std::ostreambuf_iterator<wchar_t, std::char_traits<wchar_t> > >::id
 0002:000F43F4  __vdflg__ std::money_put<wchar_t, std::ostreambuf_iterator<wchar_t, std::char_traits<wchar_t> > >::id
 0002:000F43F8  std::moneypunct<wchar_t, 0>::id
 0002:000F43FC  __vdflg__ std::moneypunct<wchar_t, 0>::id
 0002:000F4400  std::moneypunct<wchar_t, 1>::id
 0002:000F4404  __vdflg__ std::moneypunct<wchar_t, 1>::id
 0002:000F4408  std::time_get<wchar_t, std::istreambuf_iterator<wchar_t, std::char_traits<wchar_t> > >::id
 0002:000F440C  __vdflg__ std::time_get<wchar_t, std::istreambuf_iterator<wchar_t, std::char_traits<wchar_t> > >::id
 0002:000F4410  d2377_1
 0002:000F4614  d2381_1
 0002:000F4678  d2523_1
 0002:000F467C  d2525_1
 0002:000F478C  d2535_1
 0002:000F4790  __heap_redirector
 0002:000F47AC  __virt_heap_size
 0002:000F47AC  d2539_1
 0002:000F47B0  __virt_chunk_size
 0002:000F47B4  __virt_chunk_size2
 0002:000F47B8  __nv_heap_size
 0002:000F47BC  __smalloc_threshold
 0002:000F47C0  __virt_chunk_free
 0002:000F47C4  __virt_chunk_free2
 0002:000F47C8  __firstHeap
 0002:000F47CC  __lastHeap
 0002:000F47D0  __linktable
 0002:000F47D4  __freeStart
 0002:000F47E0  __rover
 0002:000F47E8  ___allocated
 0002:000F47EC  d2685_1
 0002:000F4800  d2757_0
 0002:000F4800  ___xxPersonality
 0002:000F4804  d2759_1
 0002:000F4B28  @std@bad_typeid@3
 0002:000F4B3C  ___terminatePTR
 0002:000F4B3C  d2761_1
 0002:000F4B40  ___unexpectdPTR
 0002:000F4B44  ___CPPexceptionList
 0002:000F4B44  d2763_1
 0002:000F4B48  ___exceptFlags
 0002:000F4B4C  ___throwFileName
 0002:000F4B50  ___throwLineNumber
 0002:000F4B54  ___throwExceptionName
 0002:000F4B58  ___exceptStaticBuffP
 0002:000F4B5C  ___exceptMemAllocVars
 0002:000F4B60  ___ExceptStaticXbuff
 0002:000F4BE0  __ExceptVarsSize
 0002:000F4BF4  __chtbl__ __call_terminate()
 0002:000F4C14  __ectbl__ __call_terminate()
 0002:000F4C2C  __stkchk
 0002:000F4C2C  d2769_1
 0002:000F4C40  d2785_1
 0002:000F4C4C  __cfinfo_get
 0002:000F4C4C  d2805_1
 0002:000F4C50  __notUmask
 0002:000F4C50  d2859_1
 0002:000F4C54  d2885_0
 0002:000F4C54  __fileinfo
 0002:000F4C58  __streams
 0002:000F4C58  d2955_0
 0002:000F5108  d2957_0
 0002:000F5108  __nfile
 0002:000F510C  __openfd
 0002:000F51D4  __fmode
 0002:000F51D4  d2967_0
 0002:000F51D8  d2969_1
 0002:000F51D8  __fmodeptr
 0002:000F51DC  __dosErrorToSV
 0002:000F51DC  d3034_1
 0002:000F5308  d3057_1
 0002:000F5314  d3065_1
 0002:000F5314  __sys_errlist
 0002:000F53DC  __sys_nerr
 0002:000F57A8  d3159_1
 0002:000F5820  __chartype
 0002:000F5820  d3239_0
 0002:000F5A24  __localeconvention
 0002:000F5A24  d3241_1
 0002:000F5A60  d3243_1
 0002:000F5AB0  __lower
 0002:000F5AB0  d3245_0
 0002:000F5BB0  d3249_0
 0002:000F5BB0  __upper
 0002:000F5CB0  d3265_1
 0002:000F5CB0  ___mb_cur_max
 0002:000F5CB4  ___localeLock
 0002:000F5DC8  d3267_0
 0002:000F5DC8  _CMonetary
 0002:000F5DFC  _CNumeric
 0002:000F5E14  _CTimeDate
 0002:000F5ED8  _CLOCALE
 0002:000F5F04  ___locale
 0002:000F6028  d3269_1
 0002:000F60B4  d3395_1
 0002:000F60C4  d3401_1
 0002:000F6184  d3438_1
 0002:000F6190  __realcvtptr
 0002:000F6190  d3456_1
 0002:000F6194  __nextrealptr
 0002:000F6198  __scantodptr
 0002:000F619C  __scanrsltptr
 0002:000F61F8  __realcvtwptr
 0002:000F61F8  d3458_1
 0002:000F61FC  __nextrealwptr
 0002:000F6200  __scanwtodptr
 0002:000F6204  __scanwrsltptr
 0002:000F6260  d3460_0
 0002:000F6260  __default87
 0002:000F6264  d3466_1
 0002:000F6270  d3474_1
 0002:000F6284  d3476_1
 0002:000F629C  __huge_flt
 0002:000F629C  d3514_0
 0002:000F62A0  __huge_dble
 0002:000F62A8  __huge_ldble
 0002:000F62B2  __max_flt
 0002:000F62B6  __max_dble
 0002:000F62BE  __max_ldble
 0002:000F62C8  __indefinite
 0002:000F62CC  __tiny_ldble
 0002:000F62D8  ___ieee_64_p_inf
 0002:000F62E0  ___ieee_64_n_inf
 0002:000F62E8  ___ieee_64_p_nanq
 0002:000F62F0  ___ieee_64_n_nanq
 0002:000F62F8  ___ieee_64_p_nans
 0002:000F6300  ___ieee_64_n_nans
 0002:000F6308  ___ieee_64_p_zero
 0002:000F6310  ___ieee_64_n_zero
 0002:000F6318  __turboFloat
 0002:000F6318  d3524_0
 0002:000F631C  __floatconvert
 0002:000F6320  d3538_1
 0002:000F632C  d3540_1
 0002:000F633C  d3562_1
 0002:000F633C  __pmatherr
 0002:000F6340  __pmatherrl
 0002:000F6344  __mathwhy
 0002:000F6344  d3566_0
 0002:000F6388  d3576_1
 0002:000F63A4  d3588_1
 0002:000F63AC  d3590_1
 0002:000F63C0  d3592_1
 0002:000F63E8  d3599_1
 0002:000F6410  d3601_1
 0002:000F6438  d3603_1
 0002:000F6444  d3611_1
 0002:000F6454  __kalpha
 0002:000F6454  d3659_1
 0002:000F6456  __kpunct
 0002:000F649C  d3795_1
 0002:000F64C0  d3809_1
 0002:000F64E4  _errno
 0002:000F64E4  d3811_1
 0002:000F64E8  d3813_1
 0002:000F64E8  __messagefunc
 0002:000F64EC  __messagefile
 0002:000F64F8  d3821_1
 0002:000F6520  d3823_1
 0002:000F6540  d3840_1
 0002:000F6560  d3842_0
 0002:000F6560  ___pCallAtExitProcs
 0002:000F6564  d3878_1
 0002:000F6564  __exitbuf
 0002:000F6568  __exitfopen
 0002:000F656C  __exitopen
 0002:000F6570  d3898_0
 0002:000F6570  __setargv_ptr
 0002:000F6574  __exitargv_ptr
 0002:000F6578  d3900_0
 0002:000F6578  __wsetargv_ptr
 0002:000F657C  __wexitargv_ptr
 0002:000F6580  d3902_1
 0002:000F6580  __setargv__
 0002:000F65D4  d3904_1
 0002:000F65D4  __cmdline_escapes
 0002:000F65FC  d3906_1
 0002:000F6620  d3959_0
 0002:000F6620  __argv_expand_ptr
 0002:000F6624  __wargv_expand_ptr
 0002:000F6624  d3961_0
 0002:000F6628  __argv0
 0002:000F6628  d3963_1
 0002:000F6648  __setenvp__
 0002:000F6648  d3977_1
 0002:000F669C  d3981_1
 0002:000F66FC  d3999_0
 0002:000F66FC  __isWindows
 0002:000F6700  d4001_1
 0002:000F6704  d4031_0
 0002:000F6704  __SWeekday
 0002:000F6720  __LWeekday
 0002:000F673C  __SMonth
 0002:000F676C  __LMonth
 0002:000F679C  __AmPm
 0002:000F67A4  __Days
 0002:000F67B0  __YDays
 0002:000F68C8  __timezone
 0002:000F68C8  d4037_1
 0002:000F68CC  __daylight
 0002:000F68D0  __tzname
 0002:000F68D0  d4039_1
 0002:000F68E0  d4095_1
 0002:000F68E0  ___debuggerDisableTerminateCallback
 0002:000F71CC  _GUID_NULL
 0002:000F71CC  d4251_0
 0002:000F71DC  _IID_IUnknown
 0002:000F71EC  _IID_IRichEditOleCallback
 0002:000F71FC  _IID_IEnumVARIANT
 0002:000F720C  _IID_IDispatch
 0002:000F721C  _IID_IDataObject
 0002:000F722C  _IID_IPersistStreamInit
 0002:000F723C  _IID_IOleControlSite
 0002:000F724C  _IID_IProvideClassInfo2
 0002:000F725C  _IID_IProvideClassInfo
 0002:000F726C  _IID_IClassFactory2
 0002:000F727C  _IID_IConnectionPointContainer
 0002:000F728C  _IID_IOleInPlaceSite
 0002:000F729C  _IID_IOleInPlaceObject
 0002:000F72AC  _IID_IOleInPlaceFrame
 0002:000F72BC  _IID_IOleInPlaceUIWindow
 0002:000F72CC  _IID_IOleWindow
 0002:000F72DC  _IID_IOleObject
 0002:000F72EC  _IID_IOleClientSite
 0003:00000000  b2_2
 0003:00000018  b3_2
 0003:00000030  b30_2
 0003:00000048  b32_2
 0003:00000060  b34_2
 0003:00000078  b38_2
 0003:00000090  b44_2
 0003:000000A8  b48_2
 0003:000000C0  b52_2
 0003:000000D8  b54_2
 0003:000000F0  b58_2
 0003:00000108  b60_2
 0003:00000120  b62_2
 0003:00000138  b64_2
 0003:00000150  b68_2
 0003:00000168  b72_2
 0003:00000180  b74_2
 0003:00000198  b94_2
 0003:000001B0  b98_2
 0003:000001C8  b100_2
 0003:000001E0  b104_2
 0003:000001F8  b110_2
 0003:00000210  b114_2
 0003:00000228  b116_2
 0003:00000240  b118_2
 0003:00000258  b124_2
 0003:00000270  b128_2
 0003:00000288  b130_2
 0003:000002A0  b136_2
 0003:000002B8  b138_2
 0003:000002D0  b140_2
 0003:000002E8  b142_2
 0003:00000300  b144_2
 0003:00000318  b146_2
 0003:00000330  _pHTMLHELP
 0003:00000334  b150_2
 0003:0000034C  b156_2
 0003:00000364  b158_2
 0003:0000037C  b162_2
 0003:00000394  b164_2
 0003:000003AC  b174_2
 0003:000003C4  b176_2
 0003:000003DC  b178_2
 0003:000003F4  b182_2
 0003:0000040C  b186_2
 0003:00000424  b188_2
 0003:0000043C  b194_2
 0003:00000454  b200_2
 0003:0000046C  b212_2
 0003:00000484  b226_2
 0003:0000049C  b234_2
 0003:000004B4  b236_2
 0003:000004CC  b238_2
 0003:000004E4  b240_2
 0003:000004FC  b242_2
 0003:00000514  _fp
 0003:00000518  _nDocLen
 0003:0000051C  b244_2
 0003:00000534  b246_2
 0003:0000054C  b250_2
 0003:00000564  b252_2
 0003:0000057C  b254_2
 0003:00000594  b256_2
 0003:000005AC  b258_2
 0003:000005C4  b260_2
 0003:000005DC  b262_2
 0003:000005F4  b264_2
 0003:0000060C  b266_2
 0003:00000624  b270_2
 0003:0000063C  b272_2
 0003:00000654  b274_2
 0003:0000066C  b282_2
 0003:00000684  b296_2
 0003:0000069C  b302_2
 0003:000006B4  b314_2
 0003:000006CC  b368_2
 0003:000006E4  b378_2
 0003:000006FC  b384_2
 0003:00000714  b388_2
 0003:0000072C  b400_2
 0003:00000744  b402_2
 0003:0000075C  b410_2
 0003:00000774  b416_2
 0003:0000078C  b430_2
 0003:000007A4  b432_2
 0003:000007BC  b442_2
 0003:000007D4  b444_2
 0003:000007EC  b446_2
 0003:00000804  b456_2
 0003:0000081C  b484_2
 0003:00000834  b486_2
 0003:0000084C  b492_2
 0003:00000864  b496_2
 0003:0000087C  b504_2
 0003:00000894  b506_2
 0003:000008AC  b530_2
 0003:000009B4  b546_2
 0003:00002124  b548_2
 0003:000022B4  b586_2
 0003:00002310  b588_2
 0003:00002414  b592_2
 0003:0000246C  b690_2
 0003:00002514  b712_2
 0003:00002518  b728_2
 0003:000025B8  b764_1
 0003:00002630  b786_2
 0003:00002770  b808_2
 0003:00002778  b818_2
 0003:000027BC  b840_2
 0003:000027D4  b898_2
 0003:000027D4  _fnIsWow64Process
 0003:000027D8  b942_2
 0003:000027DC  b958_2
 0003:000027F4  b970_2
 0003:00002874  b978_2
 0003:00002A8C  b1002_1
 0003:00002A94  b1040_2
 0003:00002BA0  b1074_2
 0003:00002DA0  b1155_1
 0003:00002DA4  b1216_2
 0003:00002DA8  b1235_2
 0003:00002DC0  b1275_2
 0003:00002DD8  b1281_2
 0003:00002DF0  b1315_2
 0003:00002E08  b1319_2
 0003:00002E20  b1329_2
 0003:00002E38  b1333_2
 0003:00002E50  b1341_2
 0003:00002E68  b1355_2
 0003:00002E80  b1359_2
 0003:00002EF0  b1395_2
 0003:00004A24  b1401_2
 0003:00004BB4  b1415_2
 0003:00004BCC  b1429_2
 0003:00004ECC  b1549_2
 0003:00004F20  b1557_2
 0003:00004FE8  _yyleng
 0003:00004FF4  _yyin
 0003:00009A00  b1583_2
 0003:00009BA8  b1629_2
 0003:00009BC0  b1633_2
 0003:00009BD8  b1899_2
 0003:00009D84  b1901_2
 0003:00009F2C  std::_Ios_init
 0003:00009F2C  b2337_2
 0003:00009F34  std::_Wios_init
 0003:00009FEC  std::cin
 0003:0000A03C  std::cout
 0003:0000A0DC  std::cerr
 0003:0000A124  std::clog
 0003:0000A170  std::fpos<int>::_Stz
 0003:0000A174  b2341_2
 0003:0000A17C  b2343_2
 0003:0000A18C  b2351_2
 0003:0000A190  b2369_2
 0003:0000A298  std::wcin
 0003:0000A2E8  std::wcout
 0003:0000A330  std::wcerr
 0003:0000A378  std::wclog
 0003:0000A3C4  b2381_2
 0003:0000A3CC  __bormm_pfn_FreeMem
 0003:0000A3CC  b2525_2
 0003:0000A3D0  __bormm_pfn_GetMem
 0003:0000A3D4  __bormm_pfn_ReallocMem
 0003:0000A3D8  __bormm_pfn_HeapAddRef
 0003:0000A3DC  __bormm_pfn_HeapRelease
 0003:0000A3E4  __borlndmm_GetMem
 0003:0000A3E8  b2685_2
 0003:0000A48C  b2759_2
 0003:0000A894  __DestructorCountPtr
 0003:0000A894  b2763_2
 0003:0000A89C  b2769_2
 0003:0000A89C  __HandlerPtr
 0003:0000A8A0  __UserHandlerPtr
 0003:0000A8A4  b2957_1
 0003:0000A8A4  __pidtab
 0003:0000A96C  __handles
 0003:0000AA34  __doserrno
 0003:0000AA34  b3034_2
 0003:0000AA38  b3040_1
 0003:0000AA3C  b3042_1
 0003:0000AA40  __tmpnum
 0003:0000AA40  b3057_2
 0003:0000AA50  b3659_2
 0003:0000AA50  __mbctype
 0003:0000AB54  __mbcsCodePage
 0003:0000AB58  b3795_2
 0003:0000AC58  b3809_2
 0003:0000AC74  b3821_2
 0003:0000AC74  __ostype
 0003:0000AC78  b3825_1
 0003:0000AC80  __argv
 0003:0000AC80  b3902_2
 0003:0000AC8C  b3904_2
 0003:0000AC90  b3906_2
 0003:0000AC94  b3977_2
 0003:0000AC94  __environ
 0003:0000AC9C  __envsize
 0003:0000ACA0  __env_lock
 0003:0000ACA4  b3999_1
 0003:0000ACA4  __C0argc
 0003:0000ACA8  __C0argv
 0003:0000ACAC  __C0environ
 0003:0000ACB0  __oscmd
 0003:0000ACB4  __osenv
 0003:0000ACB8  __argc
 0003:0000ACBC  __dll_table
 0003:0000ACC4  __ExcRegPtr
 0003:0000ACC8  __wosenv
 0003:0000ACCC  __woscmd
 0003:0000ACD0  __wC0argv
 0003:0000ACD4  __wC0environ
 0003:0000ACD8  __exe_table
 0003:0000ACE0  __stkbase
 0003:0000ACE4  b4025_1
 0003:0000AD08  b4039_2
 0003:0000AD10  b4095_2
 0003:0000AD14  ___pCPPdebugHook
 0004:00000000  t2763_3
 0004:00000000  ___xxInfo
