
 Start Length Name Class
 0001:00401000 00010B844H _TEXT                  CODE
 0002:0050D000 0000E15D4H _DATA                  DATA
 0003:005EE5D4 00000AC78H _BSS                   BSS
 0004:00000000 00000009CH _TLS                   TLS


Detailed map of segments
 0001:00000374 0000014F C=CODE    S=_TEXT    G=(none)   M=D:\PROGRAMA\BCC\LIB\C0W32.OBJ ACBP=A9
 0001:000004C4 00000075 C=CODE    S=_TEXT    G=(none)   M=D:\DISMEMBRADOR\OBJ\DISMEMBRADOR.OBJ ACBP=A9
 0001:0000053C 0000011D C=CODE    S=_TEXT    G=(none)   M=D:\PROGRAMA\FWH\LIB\FIVEHX.LIB|ACTIVEX ACBP=A9
 0001:0000065C 0000008D C=CODE    S=_TEXT    G=(none)   M=D:\PROGRAMA\FWH\LIB\FIVEHX.LIB|ALERT ACBP=A9
 0001:000006EC 00000270 C=CODE    S=_TEXT    G=(none)   M=D:\PROGRAMA\FWH\LIB\FIVEHX.LIB|BAR ACBP=A9
 0001:0000095C 00000378 C=CODE    S=_TEXT    G=(none)   M=D:\PROGRAMA\FWH\LIB\FIVEHX.LIB|BITMAP ACBP=A9
 0001:00000CD4 00000210 C=CODE    S=_TEXT    G=(none)   M=D:\PROGRAMA\FWH\LIB\FIVEHX.LIB|BRUSH ACBP=A9
 0001:00000EE4 000002E8 C=CODE    S=_TEXT    G=(none)   M=D:\PROGRAMA\FWH\LIB\FIVEHX.LIB|BTNBMP ACBP=A9
 0001:000011CC 0000017D C=CODE    S=_TEXT    G=(none)   M=D:\PROGRAMA\FWH\LIB\FIVEHX.LIB|BUTTON ACBP=A9
 0001:0000134C 00000105 C=CODE    S=_TEXT    G=(none)   M=D:\PROGRAMA\FWH\LIB\FIVEHX.LIB|BUTTONB ACBP=A9
 0001:00001454 0000016B C=CODE    S=_TEXT    G=(none)   M=D:\PROGRAMA\FWH\LIB\FIVEHX.LIB|CHECKRES ACBP=A9
 0001:000015C0 00000360 C=CODE    S=_TEXT    G=(none)   M=D:\PROGRAMA\FWH\LIB\FIVEHX.LIB|C5LIB ACBP=A9
 0001:00001920 000003C8 C=CODE    S=_TEXT    G=(none)   M=D:\PROGRAMA\FWH\LIB\FIVEHX.LIB|C5TOOLTP ACBP=A9
 0001:00001CE8 00000135 C=CODE    S=_TEXT    G=(none)   M=D:\PROGRAMA\FWH\LIB\FIVEHX.LIB|CLIPBRD ACBP=A9
 0001:00001E20 000002E8 C=CODE    S=_TEXT    G=(none)   M=D:\PROGRAMA\FWH\LIB\FIVEHX.LIB|COMBOBOX ACBP=A9
 0001:00002108 00000480 C=CODE    S=_TEXT    G=(none)   M=D:\PROGRAMA\FWH\LIB\FIVEHX.LIB|CONTROL ACBP=A9
 0001:00002588 000000A5 C=CODE    S=_TEXT    G=(none)   M=D:\PROGRAMA\FWH\LIB\FIVEHX.LIB|CURSOR ACBP=A9
 0001:00002630 000000ED C=CODE    S=_TEXT    G=(none)   M=D:\PROGRAMA\FWH\LIB\FIVEHX.LIB|DDE ACBP=A9
 0001:00002720 00000330 C=CODE    S=_TEXT    G=(none)   M=D:\PROGRAMA\FWH\LIB\FIVEHX.LIB|DIALOG ACBP=A9
 0001:00002A50 000000A5 C=CODE    S=_TEXT    G=(none)   M=D:\PROGRAMA\FWH\LIB\FIVEHX.LIB|DLGFIND ACBP=A9
 0001:00002AF8 0000008D C=CODE    S=_TEXT    G=(none)   M=D:\PROGRAMA\FWH\LIB\FIVEHX.LIB|DRAWBMP ACBP=A9
 0001:00002B88 0000014D C=CODE    S=_TEXT    G=(none)   M=D:\PROGRAMA\FWH\LIB\FIVEHX.LIB|ERRSYSW ACBP=A9
 0001:00002CD8 00000B10 C=CODE    S=_TEXT    G=(none)   M=D:\PROGRAMA\FWH\LIB\FIVEHX.LIB|FGET ACBP=A9
 0001:000037E8 00000255 C=CODE    S=_TEXT    G=(none)   M=D:\PROGRAMA\FWH\LIB\FIVEHX.LIB|FILENAME ACBP=A9
 0001:00003A40 000000A5 C=CODE    S=_TEXT    G=(none)   M=D:\PROGRAMA\FWH\LIB\FIVEHX.LIB|FLINE ACBP=A9
 0001:00003AE8 00000270 C=CODE    S=_TEXT    G=(none)   M=D:\PROGRAMA\FWH\LIB\FIVEHX.LIB|FONT ACBP=A9
 0001:00003D58 0000008D C=CODE    S=_TEXT    G=(none)   M=D:\PROGRAMA\FWH\LIB\FIVEHX.LIB|FWDECODE ACBP=A9
 0001:00003DE8 00000075 C=CODE    S=_TEXT    G=(none)   M=D:\PROGRAMA\FWH\LIB\FIVEHX.LIB|FWERROR ACBP=A9
 0001:00003E60 00000159 C=CODE    S=_TEXT    G=(none)   M=D:\PROGRAMA\FWH\LIB\FIVEHX.LIB|GETTASKS ACBP=A9
 0001:00003FBC 000001AD C=CODE    S=_TEXT    G=(none)   M=D:\PROGRAMA\FWH\LIB\FIVEHX.LIB|GETSYSIN ACBP=A9
 0001:0000416C 000000ED C=CODE    S=_TEXT    G=(none)   M=D:\PROGRAMA\FWH\LIB\FIVEHX.LIB|GTF ACBP=A9
 0001:0000425C 00000495 C=CODE    S=_TEXT    G=(none)   M=D:\PROGRAMA\FWH\LIB\FIVEHX.LIB|HARBOUR ACBP=A9
 0001:000046F4 00000135 C=CODE    S=_TEXT    G=(none)   M=D:\PROGRAMA\FWH\LIB\FIVEHX.LIB|HELP32 ACBP=A9
 0001:0000482C 0000038C C=CODE    S=_TEXT    G=(none)   M=D:\PROGRAMA\FWH\LIB\FIVEHX.LIB|HELPCHM ACBP=A9
 0001:00004BB8 00000135 C=CODE    S=_TEXT    G=(none)   M=D:\PROGRAMA\FWH\LIB\FIVEHX.LIB|ICON ACBP=A9
 0001:00004CF0 000003A5 C=CODE    S=_TEXT    G=(none)   M=D:\PROGRAMA\FWH\LIB\FIVEHX.LIB|IMAGE ACBP=A9
 0001:00005098 000000ED C=CODE    S=_TEXT    G=(none)   M=D:\PROGRAMA\FWH\LIB\FIVEHX.LIB|INI ACBP=A9
 0001:00005188 00000288 C=CODE    S=_TEXT    G=(none)   M=D:\PROGRAMA\FWH\LIB\FIVEHX.LIB|LISTBOX ACBP=A9
 0001:00005410 0000011D C=CODE    S=_TEXT    G=(none)   M=D:\PROGRAMA\FWH\LIB\FIVEHX.LIB|LONGNAM2 ACBP=A9
 0001:00005530 00000138 C=CODE    S=_TEXT    G=(none)   M=D:\PROGRAMA\FWH\LIB\FIVEHX.LIB|MDICHILD ACBP=A9
 0001:00005668 00000135 C=CODE    S=_TEXT    G=(none)   M=D:\PROGRAMA\FWH\LIB\FIVEHX.LIB|MDICLIEN ACBP=A9
 0001:000057A0 0000011D C=CODE    S=_TEXT    G=(none)   M=D:\PROGRAMA\FWH\LIB\FIVEHX.LIB|MDIFRAME ACBP=A9
 0001:000058C0 00000075 C=CODE    S=_TEXT    G=(none)   M=D:\PROGRAMA\FWH\LIB\FIVEHX.LIB|MEMOEDIT ACBP=A9
 0001:00005938 00000348 C=CODE    S=_TEXT    G=(none)   M=D:\PROGRAMA\FWH\LIB\FIVEHX.LIB|MENU ACBP=A9
 0001:00005C80 0000017D C=CODE    S=_TEXT    G=(none)   M=D:\PROGRAMA\FWH\LIB\FIVEHX.LIB|MENUITEM ACBP=A9
 0001:00005E00 00000330 C=CODE    S=_TEXT    G=(none)   M=D:\PROGRAMA\FWH\LIB\FIVEHX.LIB|MGET ACBP=A9
 0001:00006130 000002E8 C=CODE    S=_TEXT    G=(none)   M=D:\PROGRAMA\FWH\LIB\FIVEHX.LIB|MSGBAR ACBP=A9
 0001:00006418 000000A5 C=CODE    S=_TEXT    G=(none)   M=D:\PROGRAMA\FWH\LIB\FIVEHX.LIB|MSGRUN ACBP=A9
 0001:000064C0 00000135 C=CODE    S=_TEXT    G=(none)   M=D:\PROGRAMA\FWH\LIB\FIVEHX.LIB|OLEFUNCS ACBP=A9
 0001:000065F8 000000D5 C=CODE    S=_TEXT    G=(none)   M=D:\PROGRAMA\FWH\LIB\FIVEHX.LIB|PDMENU ACBP=A9
 0001:000066D0 000000BD C=CODE    S=_TEXT    G=(none)   M=D:\PROGRAMA\FWH\LIB\FIVEHX.LIB|PDREPORT ACBP=A9
 0001:00006790 0000008D C=CODE    S=_TEXT    G=(none)   M=D:\PROGRAMA\FWH\LIB\FIVEHX.LIB|PEN ACBP=A9
 0001:00006820 00000318 C=CODE    S=_TEXT    G=(none)   M=D:\PROGRAMA\FWH\LIB\FIVEHX.LIB|PRINTER ACBP=A9
 0001:00006B38 0000059D C=CODE    S=_TEXT    G=(none)   M=D:\PROGRAMA\FWH\LIB\FIVEHX.LIB|PRV2PDF ACBP=A9
 0001:000070D8 00000195 C=CODE    S=_TEXT    G=(none)   M=D:\PROGRAMA\FWH\LIB\FIVEHX.LIB|RADIO ACBP=A9
 0001:00007270 00000165 C=CODE    S=_TEXT    G=(none)   M=D:\PROGRAMA\FWH\LIB\FIVEHX.LIB|RADMENU ACBP=A9
 0001:000073D8 00000135 C=CODE    S=_TEXT    G=(none)   M=D:\PROGRAMA\FWH\LIB\FIVEHX.LIB|RCOLUMN ACBP=A9
 0001:00007510 000000A5 C=CODE    S=_TEXT    G=(none)   M=D:\PROGRAMA\FWH\LIB\FIVEHX.LIB|REBAR ACBP=A9
 0001:000075B8 000000BD C=CODE    S=_TEXT    G=(none)   M=D:\PROGRAMA\FWH\LIB\FIVEHX.LIB|RFILE ACBP=A9
 0001:00007678 00000105 C=CODE    S=_TEXT    G=(none)   M=D:\PROGRAMA\FWH\LIB\FIVEHX.LIB|RGROUP ACBP=A9
 0001:00007780 00000105 C=CODE    S=_TEXT    G=(none)   M=D:\PROGRAMA\FWH\LIB\FIVEHX.LIB|RLINE ACBP=A9
 0001:00007888 000000D5 C=CODE    S=_TEXT    G=(none)   M=D:\PROGRAMA\FWH\LIB\FIVEHX.LIB|RECT ACBP=A9
 0001:00007960 000000ED C=CODE    S=_TEXT    G=(none)   M=D:\PROGRAMA\FWH\LIB\FIVEHX.LIB|REG32 ACBP=A9
 0001:00007A50 00000348 C=CODE    S=_TEXT    G=(none)   M=D:\PROGRAMA\FWH\LIB\FIVEHX.LIB|REPORT ACBP=A9
 0001:00007D98 00000360 C=CODE    S=_TEXT    G=(none)   M=D:\PROGRAMA\FWH\LIB\FIVEHX.LIB|RPREVIEW ACBP=A9
 0001:000080F8 00000165 C=CODE    S=_TEXT    G=(none)   M=D:\PROGRAMA\FWH\LIB\FIVEHX.LIB|SAY ACBP=A9
 0001:00008260 00000869 C=CODE    S=_TEXT    G=(none)   M=D:\PROGRAMA\FWH\LIB\FIVEHX.LIB|SCINTILA ACBP=A9
 0001:00008ACC 0000011D C=CODE    S=_TEXT    G=(none)   M=D:\PROGRAMA\FWH\LIB\FIVEHX.LIB|SCRLLBAR ACBP=A9
 0001:00008BEC 000000ED C=CODE    S=_TEXT    G=(none)   M=D:\PROGRAMA\FWH\LIB\FIVEHX.LIB|SHELLAPI ACBP=A9
 0001:00008CDC 0000017D C=CODE    S=_TEXT    G=(none)   M=D:\PROGRAMA\FWH\LIB\FIVEHX.LIB|STATUSBA ACBP=A9
 0001:00008E5C 000000ED C=CODE    S=_TEXT    G=(none)   M=D:\PROGRAMA\FWH\LIB\FIVEHX.LIB|TACCTBL ACBP=A9
 0001:00008F4C 0000008D C=CODE    S=_TEXT    G=(none)   M=D:\PROGRAMA\FWH\LIB\FIVEHX.LIB|TCLIPGET ACBP=A9
 0001:00008FDC 000004B0 C=CODE    S=_TEXT    G=(none)   M=D:\PROGRAMA\FWH\LIB\FIVEHX.LIB|TGET ACBP=A9
 0001:0000948C 0000014D C=CODE    S=_TEXT    G=(none)   M=D:\PROGRAMA\FWH\LIB\FIVEHX.LIB|TOOLBAR ACBP=A9
 0001:000095DC 000000D5 C=CODE    S=_TEXT    G=(none)   M=D:\PROGRAMA\FWH\LIB\FIVEHX.LIB|TIMAGLST ACBP=A9
 0001:000096B4 000000D5 C=CODE    S=_TEXT    G=(none)   M=D:\PROGRAMA\FWH\LIB\FIVEHX.LIB|TIMER ACBP=A9
 0001:0000978C 000000A5 C=CODE    S=_TEXT    G=(none)   M=D:\PROGRAMA\FWH\LIB\FIVEHX.LIB|TMAIL ACBP=A9
 0001:00009834 000001DD C=CODE    S=_TEXT    G=(none)   M=D:\PROGRAMA\FWH\LIB\FIVEHX.LIB|TMETAFIL ACBP=A9
 0001:00009A14 00000165 C=CODE    S=_TEXT    G=(none)   M=D:\PROGRAMA\FWH\LIB\FIVEHX.LIB|TMSGITEM ACBP=A9
 0001:00009B7C 000005A0 C=CODE    S=_TEXT    G=(none)   M=D:\PROGRAMA\FWH\LIB\FIVEHX.LIB|TRICHEDI ACBP=A9
 0001:0000A11C 00000105 C=CODE    S=_TEXT    G=(none)   M=D:\PROGRAMA\FWH\LIB\FIVEHX.LIB|TSTRUCT ACBP=A9
 0001:0000A224 0000014D C=CODE    S=_TEXT    G=(none)   M=D:\PROGRAMA\FWH\LIB\FIVEHX.LIB|VALBLANK ACBP=A9
 0001:0000A374 000001F5 C=CODE    S=_TEXT    G=(none)   M=D:\PROGRAMA\FWH\LIB\FIVEHX.LIB|VALTOSTR ACBP=A9
 0001:0000A56C 00000AE0 C=CODE    S=_TEXT    G=(none)   M=D:\PROGRAMA\FWH\LIB\FIVEHX.LIB|WINDOW ACBP=A9
 0001:0000B04C 0000005D C=CODE    S=_TEXT    G=(none)   M=D:\PROGRAMA\FWH\LIB\FIVEHX.LIB|WQOUT ACBP=A9
 0001:0000B0AC 000000A5 C=CODE    S=_TEXT    G=(none)   M=D:\PROGRAMA\FWH\LIB\FIVEHX.LIB|XPAD ACBP=A9
 0001:0000B154 0000007D C=CODE    S=_TEXT    G=(none)   M=D:\PROGRAMA\FWH\LIB\FIVEHC.LIB|__WNDPRO ACBP=A9
 0001:0000B1D4 00000157 C=CODE    S=_TEXT    G=(none)   M=D:\PROGRAMA\FWH\LIB\FIVEHC.LIB|BMPREAD ACBP=A9
 0001:0000B32C 00002B0C C=CODE    S=_TEXT    G=(none)   M=D:\PROGRAMA\FWH\LIB\FIVEHC.LIB|CTLHDLEH ACBP=A9
 0001:0000DE38 0000018F C=CODE    S=_TEXT    G=(none)   M=D:\PROGRAMA\FWH\LIB\FIVEHC.LIB|FFDLGPRC ACBP=A9
 0001:0000DFC8 0000010C C=CODE    S=_TEXT    G=(none)   M=D:\PROGRAMA\FWH\LIB\FIVEHC.LIB|FFWNDRUN ACBP=A9
 0001:0000E0D4 000001D1 C=CODE    S=_TEXT    G=(none)   M=D:\PROGRAMA\FWH\LIB\FIVEHC.LIB|HARBOURC ACBP=A9
 0001:0000E2A8 000000D3 C=CODE    S=_TEXT    G=(none)   M=D:\PROGRAMA\FWH\LIB\FIVEHC.LIB|REBARS ACBP=A9
 0001:0000E37C 0000014D C=CODE    S=_TEXT    G=(none)   M=D:\PROGRAMA\FWH\LIB\FIVEHC.LIB|SYSREFRE ACBP=A9
 0001:0000E4CC 000003B6 C=CODE    S=_TEXT    G=(none)   M=D:\PROGRAMA\FWH\LIB\FIVEHC.LIB|TOOLBARS ACBP=A9
 0001:0000E884 0000012C C=CODE    S=_TEXT    G=(none)   M=D:\PROGRAMA\FWH\LIB\FIVEHC.LIB|TOOLTIP ACBP=A9
 0001:0000E9B0 0000020C C=CODE    S=_TEXT    G=(none)   M=D:\PROGRAMA\FWH\LIB\FIVEHC.LIB|WNDRUN ACBP=A9
 0001:0000EBBC 000005BA C=CODE    S=_TEXT    G=(none)   M=D:\PROGRAMA\FWH\LIB\FIVEHC.LIB|DLGBOX ACBP=A9
 0001:0000F178 0000005D C=CODE    S=_TEXT    G=(none)   M=D:\PROGRAMA\FWH\LIB\FIVEHC.LIB|XPROC ACBP=A9
 0001:0000F1D8 00001700 C=CODE    S=_TEXT    G=(none)   M=D:\PROGRAMA\FWH\LIB\FIVEHC.LIB|ACTX ACBP=A9
 0001:000108D8 000000D7 C=CODE    S=_TEXT    G=(none)   M=D:\PROGRAMA\FWH\LIB\FIVEHC.LIB|AAT ACBP=A9
 0001:000109B0 000001B4 C=CODE    S=_TEXT    G=(none)   M=D:\PROGRAMA\FWH\LIB\FIVEHC.LIB|ACCELERA ACBP=A9
 0001:00010B64 000000F4 C=CODE    S=_TEXT    G=(none)   M=D:\PROGRAMA\FWH\LIB\FIVEHC.LIB|ANSIUP ACBP=A9
 0001:00010C58 00000071 C=CODE    S=_TEXT    G=(none)   M=D:\PROGRAMA\FWH\LIB\FIVEHC.LIB|ATOM ACBP=A9
 0001:00010CCC 00000391 C=CODE    S=_TEXT    G=(none)   M=D:\PROGRAMA\FWH\LIB\FIVEHC.LIB|BARTOOLS ACBP=A9
 0001:00011060 0000012F C=CODE    S=_TEXT    G=(none)   M=D:\PROGRAMA\FWH\LIB\FIVEHC.LIB|BITMAPS ACBP=A9
 0001:00011190 00000E5C C=CODE    S=_TEXT    G=(none)   M=D:\PROGRAMA\FWH\LIB\FIVEHC.LIB|BMPDRAW ACBP=A9
 0001:00011FEC 00002325 C=CODE    S=_TEXT    G=(none)   M=D:\PROGRAMA\FWH\LIB\FIVEHC.LIB|BRUSHES ACBP=A9
 0001:00014314 00004BF3 C=CODE    S=_TEXT    G=(none)   M=D:\PROGRAMA\FWH\LIB\FIVEHC.LIB|C5CNEW ACBP=A9
 0001:00018F08 00000567 C=CODE    S=_TEXT    G=(none)   M=D:\PROGRAMA\FWH\LIB\FIVEHC.LIB|CALLDLL ACBP=A9
 0001:00019470 00000235 C=CODE    S=_TEXT    G=(none)   M=D:\PROGRAMA\FWH\LIB\FIVEHC.LIB|CALDLL32 ACBP=A9
 0001:000196A8 000000B3 C=CODE    S=_TEXT    G=(none)   M=D:\PROGRAMA\FWH\LIB\FIVEHC.LIB|CARET ACBP=A9
 0001:0001975C 00000068 C=CODE    S=_TEXT    G=(none)   M=D:\PROGRAMA\FWH\LIB\FIVEHC.LIB|CHANGEPR ACBP=A9
 0001:000197C4 000001CC C=CODE    S=_TEXT    G=(none)   M=D:\PROGRAMA\FWH\LIB\FIVEHC.LIB|CLPBRD ACBP=A9
 0001:00019990 0000012E C=CODE    S=_TEXT    G=(none)   M=D:\PROGRAMA\FWH\LIB\FIVEHC.LIB|CLRCHOOS ACBP=A9
 0001:00019AC0 00000104 C=CODE    S=_TEXT    G=(none)   M=D:\PROGRAMA\FWH\LIB\FIVEHC.LIB|CLT2SCR ACBP=A9
 0001:00019BC4 00000298 C=CODE    S=_TEXT    G=(none)   M=D:\PROGRAMA\FWH\LIB\FIVEHC.LIB|CODEGTF ACBP=A9
 0001:00019E5C 000000F7 C=CODE    S=_TEXT    G=(none)   M=D:\PROGRAMA\FWH\LIB\FIVEHC.LIB|COLOR ACBP=A9
 0001:00019F54 0000036F C=CODE    S=_TEXT    G=(none)   M=D:\PROGRAMA\FWH\LIB\FIVEHC.LIB|COLORTON ACBP=A9
 0001:0001A2C4 0000002C C=CODE    S=_TEXT    G=(none)   M=D:\PROGRAMA\FWH\LIB\FIVEHC.LIB|CREATEPA ACBP=A9
 0001:0001A2F0 0000002C C=CODE    S=_TEXT    G=(none)   M=D:\PROGRAMA\FWH\LIB\FIVEHC.LIB|CREATEPE ACBP=A9
 0001:0001A31C 00000061 C=CODE    S=_TEXT    G=(none)   M=D:\PROGRAMA\FWH\LIB\FIVEHC.LIB|CREATESO ACBP=A9
 0001:0001A380 000000BF C=CODE    S=_TEXT    G=(none)   M=D:\PROGRAMA\FWH\LIB\FIVEHC.LIB|CREATWND ACBP=A9
 0001:0001A440 000002FE C=CODE    S=_TEXT    G=(none)   M=D:\PROGRAMA\FWH\LIB\FIVEHC.LIB|CTL3D ACBP=A9
 0001:0001A740 00000729 C=CODE    S=_TEXT    G=(none)   M=D:\PROGRAMA\FWH\LIB\FIVEHC.LIB|CTRLDRAW ACBP=A9
 0001:0001AE6C 000001E0 C=CODE    S=_TEXT    G=(none)   M=D:\PROGRAMA\FWH\LIB\FIVEHC.LIB|CTRL2CHR ACBP=A9
 0001:0001B04C 00000A2F C=CODE    S=_TEXT    G=(none)   M=D:\PROGRAMA\FWH\LIB\FIVEHC.LIB|CURSORS ACBP=A9
 0001:0001BA7C 00000750 C=CODE    S=_TEXT    G=(none)   M=D:\PROGRAMA\FWH\LIB\FIVEHC.LIB|DC ACBP=A9
 0001:0001C1CC 0000007A C=CODE    S=_TEXT    G=(none)   M=D:\PROGRAMA\FWH\LIB\FIVEHC.LIB|DDEXC ACBP=A9
 0001:0001C248 00000070 C=CODE    S=_TEXT    G=(none)   M=D:\PROGRAMA\FWH\LIB\FIVEHC.LIB|DELOBJEC ACBP=A9
 0001:0001C2B8 00000219 C=CODE    S=_TEXT    G=(none)   M=D:\PROGRAMA\FWH\LIB\FIVEHC.LIB|DEVICE ACBP=A9
 0001:0001C4D4 00000044 C=CODE    S=_TEXT    G=(none)   M=D:\PROGRAMA\FWH\LIB\FIVEHC.LIB|DESKTOP ACBP=A9
 0001:0001C518 0000053F C=CODE    S=_TEXT    G=(none)   M=D:\PROGRAMA\FWH\LIB\FIVEHC.LIB|DIB ACBP=A9
 0001:0001CA58 000003A1 C=CODE    S=_TEXT    G=(none)   M=D:\PROGRAMA\FWH\LIB\FIVEHC.LIB|DIBBMP ACBP=A9
 0001:0001CDFC 00000220 C=CODE    S=_TEXT    G=(none)   M=D:\PROGRAMA\FWH\LIB\FIVEHC.LIB|DLG2CHR ACBP=A9
 0001:0001D01C 000001CD C=CODE    S=_TEXT    G=(none)   M=D:\PROGRAMA\FWH\LIB\FIVEHC.LIB|DLOGBOX ACBP=A9
 0001:0001D1EC 00000034 C=CODE    S=_TEXT    G=(none)   M=D:\PROGRAMA\FWH\LIB\FIVEHC.LIB|DLL ACBP=A9
 0001:0001D220 000002B5 C=CODE    S=_TEXT    G=(none)   M=D:\PROGRAMA\FWH\LIB\FIVEHC.LIB|DOTS ACBP=A9
 0001:0001D4D8 00000661 C=CODE    S=_TEXT    G=(none)   M=D:\PROGRAMA\FWH\LIB\FIVEHC.LIB|DRAWING ACBP=A9
 0001:0001DB3C 00000103 C=CODE    S=_TEXT    G=(none)   M=D:\PROGRAMA\FWH\LIB\FIVEHC.LIB|DRAWITEM ACBP=A9
 0001:0001DC40 000002FF C=CODE    S=_TEXT    G=(none)   M=D:\PROGRAMA\FWH\LIB\FIVEHC.LIB|DRIVES ACBP=A9
 0001:0001DF40 000000D0 C=CODE    S=_TEXT    G=(none)   M=D:\PROGRAMA\FWH\LIB\FIVEHC.LIB|DROPFILE ACBP=A9
 0001:0001E010 00000244 C=CODE    S=_TEXT    G=(none)   M=D:\PROGRAMA\FWH\LIB\FIVEHC.LIB|FGETCLIP ACBP=A9
 0001:0001E254 00001398 C=CODE    S=_TEXT    G=(none)   M=D:\PROGRAMA\FWH\LIB\FIVEHC.LIB|FGETLINE ACBP=A9
 0001:0001F5EC 000000A9 C=CODE    S=_TEXT    G=(none)   M=D:\PROGRAMA\FWH\LIB\FIVEHC.LIB|FINDTEXT ACBP=A9
 0001:0001F698 000007BB C=CODE    S=_TEXT    G=(none)   M=D:\PROGRAMA\FWH\LIB\FIVEHC.LIB|FONTS ACBP=A9
 0001:0001FE54 000002D1 C=CODE    S=_TEXT    G=(none)   M=D:\PROGRAMA\FWH\LIB\FIVEHC.LIB|FTEXT ACBP=A9
 0001:00020128 00000552 C=CODE    S=_TEXT    G=(none)   M=D:\PROGRAMA\FWH\LIB\FIVEHC.LIB|FWARRAY ACBP=A9
 0001:0002067C 00001336 C=CODE    S=_TEXT    G=(none)   M=D:\PROGRAMA\FWH\LIB\FIVEHC.LIB|FWBMP ACBP=A9
 0001:000219B4 0000051B C=CODE    S=_TEXT    G=(none)   M=D:\PROGRAMA\FWH\LIB\FIVEHC.LIB|FWPALCTL ACBP=A9
 0001:00021ED0 00000B46 C=CODE    S=_TEXT    G=(none)   M=D:\PROGRAMA\FWH\LIB\FIVEHC.LIB|FWPNG ACBP=A9
 0001:00022A18 0000006C C=CODE    S=_TEXT    G=(none)   M=D:\PROGRAMA\FWH\LIB\FIVEHC.LIB|GETDLGIT ACBP=A9
 0001:00022A84 000004C5 C=CODE    S=_TEXT    G=(none)   M=D:\PROGRAMA\FWH\LIB\FIVEHC.LIB|GETFILE ACBP=A9
 0001:00022F4C 000000DE C=CODE    S=_TEXT    G=(none)   M=D:\PROGRAMA\FWH\LIB\FIVEHC.LIB|GETPROCA ACBP=A9
 0001:0002302C 0000005E C=CODE    S=_TEXT    G=(none)   M=D:\PROGRAMA\FWH\LIB\FIVEHC.LIB|GETSTKOB ACBP=A9
 0001:0002308C 000000F4 C=CODE    S=_TEXT    G=(none)   M=D:\PROGRAMA\FWH\LIB\FIVEHC.LIB|GETTEXT ACBP=A9
 0001:00023180 00000100 C=CODE    S=_TEXT    G=(none)   M=D:\PROGRAMA\FWH\LIB\FIVEHC.LIB|GETTEXTW ACBP=A9
 0001:00023280 000000C4 C=CODE    S=_TEXT    G=(none)   M=D:\PROGRAMA\FWH\LIB\FIVEHC.LIB|GETWND ACBP=A9
 0001:00023344 000004AA C=CODE    S=_TEXT    G=(none)   M=D:\PROGRAMA\FWH\LIB\FIVEHC.LIB|HANDLIST ACBP=A9
 0001:000237F0 00000270 C=CODE    S=_TEXT    G=(none)   M=D:\PROGRAMA\FWH\LIB\FIVEHC.LIB|HELP ACBP=A9
 0001:00023A60 000000B8 C=CODE    S=_TEXT    G=(none)   M=D:\PROGRAMA\FWH\LIB\FIVEHC.LIB|HILOWORD ACBP=A9
 0001:00023B18 00000615 C=CODE    S=_TEXT    G=(none)   M=D:\PROGRAMA\FWH\LIB\FIVEHC.LIB|ICONS ACBP=A9
 0001:00024130 000001FF C=CODE    S=_TEXT    G=(none)   M=D:\PROGRAMA\FWH\LIB\FIVEHC.LIB|IMAGELIS ACBP=A9
 0001:00024330 00000119 C=CODE    S=_TEXT    G=(none)   M=D:\PROGRAMA\FWH\LIB\FIVEHC.LIB|INSTANCE ACBP=A9
 0001:0002444C 000001B0 C=CODE    S=_TEXT    G=(none)   M=D:\PROGRAMA\FWH\LIB\FIVEHC.LIB|KEYBRD ACBP=A9
 0001:000245FC 0000011F C=CODE    S=_TEXT    G=(none)   M=D:\PROGRAMA\FWH\LIB\FIVEHC.LIB|LBX ACBP=A9
 0001:0002471C 0000008D C=CODE    S=_TEXT    G=(none)   M=D:\PROGRAMA\FWH\LIB\FIVEHC.LIB|LOADBMP ACBP=A9
 0001:000247AC 00000034 C=CODE    S=_TEXT    G=(none)   M=D:\PROGRAMA\FWH\LIB\FIVEHC.LIB|MAKELONG ACBP=A9
 0001:000247E0 00000F15 C=CODE    S=_TEXT    G=(none)   M=D:\PROGRAMA\FWH\LIB\FIVEHC.LIB|MAPI ACBP=A9
 0001:000256F8 000001D5 C=CODE    S=_TEXT    G=(none)   M=D:\PROGRAMA\FWH\LIB\FIVEHC.LIB|MDI ACBP=A9
 0001:000258D0 000001E8 C=CODE    S=_TEXT    G=(none)   M=D:\PROGRAMA\FWH\LIB\FIVEHC.LIB|MEM ACBP=A9
 0001:00025AB8 0000072C C=CODE    S=_TEXT    G=(none)   M=D:\PROGRAMA\FWH\LIB\FIVEHC.LIB|MENUS ACBP=A9
 0001:000261E4 0000032C C=CODE    S=_TEXT    G=(none)   M=D:\PROGRAMA\FWH\LIB\FIVEHC.LIB|METAFILE ACBP=A9
 0001:00026510 00000222 C=CODE    S=_TEXT    G=(none)   M=D:\PROGRAMA\FWH\LIB\FIVEHC.LIB|METAFI32 ACBP=A9
 0001:00026734 000000A1 C=CODE    S=_TEXT    G=(none)   M=D:\PROGRAMA\FWH\LIB\FIVEHC.LIB|MGETCREA ACBP=A9
 0001:000267D8 000000A3 C=CODE    S=_TEXT    G=(none)   M=D:\PROGRAMA\FWH\LIB\FIVEHC.LIB|MKDIR ACBP=A9
 0001:0002687C 0000006A C=CODE    S=_TEXT    G=(none)   M=D:\PROGRAMA\FWH\LIB\FIVEHC.LIB|MOVETO ACBP=A9
 0001:000268E8 0000001F C=CODE    S=_TEXT    G=(none)   M=D:\PROGRAMA\FWH\LIB\FIVEHC.LIB|MSGBEEP ACBP=A9
 0001:00026908 000008EA C=CODE    S=_TEXT    G=(none)   M=D:\PROGRAMA\FWH\LIB\FIVEHC.LIB|MSGS ACBP=A9
 0001:000271F4 00000143 C=CODE    S=_TEXT    G=(none)   M=D:\PROGRAMA\FWH\LIB\FIVEHC.LIB|MSGSAPI ACBP=A9
 0001:00027338 00000403 C=CODE    S=_TEXT    G=(none)   M=D:\PROGRAMA\FWH\LIB\FIVEHC.LIB|MSGTOOLS ACBP=A9
 0001:0002773C 00000041 C=CODE    S=_TEXT    G=(none)   M=D:\PROGRAMA\FWH\LIB\FIVEHC.LIB|NOTIFY ACBP=A9
 0001:00027780 000001BD C=CODE    S=_TEXT    G=(none)   M=D:\PROGRAMA\FWH\LIB\FIVEHC.LIB|OEMANSI ACBP=A9
 0001:00027940 000001E9 C=CODE    S=_TEXT    G=(none)   M=D:\PROGRAMA\FWH\LIB\FIVEHC.LIB|OR ACBP=A9
 0001:00027B2C 00000058 C=CODE    S=_TEXT    G=(none)   M=D:\PROGRAMA\FWH\LIB\FIVEHC.LIB|PAINT ACBP=A9
 0001:00027B84 0000005C C=CODE    S=_TEXT    G=(none)   M=D:\PROGRAMA\FWH\LIB\FIVEHC.LIB|PEEKMSG ACBP=A9
 0001:00027BE0 00000C54 C=CODE    S=_TEXT    G=(none)   M=D:\PROGRAMA\FWH\LIB\FIVEHC.LIB|PRINTDC ACBP=A9
 0001:00028834 0000020F C=CODE    S=_TEXT    G=(none)   M=D:\PROGRAMA\FWH\LIB\FIVEHC.LIB|PROFILE ACBP=A9
 0001:00028A44 0000081B C=CODE    S=_TEXT    G=(none)   M=D:\PROGRAMA\FWH\LIB\FIVEHC.LIB|RECTS ACBP=A9
 0001:00029260 0000010D C=CODE    S=_TEXT    G=(none)   M=D:\PROGRAMA\FWH\LIB\FIVEHC.LIB|REGCLASS ACBP=A9
 0001:00029370 00000391 C=CODE    S=_TEXT    G=(none)   M=D:\PROGRAMA\FWH\LIB\FIVEHC.LIB|REGEDIT ACBP=A9
 0001:00029704 000000AF C=CODE    S=_TEXT    G=(none)   M=D:\PROGRAMA\FWH\LIB\FIVEHC.LIB|REGIONS ACBP=A9
 0001:000297B4 000002AD C=CODE    S=_TEXT    G=(none)   M=D:\PROGRAMA\FWH\LIB\FIVEHC.LIB|RESOURCE ACBP=A9
 0001:00029A64 00001A80 C=CODE    S=_TEXT    G=(none)   M=D:\PROGRAMA\FWH\LIB\FIVEHC.LIB|RIBBON ACBP=A9
 0001:0002B4E4 00002128 C=CODE    S=_TEXT    G=(none)   M=D:\PROGRAMA\FWH\LIB\FIVEHC.LIB|RICHEDIT ACBP=A9
 0001:0002D60C 000001BA C=CODE    S=_TEXT    G=(none)   M=D:\PROGRAMA\FWH\LIB\FIVEHC.LIB|SCROLL ACBP=A9
 0001:0002D7C8 00000023 C=CODE    S=_TEXT    G=(none)   M=D:\PROGRAMA\FWH\LIB\FIVEHC.LIB|SELOBJEC ACBP=A9
 0001:0002D7EC 00000057 C=CODE    S=_TEXT    G=(none)   M=D:\PROGRAMA\FWH\LIB\FIVEHC.LIB|SETMAPMO ACBP=A9
 0001:0002D844 00000048 C=CODE    S=_TEXT    G=(none)   M=D:\PROGRAMA\FWH\LIB\FIVEHC.LIB|SETTEXT ACBP=A9
 0001:0002D88C 00000047 C=CODE    S=_TEXT    G=(none)   M=D:\PROGRAMA\FWH\LIB\FIVEHC.LIB|STRING ACBP=A9
 0001:0002D8D4 000002BE C=CODE    S=_TEXT    G=(none)   M=D:\PROGRAMA\FWH\LIB\FIVEHC.LIB|STRTOKEN ACBP=A9
 0001:0002DB94 00000303 C=CODE    S=_TEXT    G=(none)   M=D:\PROGRAMA\FWH\LIB\FIVEHC.LIB|TEXT ACBP=A9
 0001:0002DE98 00000FF1 C=CODE    S=_TEXT    G=(none)   M=D:\PROGRAMA\FWH\LIB\FIVEHC.LIB|THEMES ACBP=A9
 0001:0002EE8C 00000069 C=CODE    S=_TEXT    G=(none)   M=D:\PROGRAMA\FWH\LIB\FIVEHC.LIB|TIMERS ACBP=A9
 0001:0002EEF8 00000178 C=CODE    S=_TEXT    G=(none)   M=D:\PROGRAMA\FWH\LIB\FIVEHC.LIB|WINDOWS ACBP=A9
 0001:0002F070 000001D5 C=CODE    S=_TEXT    G=(none)   M=D:\PROGRAMA\FWH\LIB\FIVEHC.LIB|WINEXEC ACBP=A9
 0001:0002F248 000000A9 C=CODE    S=_TEXT    G=(none)   M=D:\PROGRAMA\FWH\LIB\FIVEHC.LIB|WMOUSE ACBP=A9
 0001:0002F2F4 00000731 C=CODE    S=_TEXT    G=(none)   M=D:\PROGRAMA\FWH\LIB\FIVEHC.LIB|WNDBOXES ACBP=A9
 0001:0002FA28 000001AB C=CODE    S=_TEXT    G=(none)   M=D:\PROGRAMA\FWH\LIB\FIVEHC.LIB|WNDCENTE ACBP=A9
 0001:0002FBD4 00000033 C=CODE    S=_TEXT    G=(none)   M=D:\PROGRAMA\FWH\LIB\FIVEHC.LIB|WNDDESTR ACBP=A9
 0001:0002FC08 000004EC C=CODE    S=_TEXT    G=(none)   M=D:\PROGRAMA\FWH\LIB\FIVEHC.LIB|WNDIS ACBP=A9
 0001:000300F4 0000007B C=CODE    S=_TEXT    G=(none)   M=D:\PROGRAMA\FWH\LIB\FIVEHC.LIB|WNDISOVE ACBP=A9
 0001:00030170 00000B7F C=CODE    S=_TEXT    G=(none)   M=D:\PROGRAMA\FWH\LIB\FIVEHC.LIB|WNDMOVE ACBP=A9
 0001:00030CF0 00000050 C=CODE    S=_TEXT    G=(none)   M=D:\PROGRAMA\FWH\LIB\FIVEHC.LIB|WNDPOS ACBP=A9
 0001:00030D40 000001F7 C=CODE    S=_TEXT    G=(none)   M=D:\PROGRAMA\FWH\LIB\FIVEHC.LIB|WNDPRINT ACBP=A9
 0001:00030F38 000002F8 C=CODE    S=_TEXT    G=(none)   M=D:\PROGRAMA\FWH\LIB\FIVEHC.LIB|WNDSAY ACBP=A9
 0001:00031230 00000240 C=CODE    S=_TEXT    G=(none)   M=D:\PROGRAMA\FWH\LIB\FIVEHC.LIB|WNDSCROL ACBP=A9
 0001:00031470 0000003B C=CODE    S=_TEXT    G=(none)   M=D:\PROGRAMA\FWH\LIB\FIVEHC.LIB|WNDUPDAT ACBP=A9
 0001:000314AC 000001A8 C=CODE    S=_TEXT    G=(none)   M=D:\PROGRAMA\XHARBOUR\LIB\RTL.LIB|abs ACBP=A9
 0001:00031654 0000030D C=CODE    S=_TEXT    G=(none)   M=D:\PROGRAMA\XHARBOUR\LIB\RTL.LIB|at ACBP=A9
 0001:00031964 00000219 C=CODE    S=_TEXT    G=(none)   M=D:\PROGRAMA\XHARBOUR\LIB\RTL.LIB|binnum ACBP=A9
 0001:00031B80 0000257E C=CODE    S=_TEXT    G=(none)   M=D:\PROGRAMA\XHARBOUR\LIB\RTL.LIB|cdpapi ACBP=A9
 0001:00034100 000000B3 C=CODE    S=_TEXT    G=(none)   M=D:\PROGRAMA\XHARBOUR\LIB\RTL.LIB|chrasc ACBP=A9
 0001:000341B4 000000D3 C=CODE    S=_TEXT    G=(none)   M=D:\PROGRAMA\XHARBOUR\LIB\RTL.LIB|colorind ACBP=A9
 0001:00034288 00000B79 C=CODE    S=_TEXT    G=(none)   M=D:\PROGRAMA\XHARBOUR\LIB\RTL.LIB|console ACBP=A9
 0001:00034E04 0000015B C=CODE    S=_TEXT    G=(none)   M=D:\PROGRAMA\XHARBOUR\LIB\RTL.LIB|datec ACBP=A9
 0001:00034F60 00001040 C=CODE    S=_TEXT    G=(none)   M=D:\PROGRAMA\XHARBOUR\LIB\RTL.LIB|dateshb ACBP=A9
 0001:00035FA0 0000081C C=CODE    S=_TEXT    G=(none)   M=D:\PROGRAMA\XHARBOUR\LIB\RTL.LIB|direct ACBP=A9
 0001:000367BC 00000224 C=CODE    S=_TEXT    G=(none)   M=D:\PROGRAMA\XHARBOUR\LIB\RTL.LIB|empty ACBP=A9
 0001:000369E0 00000154 C=CODE    S=_TEXT    G=(none)   M=D:\PROGRAMA\XHARBOUR\LIB\RTL.LIB|file ACBP=A9
 0001:00036B34 00000C39 C=CODE    S=_TEXT    G=(none)   M=D:\PROGRAMA\XHARBOUR\LIB\RTL.LIB|filebuf ACBP=A9
 0001:00037770 00000074 C=CODE    S=_TEXT    G=(none)   M=D:\PROGRAMA\XHARBOUR\LIB\RTL.LIB|filehb ACBP=A9
 0001:000377E4 00001D92 C=CODE    S=_TEXT    G=(none)   M=D:\PROGRAMA\XHARBOUR\LIB\RTL.LIB|filesys ACBP=A9
 0001:00039578 000000D5 C=CODE    S=_TEXT    G=(none)   M=D:\PROGRAMA\XHARBOUR\LIB\RTL.LIB|fserror ACBP=A9
 0001:00039650 000000D0 C=CODE    S=_TEXT    G=(none)   M=D:\PROGRAMA\XHARBOUR\LIB\RTL.LIB|fnsplit ACBP=A9
 0001:00039720 00000945 C=CODE    S=_TEXT    G=(none)   M=D:\PROGRAMA\XHARBOUR\LIB\RTL.LIB|fparse ACBP=A9
 0001:0003A068 00000107 C=CODE    S=_TEXT    G=(none)   M=D:\PROGRAMA\XHARBOUR\LIB\RTL.LIB|fssize ACBP=A9
 0001:0003A170 000003EF C=CODE    S=_TEXT    G=(none)   M=D:\PROGRAMA\XHARBOUR\LIB\RTL.LIB|fstemp ACBP=A9
 0001:0003A560 000000BE C=CODE    S=_TEXT    G=(none)   M=D:\PROGRAMA\XHARBOUR\LIB\RTL.LIB|gete ACBP=A9
 0001:0003A620 00000028 C=CODE    S=_TEXT    G=(none)   M=D:\PROGRAMA\XHARBOUR\LIB\RTL.LIB|gt ACBP=A9
 0001:0003A648 00000F42 C=CODE    S=_TEXT    G=(none)   M=D:\PROGRAMA\XHARBOUR\LIB\RTL.LIB|gtapi ACBP=A9
 0001:0003B58C 000002B7 C=CODE    S=_TEXT    G=(none)   M=D:\PROGRAMA\XHARBOUR\LIB\RTL.LIB|gtclip ACBP=A9
 0001:0003B844 00000001 C=CODE    S=_TEXT    G=(none)   M=D:\PROGRAMA\XHARBOUR\LIB\RTL.LIB|gtsys ACBP=A9
 0001:0003B848 00000496 C=CODE    S=_TEXT    G=(none)   M=D:\PROGRAMA\XHARBOUR\LIB\RTL.LIB|hbbitf ACBP=A9
 0001:0003BCE0 000007F7 C=CODE    S=_TEXT    G=(none)   M=D:\PROGRAMA\XHARBOUR\LIB\RTL.LIB|hbserv ACBP=A9
 0001:0003C4D8 000007F9 C=CODE    S=_TEXT    G=(none)   M=D:\PROGRAMA\XHARBOUR\LIB\RTL.LIB|hbffind ACBP=A9
 0001:0003CCD4 00003D31 C=CODE    S=_TEXT    G=(none)   M=D:\PROGRAMA\XHARBOUR\LIB\RTL.LIB|hbgtcore ACBP=A9
 0001:00040A08 0000049D C=CODE    S=_TEXT    G=(none)   M=D:\PROGRAMA\XHARBOUR\LIB\RTL.LIB|hbhex2n ACBP=A9
 0001:00040EA8 000002C0 C=CODE    S=_TEXT    G=(none)   M=D:\PROGRAMA\XHARBOUR\LIB\RTL.LIB|hbrandom ACBP=A9
 0001:00041168 0000060E C=CODE    S=_TEXT    G=(none)   M=D:\PROGRAMA\XHARBOUR\LIB\RTL.LIB|hbtoken ACBP=A9
 0001:00041778 00000476 C=CODE    S=_TEXT    G=(none)   M=D:\PROGRAMA\XHARBOUR\LIB\RTL.LIB|idle ACBP=A9
 0001:00041BF0 00000487 C=CODE    S=_TEXT    G=(none)   M=D:\PROGRAMA\XHARBOUR\LIB\RTL.LIB|inkey ACBP=A9
 0001:00042078 00000119 C=CODE    S=_TEXT    G=(none)   M=D:\PROGRAMA\XHARBOUR\LIB\RTL.LIB|inkeyapi ACBP=A9
 0001:00042194 00000486 C=CODE    S=_TEXT    G=(none)   M=D:\PROGRAMA\XHARBOUR\LIB\RTL.LIB|is ACBP=A9
 0001:0004261C 0000029F C=CODE    S=_TEXT    G=(none)   M=D:\PROGRAMA\XHARBOUR\LIB\RTL.LIB|langapi ACBP=A9
 0001:000428BC 000000C0 C=CODE    S=_TEXT    G=(none)   M=D:\PROGRAMA\XHARBOUR\LIB\RTL.LIB|left ACBP=A9
 0001:0004297C 0000008D C=CODE    S=_TEXT    G=(none)   M=D:\PROGRAMA\XHARBOUR\LIB\RTL.LIB|len ACBP=A9
 0001:00042A0C 00000A44 C=CODE    S=_TEXT    G=(none)   M=D:\PROGRAMA\XHARBOUR\LIB\RTL.LIB|math ACBP=A9
 0001:00043450 00000207 C=CODE    S=_TEXT    G=(none)   M=D:\PROGRAMA\XHARBOUR\LIB\RTL.LIB|memofile ACBP=A9
 0001:00043658 0000057D C=CODE    S=_TEXT    G=(none)   M=D:\PROGRAMA\XHARBOUR\LIB\RTL.LIB|minmax ACBP=A9
 0001:00043BD8 0000099A C=CODE    S=_TEXT    G=(none)   M=D:\PROGRAMA\XHARBOUR\LIB\RTL.LIB|mlcfunc ACBP=A9
 0001:00044574 00000071 C=CODE    S=_TEXT    G=(none)   M=D:\PROGRAMA\XHARBOUR\LIB\RTL.LIB|net ACBP=A9
 0001:000445E8 00000006 C=CODE    S=_TEXT    G=(none)   M=D:\PROGRAMA\XHARBOUR\LIB\RTL.LIB|pad ACBP=A9
 0001:000445F0 00000141 C=CODE    S=_TEXT    G=(none)   M=D:\PROGRAMA\XHARBOUR\LIB\RTL.LIB|padc ACBP=A9
 0001:00044734 0000010F C=CODE    S=_TEXT    G=(none)   M=D:\PROGRAMA\XHARBOUR\LIB\RTL.LIB|padl ACBP=A9
 0001:00044844 00000108 C=CODE    S=_TEXT    G=(none)   M=D:\PROGRAMA\XHARBOUR\LIB\RTL.LIB|padr ACBP=A9
 0001:0004494C 00000D27 C=CODE    S=_TEXT    G=(none)   M=D:\PROGRAMA\XHARBOUR\LIB\RTL.LIB|philes ACBP=A9
 0001:00045674 0000008D C=CODE    S=_TEXT    G=(none)   M=D:\PROGRAMA\XHARBOUR\LIB\RTL.LIB|philesx ACBP=A9
 0001:00045704 000000F8 C=CODE    S=_TEXT    G=(none)   M=D:\PROGRAMA\XHARBOUR\LIB\RTL.LIB|rat ACBP=A9
 0001:000457FC 00000138 C=CODE    S=_TEXT    G=(none)   M=D:\PROGRAMA\XHARBOUR\LIB\RTL.LIB|replic ACBP=A9
 0001:00045934 00000087 C=CODE    S=_TEXT    G=(none)   M=D:\PROGRAMA\XHARBOUR\LIB\RTL.LIB|right ACBP=A9
 0001:000459BC 00000132 C=CODE    S=_TEXT    G=(none)   M=D:\PROGRAMA\XHARBOUR\LIB\RTL.LIB|round ACBP=A9
 0001:00045AF0 00000210 C=CODE    S=_TEXT    G=(none)   M=D:\PROGRAMA\XHARBOUR\LIB\RTL.LIB|samples ACBP=A9
 0001:00045D00 000002E4 C=CODE    S=_TEXT    G=(none)   M=D:\PROGRAMA\XHARBOUR\LIB\RTL.LIB|seconds ACBP=A9
 0001:00045FE4 000011EA C=CODE    S=_TEXT    G=(none)   M=D:\PROGRAMA\XHARBOUR\LIB\RTL.LIB|regex ACBP=A9
 0001:000471D0 00000155 C=CODE    S=_TEXT    G=(none)   M=D:\PROGRAMA\XHARBOUR\LIB\RTL.LIB|setcolor ACBP=A9
 0001:00047328 00000064 C=CODE    S=_TEXT    G=(none)   M=D:\PROGRAMA\XHARBOUR\LIB\RTL.LIB|setcurs ACBP=A9
 0001:0004738C 000005A1 C=CODE    S=_TEXT    G=(none)   M=D:\PROGRAMA\XHARBOUR\LIB\RTL.LIB|setkey ACBP=A9
 0001:00047930 0000008D C=CODE    S=_TEXT    G=(none)   M=D:\PROGRAMA\XHARBOUR\LIB\RTL.LIB|setpos ACBP=A9
 0001:000479C0 0000002A C=CODE    S=_TEXT    G=(none)   M=D:\PROGRAMA\XHARBOUR\LIB\RTL.LIB|setposbs ACBP=A9
 0001:000479EC 00000086 C=CODE    S=_TEXT    G=(none)   M=D:\PROGRAMA\XHARBOUR\LIB\RTL.LIB|space ACBP=A9
 0001:00047A74 000002FA C=CODE    S=_TEXT    G=(none)   M=D:\PROGRAMA\XHARBOUR\LIB\RTL.LIB|spfiles ACBP=A9
 0001:00047D70 0000021D C=CODE    S=_TEXT    G=(none)   M=D:\PROGRAMA\XHARBOUR\LIB\RTL.LIB|str ACBP=A9
 0001:00047F90 0000034E C=CODE    S=_TEXT    G=(none)   M=D:\PROGRAMA\XHARBOUR\LIB\RTL.LIB|strcase ACBP=A9
 0001:000482E0 00000141 C=CODE    S=_TEXT    G=(none)   M=D:\PROGRAMA\XHARBOUR\LIB\RTL.LIB|strdel ACBP=A9
 0001:00048424 00000035 C=CODE    S=_TEXT    G=(none)   M=D:\PROGRAMA\XHARBOUR\LIB\RTL.LIB|strings ACBP=A9
 0001:0004845C 00000691 C=CODE    S=_TEXT    G=(none)   M=D:\PROGRAMA\XHARBOUR\LIB\RTL.LIB|strmatch ACBP=A9
 0001:00048AF0 00000306 C=CODE    S=_TEXT    G=(none)   M=D:\PROGRAMA\XHARBOUR\LIB\RTL.LIB|strtran ACBP=A9
 0001:00048DF8 00000143 C=CODE    S=_TEXT    G=(none)   M=D:\PROGRAMA\XHARBOUR\LIB\RTL.LIB|strzero ACBP=A9
 0001:00048F3C 0000017E C=CODE    S=_TEXT    G=(none)   M=D:\PROGRAMA\XHARBOUR\LIB\RTL.LIB|stuff ACBP=A9
 0001:000490BC 00000143 C=CODE    S=_TEXT    G=(none)   M=D:\PROGRAMA\XHARBOUR\LIB\RTL.LIB|substr ACBP=A9
 0001:00049200 00001168 C=CODE    S=_TEXT    G=(none)   M=D:\PROGRAMA\XHARBOUR\LIB\RTL.LIB|tprinter ACBP=A9
 0001:0004A368 000001B0 C=CODE    S=_TEXT    G=(none)   M=D:\PROGRAMA\XHARBOUR\LIB\RTL.LIB|trace ACBP=A9
 0001:0004A518 00001C44 C=CODE    S=_TEXT    G=(none)   M=D:\PROGRAMA\XHARBOUR\LIB\RTL.LIB|transfrm ACBP=A9
 0001:0004C15C 0000023A C=CODE    S=_TEXT    G=(none)   M=D:\PROGRAMA\XHARBOUR\LIB\RTL.LIB|trim ACBP=A9
 0001:0004C398 0000006E C=CODE    S=_TEXT    G=(none)   M=D:\PROGRAMA\XHARBOUR\LIB\RTL.LIB|type ACBP=A9
 0001:0004C408 00000091 C=CODE    S=_TEXT    G=(none)   M=D:\PROGRAMA\XHARBOUR\LIB\RTL.LIB|val ACBP=A9
 0001:0004C49C 0000042E C=CODE    S=_TEXT    G=(none)   M=D:\PROGRAMA\XHARBOUR\LIB\RTL.LIB|valtype ACBP=A9
 0001:0004C8CC 0000039E C=CODE    S=_TEXT    G=(none)   M=D:\PROGRAMA\XHARBOUR\LIB\RTL.LIB|version ACBP=A9
 0001:0004CC6C 0000004A C=CODE    S=_TEXT    G=(none)   M=D:\PROGRAMA\XHARBOUR\LIB\RTL.LIB|word ACBP=A9
 0001:0004CCB8 0000005C C=CODE    S=_TEXT    G=(none)   M=D:\PROGRAMA\XHARBOUR\LIB\RTL.LIB|xhelp ACBP=A9
 0001:0004CD14 000000E4 C=CODE    S=_TEXT    G=(none)   M=D:\PROGRAMA\XHARBOUR\LIB\RTL.LIB|xsavescr ACBP=A9
 0001:0004CDF8 00000164 C=CODE    S=_TEXT    G=(none)   M=D:\PROGRAMA\XHARBOUR\LIB\RTL.LIB|cstr ACBP=A9
 0001:0004CF5C 0000004C C=CODE    S=_TEXT    G=(none)   M=D:\PROGRAMA\XHARBOUR\LIB\RTL.LIB|memvarbl ACBP=A9
 0001:0004CFA8 000001DC C=CODE    S=_TEXT    G=(none)   M=D:\PROGRAMA\XHARBOUR\LIB\RTL.LIB|objfunc ACBP=A9
 0001:0004D184 00000204 C=CODE    S=_TEXT    G=(none)   M=D:\PROGRAMA\XHARBOUR\LIB\RTL.LIB|tclass ACBP=A9
 0001:0004D388 000003D4 C=CODE    S=_TEXT    G=(none)   M=D:\PROGRAMA\XHARBOUR\LIB\RTL.LIB|tget ACBP=A9
 0001:0004D75C 000001A3 C=CODE    S=_TEXT    G=(none)   M=D:\PROGRAMA\XHARBOUR\LIB\RTL.LIB|tobject ACBP=A9
 0001:0004D900 00000060 C=CODE    S=_TEXT    G=(none)   M=D:\PROGRAMA\XHARBOUR\LIB\RTL.LIB|traceprg ACBP=A9
 0001:0004D960 0000026E C=CODE    S=_TEXT    G=(none)   M=D:\PROGRAMA\XHARBOUR\LIB\RTL.LIB|tscalar ACBP=A9
 0001:0004DBD0 00000240 C=CODE    S=_TEXT    G=(none)   M=D:\PROGRAMA\XHARBOUR\LIB\RTL.LIB|win32ole ACBP=A9
 0001:0004DE10 00002758 C=CODE    S=_TEXT    G=(none)   M=D:\PROGRAMA\XHARBOUR\LIB\RTL.LIB|hbwinole ACBP=A9
 0001:00050568 000381C6 C=CODE    S=_TEXT    G=(none)   M=D:\PROGRAMA\XHARBOUR\LIB\VM.LIB|hvmall ACBP=A9
 0001:00088730 000005C7 C=CODE    S=_TEXT    G=(none)   M=D:\PROGRAMA\XHARBOUR\LIB\VM.LIB|cmdarg ACBP=A9
 0001:00088CF8 000011C5 C=CODE    S=_TEXT    G=(none)   M=D:\PROGRAMA\XHARBOUR\LIB\VM.LIB|hbi18n ACBP=A9
 0001:00089EC0 00000014 C=CODE    S=_TEXT    G=(none)   M=D:\PROGRAMA\XHARBOUR\LIB\VM.LIB|break ACBP=A9
 0001:00089ED4 00000019 C=CODE    S=_TEXT    G=(none)   M=D:\PROGRAMA\XHARBOUR\LIB\VM.LIB|initsymb ACBP=A9
 0001:00089EF0 00000076 C=CODE    S=_TEXT    G=(none)   M=D:\PROGRAMA\XHARBOUR\LIB\VM.LIB|throw ACBP=A9
 0001:00089F68 00000100 C=CODE    S=_TEXT    G=(none)   M=D:\PROGRAMA\XHARBOUR\LIB\VM.LIB|harbinit ACBP=A9
 0001:0008A068 0000012C C=CODE    S=_TEXT    G=(none)   M=D:\PROGRAMA\XHARBOUR\LIB\VM.LIB|mainwin ACBP=A9
 0001:0008A194 00000010 C=CODE    S=_TEXT    G=(none)   M=D:\PROGRAMA\XHARBOUR\LIB\LANG.LIB|msgen ACBP=A9
 0001:0008A1A4 00002A19 C=CODE    S=_TEXT    G=(none)   M=D:\PROGRAMA\XHARBOUR\LIB\MACRO.LIB|macroy ACBP=A9
 0001:0008CBC0 00000359 C=CODE    S=_TEXT    G=(none)   M=D:\PROGRAMA\XHARBOUR\LIB\MACRO.LIB|macroa ACBP=A9
 0001:0008CF1C 00005B85 C=CODE    S=_TEXT    G=(none)   M=D:\PROGRAMA\XHARBOUR\LIB\MACRO.LIB|macrob ACBP=A9
 0001:00092AA4 000007EC C=CODE    S=_TEXT    G=(none)   M=D:\PROGRAMA\XHARBOUR\LIB\MACRO.LIB|macroc ACBP=A9
 0001:00093290 00002375 C=CODE    S=_TEXT    G=(none)   M=D:\PROGRAMA\XHARBOUR\LIB\MACRO.LIB|macroslx ACBP=A9
 0001:00095608 000037E5 C=CODE    S=_TEXT    G=(none)   M=D:\PROGRAMA\XHARBOUR\LIB\RDD.LIB|dbcmd ACBP=A9
 0001:00098DF0 000025AA C=CODE    S=_TEXT    G=(none)   M=D:\PROGRAMA\XHARBOUR\LIB\RDD.LIB|workarea ACBP=A9
 0001:0009B39C 00000867 C=CODE    S=_TEXT    G=(none)   M=D:\PROGRAMA\XHARBOUR\LIB\RDD.LIB|wacore ACBP=A9
 0001:0009BC04 000014B6 C=CODE    S=_TEXT    G=(none)   M=D:\PROGRAMA\XHARBOUR\LIB\RDD.LIB|wafunc ACBP=A9
 0001:0009D0BC 0000837C C=CODE    S=_TEXT    G=(none)   M=D:\PROGRAMA\XHARBOUR\LIB\RDD.LIB|dbf1 ACBP=A9
 0001:000A5438 0000069F C=CODE    S=_TEXT    G=(none)   M=D:\PROGRAMA\XHARBOUR\LIB\RDD.LIB|hbdbsort ACBP=A9
 0001:000A5AD8 000000D8 C=CODE    S=_TEXT    G=(none)   M=D:\PROGRAMA\XHARBOUR\LIB\RDD.LIB|rddord ACBP=A9
 0001:000A5BB0 0000004C C=CODE    S=_TEXT    G=(none)   M=D:\PROGRAMA\XHARBOUR\LIB\RDD.LIB|rddsys ACBP=A9
 0001:000A5BFC 0000AB40 C=CODE    S=_TEXT    G=(none)   M=D:\PROGRAMA\XHARBOUR\LIB\DBFNTX.LIB|dbfntx1 ACBP=A9
 0001:000B073C 00007584 C=CODE    S=_TEXT    G=(none)   M=D:\PROGRAMA\XHARBOUR\LIB\DBFFPT.LIB|dbffpt1 ACBP=A9
 0001:000B7CC0 000003BF C=CODE    S=_TEXT    G=(none)   M=D:\PROGRAMA\XHARBOUR\LIB\HBSIX.LIB|sxcrypt ACBP=A9
 0001:000B8080 000000F8 C=CODE    S=_TEXT    G=(none)   M=D:\PROGRAMA\XHARBOUR\LIB\HBSIX.LIB|sxdate ACBP=A9
 0001:000B8178 0000003F C=CODE    S=_TEXT    G=(none)   M=D:\PROGRAMA\XHARBOUR\LIB\COMMON.LIB|hbfopen ACBP=A9
 0001:000B81B8 000003DF C=CODE    S=_TEXT    G=(none)   M=D:\PROGRAMA\XHARBOUR\LIB\COMMON.LIB|hbfsapi ACBP=A9
 0001:000B8598 00000033 C=CODE    S=_TEXT    G=(none)   M=D:\PROGRAMA\XHARBOUR\LIB\COMMON.LIB|hbgete ACBP=A9
 0001:000B85CC 000005CA C=CODE    S=_TEXT    G=(none)   M=D:\PROGRAMA\XHARBOUR\LIB\COMMON.LIB|hbmem ACBP=A9
 0001:000B8B98 0000113C C=CODE    S=_TEXT    G=(none)   M=D:\PROGRAMA\XHARBOUR\LIB\COMMON.LIB|hbstr ACBP=A9
 0001:000B9CD4 00001AA1 C=CODE    S=_TEXT    G=(none)   M=D:\PROGRAMA\XHARBOUR\LIB\COMMON.LIB|hbprintf ACBP=A9
 0001:000BB778 00000225 C=CODE    S=_TEXT    G=(none)   M=D:\PROGRAMA\XHARBOUR\LIB\COMMON.LIB|hbtrace ACBP=A9
 0001:000BB9A0 00001022 C=CODE    S=_TEXT    G=(none)   M=D:\PROGRAMA\XHARBOUR\LIB\COMMON.LIB|hbver ACBP=A9
 0001:000BC9C4 00000AC6 C=CODE    S=_TEXT    G=(none)   M=D:\PROGRAMA\XHARBOUR\LIB\COMMON.LIB|expropt1 ACBP=A9
 0001:000BD48C 0000135B C=CODE    S=_TEXT    G=(none)   M=D:\PROGRAMA\XHARBOUR\LIB\COMMON.LIB|expropt2 ACBP=A9
 0001:000BE7E8 00000060 C=CODE    S=_TEXT    G=(none)   M=D:\PROGRAMA\XHARBOUR\LIB\COMMON.LIB|reserved ACBP=A9
 0001:000BE848 0000184F C=CODE    S=_TEXT    G=(none)   M=D:\PROGRAMA\XHARBOUR\LIB\COMMON.LIB|hbdate ACBP=A9
 0001:000C0098 00000181 C=CODE    S=_TEXT    G=(none)   M=D:\PROGRAMA\XHARBOUR\LIB\COMMON.LIB|hbwince ACBP=A9
 0001:000C021C 00007A00 C=CODE    S=_TEXT    G=(none)   M=D:\PROGRAMA\XHARBOUR\LIB\PCREPOS.LIB|pcre_compile ACBP=A9
 0001:000C7C1C 0000B70F C=CODE    S=_TEXT    G=(none)   M=D:\PROGRAMA\XHARBOUR\LIB\PCREPOS.LIB|pcre_exec ACBP=A9
 0001:000D332C 0000025E C=CODE    S=_TEXT    G=(none)   M=D:\PROGRAMA\XHARBOUR\LIB\PCREPOS.LIB|pcre_fullinfo ACBP=A9
 0001:000D358C 000003D7 C=CODE    S=_TEXT    G=(none)   M=D:\PROGRAMA\XHARBOUR\LIB\PCREPOS.LIB|pcre_newline ACBP=A9
 0001:000D3964 0000004F C=CODE    S=_TEXT    G=(none)   M=D:\PROGRAMA\XHARBOUR\LIB\PCREPOS.LIB|pcre_ord2utf8 ACBP=A9
 0001:000D39B4 00000428 C=CODE    S=_TEXT    G=(none)   M=D:\PROGRAMA\XHARBOUR\LIB\PCREPOS.LIB|pcre_valid_utf8 ACBP=A9
 0001:000D3DDC 00000016 C=CODE    S=_TEXT    G=(none)   M=D:\PROGRAMA\XHARBOUR\LIB\PCREPOS.LIB|pcre_version ACBP=A9
 0001:000D3DF4 00000415 C=CODE    S=_TEXT    G=(none)   M=D:\PROGRAMA\XHARBOUR\LIB\PCREPOS.LIB|pcre_xclass ACBP=A9
 0001:000D420C 000003C5 C=CODE    S=_TEXT    G=(none)   M=D:\PROGRAMA\XHARBOUR\LIB\PCREPOS.LIB|pcreposix ACBP=A9
 0001:000D45D4 000002A2 C=CODE    S=_TEXT    G=(none)   M=D:\PROGRAMA\XHARBOUR\LIB\CT.LIB|ctc ACBP=A9
 0001:000D4878 00000105 C=CODE    S=_TEXT    G=(none)   M=D:\PROGRAMA\XHARBOUR\LIB\CT.LIB|ctmath ACBP=A9
 0001:000D4980 0000044E C=CODE    S=_TEXT    G=(none)   M=D:\PROGRAMA\XHARBOUR\LIB\CT.LIB|ctmath2 ACBP=A9
 0001:000D4DD0 000004FD C=CODE    S=_TEXT    G=(none)   M=D:\PROGRAMA\XHARBOUR\LIB\CT.LIB|ctstr ACBP=A9
 0001:000D52D0 000025F4 C=CODE    S=_TEXT    G=(none)   M=D:\PROGRAMA\XHARBOUR\LIB\PNG.LIB|png ACBP=A9
 0001:000D78C4 0000060B C=CODE    S=_TEXT    G=(none)   M=D:\PROGRAMA\XHARBOUR\LIB\PNG.LIB|pngerror ACBP=A9
 0001:000D7ED0 0000101D C=CODE    S=_TEXT    G=(none)   M=D:\PROGRAMA\XHARBOUR\LIB\PNG.LIB|pngget ACBP=A9
 0001:000D8EF0 0000025E C=CODE    S=_TEXT    G=(none)   M=D:\PROGRAMA\XHARBOUR\LIB\PNG.LIB|pngmem ACBP=A9
 0001:000D9150 0000132A C=CODE    S=_TEXT    G=(none)   M=D:\PROGRAMA\XHARBOUR\LIB\PNG.LIB|pngread ACBP=A9
 0001:000DA47C 000000B0 C=CODE    S=_TEXT    G=(none)   M=D:\PROGRAMA\XHARBOUR\LIB\PNG.LIB|pngrio ACBP=A9
 0001:000DA52C 00005217 C=CODE    S=_TEXT    G=(none)   M=D:\PROGRAMA\XHARBOUR\LIB\PNG.LIB|pngrtran ACBP=A9
 0001:000DF744 00004D09 C=CODE    S=_TEXT    G=(none)   M=D:\PROGRAMA\XHARBOUR\LIB\PNG.LIB|pngrutil ACBP=A9
 0001:000E4450 000016D6 C=CODE    S=_TEXT    G=(none)   M=D:\PROGRAMA\XHARBOUR\LIB\PNG.LIB|pngset ACBP=A9
 0001:000E5B28 000004A3 C=CODE    S=_TEXT    G=(none)   M=D:\PROGRAMA\XHARBOUR\LIB\PNG.LIB|pngtrans ACBP=A9
 0001:000E5FCC 000000F5 C=CODE    S=_TEXT    G=(none)   M=D:\PROGRAMA\XHARBOUR\LIB\PNG.LIB|pngwio ACBP=A9
 0001:000E60C4 000015C4 C=CODE    S=_TEXT    G=(none)   M=D:\PROGRAMA\XHARBOUR\LIB\PNG.LIB|pngwrite ACBP=A9
 0001:000E7688 0000084B C=CODE    S=_TEXT    G=(none)   M=D:\PROGRAMA\XHARBOUR\LIB\PNG.LIB|pngwtran ACBP=A9
 0001:000E7ED4 00003581 C=CODE    S=_TEXT    G=(none)   M=D:\PROGRAMA\XHARBOUR\LIB\PNG.LIB|pngwutil ACBP=A9
 0001:000EB455 000020CB C=CODE    S=_TEXT    G=(none)   M=D:\PROGRAMA\XHARBOUR\LIB\HBZIP.LIB|ziparchive ACBP=A9
 0001:000ED430 00000377 C=CODE    S=_TEXT    G=(none)   M=D:\PROGRAMA\XHARBOUR\LIB\ZLIB.LIB|adler32 ACBP=A9
 0001:000ED7A8 0000091F C=CODE    S=_TEXT    G=(none)   M=D:\PROGRAMA\XHARBOUR\LIB\ZLIB.LIB|crc32 ACBP=A9
 0001:000EE0C8 000025CF C=CODE    S=_TEXT    G=(none)   M=D:\PROGRAMA\XHARBOUR\LIB\ZLIB.LIB|deflate ACBP=A9
 0001:000F0698 00000493 C=CODE    S=_TEXT    G=(none)   M=D:\PROGRAMA\XHARBOUR\LIB\ZLIB.LIB|inffast ACBP=A9
 0001:000F0B2C 00001D45 C=CODE    S=_TEXT    G=(none)   M=D:\PROGRAMA\XHARBOUR\LIB\ZLIB.LIB|inflate ACBP=A9
 0001:000F2874 00000429 C=CODE    S=_TEXT    G=(none)   M=D:\PROGRAMA\XHARBOUR\LIB\ZLIB.LIB|inftrees ACBP=A9
 0001:000F2CA0 00001CCB C=CODE    S=_TEXT    G=(none)   M=D:\PROGRAMA\XHARBOUR\LIB\ZLIB.LIB|trees ACBP=A9
 0001:000F496C 000000EF C=CODE    S=_TEXT    G=(none)   M=D:\PROGRAMA\XHARBOUR\LIB\ZLIB.LIB|zutil ACBP=A9
 0001:000F4A5C 00000028 C=CODE    S=_TEXT    G=(none)   M=D:\PROGRAMA\BCC\LIB\CW32.LIB|delaop ACBP=A9
 0001:000F4A84 0000002E C=CODE    S=_TEXT    G=(none)   M=D:\PROGRAMA\BCC\LIB\CW32.LIB|delop ACBP=A9
 0001:000F4AB4 00000050 C=CODE    S=_TEXT    G=(none)   M=D:\PROGRAMA\BCC\LIB\CW32.LIB|exceptio ACBP=A9
 0001:000F4AE9 00000079 C=CODE    S=_TEXT    G=(none)   M=D:\PROGRAMA\BCC\LIB\CW32.LIB|gccex ACBP=A9
 0001:000F4B16 0000081A C=CODE    S=_TEXT    G=(none)   M=D:\PROGRAMA\BCC\LIB\CW32.LIB|ios ACBP=A9
 0001:000F5308 00002C2A C=CODE    S=_TEXT    G=(none)   M=D:\PROGRAMA\BCC\LIB\CW32.LIB|iostream ACBP=A9
 0001:000F7F0C 00000323 C=CODE    S=_TEXT    G=(none)   M=D:\PROGRAMA\BCC\LIB\CW32.LIB|dwlocale ACBP=A9
 0001:000F8208 00001A78 C=CODE    S=_TEXT    G=(none)   M=D:\PROGRAMA\BCC\LIB\CW32.LIB|locale0 ACBP=A9
 0001:000F9C80 0000001B C=CODE    S=_TEXT    G=(none)   M=D:\PROGRAMA\BCC\LIB\CW32.LIB|new ACBP=A9
 0001:000F9C80 00000074 C=CODE    S=_TEXT    G=(none)   M=D:\PROGRAMA\BCC\LIB\CW32.LIB|newaop ACBP=A9
 0001:000F9CA8 0000011E C=CODE    S=_TEXT    G=(none)   M=D:\PROGRAMA\BCC\LIB\CW32.LIB|newop ACBP=A9
 0001:000F9DA3 00000126 C=CODE    S=_TEXT    G=(none)   M=D:\PROGRAMA\BCC\LIB\CW32.LIB|string ACBP=A9
 0001:000F9EA4 00002FD6 C=CODE    S=_TEXT    G=(none)   M=D:\PROGRAMA\BCC\LIB\CW32.LIB|wiostrea ACBP=A9
 0001:000FCE54 0000019D C=CODE    S=_TEXT    G=(none)   M=D:\PROGRAMA\BCC\LIB\CW32.LIB|wlocale ACBP=A9
 0001:000FCFC9 000000D4 C=CODE    S=_TEXT    G=(none)   M=D:\PROGRAMA\BCC\LIB\CW32.LIB|xlocinfo ACBP=A9
 0001:000FD0A0 00000110 C=CODE    S=_TEXT    G=(none)   M=D:\PROGRAMA\BCC\LIB\CW32.LIB|xstart ACBP=A9
 0001:000FD1B0 00000057 C=CODE    S=_TEXT    G=(none)   M=D:\PROGRAMA\BCC\LIB\CW32.LIB|wchar ACBP=A9
 0001:000FD208 00000111 C=CODE    S=_TEXT    G=(none)   M=D:\PROGRAMA\BCC\LIB\CW32.LIB|virtmem ACBP=A9
 0001:000FD31C 0000014B C=CODE    S=_TEXT    G=(none)   M=D:\PROGRAMA\BCC\LIB\CW32.LIB|hrdir_b ACBP=A9
 0001:000FD468 00000020 C=CODE    S=_TEXT    G=(none)   M=D:\PROGRAMA\BCC\LIB\CW32.LIB|hrdir_mf ACBP=A9
 0001:000FD488 000000B8 C=CODE    S=_TEXT    G=(none)   M=D:\PROGRAMA\BCC\LIB\CW32.LIB|hrdir_s ACBP=A9
 0001:000FD540 00000001 C=CODE    S=_TEXT    G=(none)   M=D:\PROGRAMA\BCC\LIB\CW32.LIB|hrdir_us ACBP=A9
 0001:000FD544 000009E4 C=CODE    S=_TEXT    G=(none)   M=D:\PROGRAMA\BCC\LIB\CW32.LIB|heap ACBP=A9
 0001:000FDF28 00000292 C=CODE    S=_TEXT    G=(none)   M=D:\PROGRAMA\BCC\LIB\CW32.LIB|realloc ACBP=A9
 0001:000FE1BC 00000001 C=CODE    S=_TEXT    G=(none)   M=D:\PROGRAMA\BCC\LIB\CW32.LIB|crtlst_i ACBP=A9
 0001:000FE1C0 00000001 C=CODE    S=_TEXT    G=(none)   M=D:\PROGRAMA\BCC\LIB\CW32.LIB|crtlst_l ACBP=A9
 0001:000FE1C4 0000001E C=CODE    S=_TEXT    G=(none)   M=D:\PROGRAMA\BCC\LIB\CW32.LIB|memchr ACBP=A9
 0001:000FE1E4 00000024 C=CODE    S=_TEXT    G=(none)   M=D:\PROGRAMA\BCC\LIB\CW32.LIB|memcpy ACBP=A9
 0001:000FE208 00000024 C=CODE    S=_TEXT    G=(none)   M=D:\PROGRAMA\BCC\LIB\CW32.LIB|wmemcpy ACBP=A9
 0001:000FE22C 0000004A C=CODE    S=_TEXT    G=(none)   M=D:\PROGRAMA\BCC\LIB\CW32.LIB|memmove ACBP=A9
 0001:000FE278 0000008F C=CODE    S=_TEXT    G=(none)   M=D:\PROGRAMA\BCC\LIB\CW32.LIB|memset ACBP=A9
 0001:000FE308 00000018 C=CODE    S=_TEXT    G=(none)   M=D:\PROGRAMA\BCC\LIB\CW32.LIB|wmemset ACBP=A9
 0001:000FE320 0000003C C=CODE    S=_TEXT    G=(none)   M=D:\PROGRAMA\BCC\LIB\CW32.LIB|strcat ACBP=A9
 0001:000FE35C 00000053 C=CODE    S=_TEXT    G=(none)   M=D:\PROGRAMA\BCC\LIB\CW32.LIB|strchr ACBP=A9
 0001:000FE3B0 0000004D C=CODE    S=_TEXT    G=(none)   M=D:\PROGRAMA\BCC\LIB\CW32.LIB|strcmp ACBP=A9
 0001:000FE400 00000035 C=CODE    S=_TEXT    G=(none)   M=D:\PROGRAMA\BCC\LIB\CW32.LIB|strcpy ACBP=A9
 0001:000FE438 0000005A C=CODE    S=_TEXT    G=(none)   M=D:\PROGRAMA\BCC\LIB\CW32.LIB|strlen ACBP=A9
 0001:000FE494 0000006E C=CODE    S=_TEXT    G=(none)   M=D:\PROGRAMA\BCC\LIB\CW32.LIB|strncat ACBP=A9
 0001:000FE504 00000027 C=CODE    S=_TEXT    G=(none)   M=D:\PROGRAMA\BCC\LIB\CW32.LIB|strncmp ACBP=A9
 0001:000FE52C 0000006C C=CODE    S=_TEXT    G=(none)   M=D:\PROGRAMA\BCC\LIB\CW32.LIB|memcmp ACBP=A9
 0001:000FE598 00000032 C=CODE    S=_TEXT    G=(none)   M=D:\PROGRAMA\BCC\LIB\CW32.LIB|strdup ACBP=A9
 0001:000FE5CC 0000009F C=CODE    S=_TEXT    G=(none)   M=D:\PROGRAMA\BCC\LIB\CW32.LIB|strerror ACBP=A9
 0001:000FE66C 0000004F C=CODE    S=_TEXT    G=(none)   M=D:\PROGRAMA\BCC\LIB\CW32.LIB|strncpy ACBP=A9
 0001:000FE6BC 0000002B C=CODE    S=_TEXT    G=(none)   M=D:\PROGRAMA\BCC\LIB\CW32.LIB|strpbrk ACBP=A9
 0001:000FE6E8 00000029 C=CODE    S=_TEXT    G=(none)   M=D:\PROGRAMA\BCC\LIB\CW32.LIB|strrchr ACBP=A9
 0001:000FE714 00000054 C=CODE    S=_TEXT    G=(none)   M=D:\PROGRAMA\BCC\LIB\CW32.LIB|strstr ACBP=A9
 0001:000FE768 00000037 C=CODE    S=_TEXT    G=(none)   M=D:\PROGRAMA\BCC\LIB\CW32.LIB|_stpcpy ACBP=A9
 0001:000FE7A0 00000018 C=CODE    S=_TEXT    G=(none)   M=D:\PROGRAMA\BCC\LIB\CW32.LIB|wcslen ACBP=A9
 0001:000FE7B8 0000003F C=CODE    S=_TEXT    G=(none)   M=D:\PROGRAMA\BCC\LIB\CW32.LIB|wcscpy ACBP=A9
 0001:000FE7F8 00000070 C=CODE    S=_TEXT    G=(none)   M=D:\PROGRAMA\BCC\LIB\CW32.LIB|xxa ACBP=A9
 0001:000FE868 00000844 C=CODE    S=_TEXT    G=(none)   M=D:\PROGRAMA\BCC\LIB\CW32.LIB|xxtype ACBP=A9
 0001:000FF086 0000005B C=CODE    S=_TEXT    G=(none)   M=D:\PROGRAMA\BCC\LIB\CW32.LIB|xxut ACBP=A9
 0001:000FF0B0 0000014F C=CODE    S=_TEXT    G=(none)   M=D:\PROGRAMA\BCC\LIB\CW32.LIB|xxv ACBP=A9
 0001:000FF200 0000000A C=CODE    S=_TEXT    G=(none)   M=D:\PROGRAMA\BCC\LIB\CW32.LIB|defhandl ACBP=A9
 0001:000FF20C 00000199 C=CODE    S=_TEXT    G=(none)   M=D:\PROGRAMA\BCC\LIB\CW32.LIB|except ACBP=A9
 0001:000FF3A8 00000046 C=CODE    S=_TEXT    G=(none)   M=D:\PROGRAMA\BCC\LIB\CW32.LIB|setexc ACBP=A9
 0001:000FF3F0 00000022 C=CODE    S=_TEXT    G=(none)   M=D:\PROGRAMA\BCC\LIB\CW32.LIB|ta ACBP=A9
 0001:000FF414 0000003F C=CODE    S=_TEXT    G=(none)   M=D:\PROGRAMA\BCC\LIB\CW32.LIB|__access ACBP=A9
 0001:000FF454 00000063 C=CODE    S=_TEXT    G=(none)   M=D:\PROGRAMA\BCC\LIB\CW32.LIB|__close ACBP=A9
 0001:000FF4B8 00000013 C=CODE    S=_TEXT    G=(none)   M=D:\PROGRAMA\BCC\LIB\CW32.LIB|__dup ACBP=A9
 0001:000FF4CC 000000EF C=CODE    S=_TEXT    G=(none)   M=D:\PROGRAMA\BCC\LIB\CW32.LIB|__dup2 ACBP=A9
 0001:000FF5BC 00000086 C=CODE    S=_TEXT    G=(none)   M=D:\PROGRAMA\BCC\LIB\CW32.LIB|__eof ACBP=A9
 0001:000FF644 00000047 C=CODE    S=_TEXT    G=(none)   M=D:\PROGRAMA\BCC\LIB\CW32.LIB|__isatty ACBP=A9
 0001:000FF68C 00000076 C=CODE    S=_TEXT    G=(none)   M=D:\PROGRAMA\BCC\LIB\CW32.LIB|__lseek ACBP=A9
 0001:000FF704 000001FA C=CODE    S=_TEXT    G=(none)   M=D:\PROGRAMA\BCC\LIB\CW32.LIB|__open ACBP=A9
 0001:000FF900 0000019A C=CODE    S=_TEXT    G=(none)   M=D:\PROGRAMA\BCC\LIB\CW32.LIB|__read ACBP=A9
 0001:000FFA9C 000001DA C=CODE    S=_TEXT    G=(none)   M=D:\PROGRAMA\BCC\LIB\CW32.LIB|__wread ACBP=A9
 0001:000FFC78 0000011C C=CODE    S=_TEXT    G=(none)   M=D:\PROGRAMA\BCC\LIB\CW32.LIB|__write ACBP=A9
 0001:000FFD94 00000011 C=CODE    S=_TEXT    G=(none)   M=D:\PROGRAMA\BCC\LIB\CW32.LIB|_cfinfo ACBP=A9
 0001:000FFDA8 00000075 C=CODE    S=_TEXT    G=(none)   M=D:\PROGRAMA\BCC\LIB\CW32.LIB|_read ACBP=A9
 0001:000FFE1D 00000017 C=CODE    S=_TEXT    G=(none)   M=D:\PROGRAMA\BCC\LIB\CW32.LIB|_umask ACBP=A9
 0001:000FFE20 00000061 C=CODE    S=_TEXT    G=(none)   M=D:\PROGRAMA\BCC\LIB\CW32.LIB|_write ACBP=A9
 0001:000FFE84 0000007D C=CODE    S=_TEXT    G=(none)   M=D:\PROGRAMA\BCC\LIB\CW32.LIB|allocbuf ACBP=A9
 0001:000FFF04 0000009C C=CODE    S=_TEXT    G=(none)   M=D:\PROGRAMA\BCC\LIB\CW32.LIB|chdrive ACBP=A9
 0001:000FFFA0 00000008 C=CODE    S=_TEXT    G=(none)   M=D:\PROGRAMA\BCC\LIB\CW32.LIB|close ACBP=A9
 0001:000FFFA8 00000008 C=CODE    S=_TEXT    G=(none)   M=D:\PROGRAMA\BCC\LIB\CW32.LIB|dup ACBP=A9
 0001:000FFFB0 0000008E C=CODE    S=_TEXT    G=(none)   M=D:\PROGRAMA\BCC\LIB\CW32.LIB|fclose ACBP=A9
 0001:00100040 0000007F C=CODE    S=_TEXT    G=(none)   M=D:\PROGRAMA\BCC\LIB\CW32.LIB|fflush ACBP=A9
 0001:001000C0 0000001E C=CODE    S=_TEXT    G=(none)   M=D:\PROGRAMA\BCC\LIB\CW32.LIB|fgetpos ACBP=A9
 0001:001000E0 0000005A C=CODE    S=_TEXT    G=(none)   M=D:\PROGRAMA\BCC\LIB\CW32.LIB|flushout ACBP=A9
 0001:0010013C 00000023 C=CODE    S=_TEXT    G=(none)   M=D:\PROGRAMA\BCC\LIB\CW32.LIB|fmodeptr ACBP=A9
 0001:00100160 000001DD C=CODE    S=_TEXT    G=(none)   M=D:\PROGRAMA\BCC\LIB\CW32.LIB|fopen ACBP=A9
 0001:00100340 00000022 C=CODE    S=_TEXT    G=(none)   M=D:\PROGRAMA\BCC\LIB\CW32.LIB|fprintf ACBP=A9
 0001:00100364 000000DB C=CODE    S=_TEXT    G=(none)   M=D:\PROGRAMA\BCC\LIB\CW32.LIB|fputn ACBP=A9
 0001:00100440 00000167 C=CODE    S=_TEXT    G=(none)   M=D:\PROGRAMA\BCC\LIB\CW32.LIB|fread ACBP=A9
 0001:001005A8 00000140 C=CODE    S=_TEXT    G=(none)   M=D:\PROGRAMA\BCC\LIB\CW32.LIB|fseek ACBP=A9
 0001:001006E8 00000019 C=CODE    S=_TEXT    G=(none)   M=D:\PROGRAMA\BCC\LIB\CW32.LIB|fsetpos ACBP=A9
 0001:00100704 00000031 C=CODE    S=_TEXT    G=(none)   M=D:\PROGRAMA\BCC\LIB\CW32.LIB|fwrite ACBP=A9
 0001:00100738 000002B9 C=CODE    S=_TEXT    G=(none)   M=D:\PROGRAMA\BCC\LIB\CW32.LIB|handles ACBP=A9
 0001:001009F4 00000076 C=CODE    S=_TEXT    G=(none)   M=D:\PROGRAMA\BCC\LIB\CW32.LIB|ioerror ACBP=A9
 0001:00100A6C 000001A5 C=CODE    S=_TEXT    G=(none)   M=D:\PROGRAMA\BCC\LIB\CW32.LIB|lgetc ACBP=A9
 0001:00100C14 000001A9 C=CODE    S=_TEXT    G=(none)   M=D:\PROGRAMA\BCC\LIB\CW32.LIB|lgetwc ACBP=A9
 0001:00100DC0 00000112 C=CODE    S=_TEXT    G=(none)   M=D:\PROGRAMA\BCC\LIB\CW32.LIB|lputc ACBP=A9
 0001:00100ED4 00000144 C=CODE    S=_TEXT    G=(none)   M=D:\PROGRAMA\BCC\LIB\CW32.LIB|lputwc ACBP=A9
 0001:00101018 00000091 C=CODE    S=_TEXT    G=(none)   M=D:\PROGRAMA\BCC\LIB\CW32.LIB|mkname ACBP=A9
 0001:001010A9 00000079 C=CODE    S=_TEXT    G=(none)   M=D:\PROGRAMA\BCC\LIB\CW32.LIB|perror ACBP=A9
 0001:001010AC 00000023 C=CODE    S=_TEXT    G=(none)   M=D:\PROGRAMA\BCC\LIB\CW32.LIB|printf ACBP=A9
 0001:001010D0 0000006E C=CODE    S=_TEXT    G=(none)   M=D:\PROGRAMA\BCC\LIB\CW32.LIB|setmode ACBP=A9
 0001:00101140 0000004D C=CODE    S=_TEXT    G=(none)   M=D:\PROGRAMA\BCC\LIB\CW32.LIB|setvbuf ACBP=A9
 0001:00101190 000002CD C=CODE    S=_TEXT    G=(none)   M=D:\PROGRAMA\BCC\LIB\CW32.LIB|splitpth ACBP=A9
 0001:00101460 00000078 C=CODE    S=_TEXT    G=(none)   M=D:\PROGRAMA\BCC\LIB\CW32.LIB|sprintf ACBP=A9
 0001:001014D8 00000101 C=CODE    S=_TEXT    G=(none)   M=D:\PROGRAMA\BCC\LIB\CW32.LIB|streams ACBP=A9
 0001:001015DC 00000050 C=CODE    S=_TEXT    G=(none)   M=D:\PROGRAMA\BCC\LIB\CW32.LIB|ungetc ACBP=A9
 0001:0010162C 0000005C C=CODE    S=_TEXT    G=(none)   M=D:\PROGRAMA\BCC\LIB\CW32.LIB|ungetwc ACBP=A9
 0001:00101688 0000001A C=CODE    S=_TEXT    G=(none)   M=D:\PROGRAMA\BCC\LIB\CW32.LIB|unlink ACBP=A9
 0001:001016A4 00000022 C=CODE    S=_TEXT    G=(none)   M=D:\PROGRAMA\BCC\LIB\CW32.LIB|vfprintf ACBP=A9
 0001:001016C8 00000A2A C=CODE    S=_TEXT    G=(none)   M=D:\PROGRAMA\BCC\LIB\CW32.LIB|vprinter ACBP=A9
 0001:001020F4 0000002E C=CODE    S=_TEXT    G=(none)   M=D:\PROGRAMA\BCC\LIB\CW32.LIB|xfclose ACBP=A9
 0001:00102124 00000027 C=CODE    S=_TEXT    G=(none)   M=D:\PROGRAMA\BCC\LIB\CW32.LIB|xfflush ACBP=A9
 0001:0010214B 00000006 C=CODE    S=_TEXT    G=(none)   M=D:\PROGRAMA\BCC\LIB\CW32.LIB|cconv ACBP=A9
 0001:0010214C 000002CC C=CODE    S=_TEXT    G=(none)   M=D:\PROGRAMA\BCC\LIB\CW32.LIB|convt ACBP=A9
 0001:00102418 00000051 C=CODE    S=_TEXT    G=(none)   M=D:\PROGRAMA\BCC\LIB\CW32.LIB|getinfo ACBP=A9
 0001:0010246C 00000102 C=CODE    S=_TEXT    G=(none)   M=D:\PROGRAMA\BCC\LIB\CW32.LIB|is ACBP=A9
 0001:00102570 00000103 C=CODE    S=_TEXT    G=(none)   M=D:\PROGRAMA\BCC\LIB\CW32.LIB|wis ACBP=A9
 0001:00102674 00000043 C=CODE    S=_TEXT    G=(none)   M=D:\PROGRAMA\BCC\LIB\CW32.LIB|isctype ACBP=A9
 0001:001026B8 00000055 C=CODE    S=_TEXT    G=(none)   M=D:\PROGRAMA\BCC\LIB\CW32.LIB|iswctype ACBP=A9
 0001:00102710 00001187 C=CODE    S=_TEXT    G=(none)   M=D:\PROGRAMA\BCC\LIB\CW32.LIB|locale ACBP=A9
 0001:00103898 00000816 C=CODE    S=_TEXT    G=(none)   M=D:\PROGRAMA\BCC\LIB\CW32.LIB|initcat ACBP=A9
 0001:001040B0 00000097 C=CODE    S=_TEXT    G=(none)   M=D:\PROGRAMA\BCC\LIB\CW32.LIB|lconv ACBP=A9
 0001:00104148 00000024 C=CODE    S=_TEXT    G=(none)   M=D:\PROGRAMA\BCC\LIB\CW32.LIB|lstrlwr ACBP=A9
 0001:0010416C 00000054 C=CODE    S=_TEXT    G=(none)   M=D:\PROGRAMA\BCC\LIB\CW32.LIB|ltolower ACBP=A9
 0001:001041C0 00000054 C=CODE    S=_TEXT    G=(none)   M=D:\PROGRAMA\BCC\LIB\CW32.LIB|ltoupper ACBP=A9
 0001:00104214 000004E6 C=CODE    S=_TEXT    G=(none)   M=D:\PROGRAMA\BCC\LIB\CW32.LIB|mbyte1 ACBP=A9
 0001:001046FC 00000016 C=CODE    S=_TEXT    G=(none)   M=D:\PROGRAMA\BCC\LIB\CW32.LIB|lsetlocl ACBP=A9
 0001:00104714 00000200 C=CODE    S=_TEXT    G=(none)   M=D:\PROGRAMA\BCC\LIB\CW32.LIB|_ll ACBP=A9
 0001:00104914 0000001D C=CODE    S=_TEXT    G=(none)   M=D:\PROGRAMA\BCC\LIB\CW32.LIB|_finite ACBP=A9
 0001:00104934 0000002D C=CODE    S=_TEXT    G=(none)   M=D:\PROGRAMA\BCC\LIB\CW32.LIB|_finitel ACBP=A9
 0001:00104964 0000002B C=CODE    S=_TEXT    G=(none)   M=D:\PROGRAMA\BCC\LIB\CW32.LIB|_ftoul ACBP=A9
 0001:00104990 00000045 C=CODE    S=_TEXT    G=(none)   M=D:\PROGRAMA\BCC\LIB\CW32.LIB|_isnan ACBP=A9
 0001:001049D8 00000049 C=CODE    S=_TEXT    G=(none)   M=D:\PROGRAMA\BCC\LIB\CW32.LIB|_isnanl ACBP=A9
 0001:00104A24 00000008 C=CODE    S=_TEXT    G=(none)   M=D:\PROGRAMA\BCC\LIB\CW32.LIB|_ltoa1 ACBP=A9
 0001:00104A2C 000000B0 C=CODE    S=_TEXT    G=(none)   M=D:\PROGRAMA\BCC\LIB\CW32.LIB|_matherr ACBP=A9
 0001:00104ADC 00000188 C=CODE    S=_TEXT    G=(none)   M=D:\PROGRAMA\BCC\LIB\CW32.LIB|_pow10 ACBP=A9
 0001:00104C64 00000013 C=CODE    S=_TEXT    G=(none)   M=D:\PROGRAMA\BCC\LIB\CW32.LIB|atof ACBP=A9
 0001:00104C78 00000077 C=CODE    S=_TEXT    G=(none)   M=D:\PROGRAMA\BCC\LIB\CW32.LIB|atol ACBP=A9
 0001:00104CF0 0000001C C=CODE    S=_TEXT    G=(none)   M=D:\PROGRAMA\BCC\LIB\CW32.LIB|ceil ACBP=A9
 0001:00104D0C 00000013 C=CODE    S=_TEXT    G=(none)   M=D:\PROGRAMA\BCC\LIB\CW32.LIB|clear87 ACBP=A9
 0001:00104D20 0000003F C=CODE    S=_TEXT    G=(none)   M=D:\PROGRAMA\BCC\LIB\CW32.LIB|cos ACBP=A9
 0001:00104D60 0000002F C=CODE    S=_TEXT    G=(none)   M=D:\PROGRAMA\BCC\LIB\CW32.LIB|ctrl87 ACBP=A9
 0001:00104D90 00000018 C=CODE    S=_TEXT    G=(none)   M=D:\PROGRAMA\BCC\LIB\CW32.LIB|cvtentry ACBP=A9
 0001:00104DA8 00000018 C=CODE    S=_TEXT    G=(none)   M=D:\PROGRAMA\BCC\LIB\CW32.LIB|cvtfak ACBP=A9
 0001:00104DC0 00000018 C=CODE    S=_TEXT    G=(none)   M=D:\PROGRAMA\BCC\LIB\CW32.LIB|cvtfakw ACBP=A9
 0001:00104DD8 00000016 C=CODE    S=_TEXT    G=(none)   M=D:\PROGRAMA\BCC\LIB\CW32.LIB|div ACBP=A9
 0001:00104DF0 0000006C C=CODE    S=_TEXT    G=(none)   M=D:\PROGRAMA\BCC\LIB\CW32.LIB|exp ACBP=A9
 0001:00104E5C 000000CD C=CODE    S=_TEXT    G=(none)   M=D:\PROGRAMA\BCC\LIB\CW32.LIB|f87exp ACBP=A9
 0001:00104F2C 00000048 C=CODE    S=_TEXT    G=(none)   M=D:\PROGRAMA\BCC\LIB\CW32.LIB|f87log ACBP=A9
 0001:00104F74 0000000D C=CODE    S=_TEXT    G=(none)   M=D:\PROGRAMA\BCC\LIB\CW32.LIB|fabs ACBP=A9
 0001:00104F84 0000001C C=CODE    S=_TEXT    G=(none)   M=D:\PROGRAMA\BCC\LIB\CW32.LIB|floor ACBP=A9
 0001:00104FA0 0000004D C=CODE    S=_TEXT    G=(none)   M=D:\PROGRAMA\BCC\LIB\CW32.LIB|fmod ACBP=A9
 0001:00104FF0 00000016 C=CODE    S=_TEXT    G=(none)   M=D:\PROGRAMA\BCC\LIB\CW32.LIB|fpreset ACBP=A9
 0001:00105008 00000035 C=CODE    S=_TEXT    G=(none)   M=D:\PROGRAMA\BCC\LIB\CW32.LIB|frexp ACBP=A9
 0001:00105040 0000002D C=CODE    S=_TEXT    G=(none)   M=D:\PROGRAMA\BCC\LIB\CW32.LIB|ftol ACBP=A9
 0001:00105070 0000002D C=CODE    S=_TEXT    G=(none)   M=D:\PROGRAMA\BCC\LIB\CW32.LIB|fuildq ACBP=A9
 0001:001050A0 00000021 C=CODE    S=_TEXT    G=(none)   M=D:\PROGRAMA\BCC\LIB\CW32.LIB|fuistq ACBP=A9
 0001:001050C4 00000011 C=CODE    S=_TEXT    G=(none)   M=D:\PROGRAMA\BCC\LIB\CW32.LIB|fxam ACBP=A9
 0001:001050D8 000000B1 C=CODE    S=_TEXT    G=(none)   M=D:\PROGRAMA\BCC\LIB\CW32.LIB|int64toa ACBP=A9
 0001:0010518C 00000117 C=CODE    S=_TEXT    G=(none)   M=D:\PROGRAMA\BCC\LIB\CW32.LIB|ldtrunc ACBP=A9
 0001:001052A4 0000006D C=CODE    S=_TEXT    G=(none)   M=D:\PROGRAMA\BCC\LIB\CW32.LIB|log ACBP=A9
 0001:00105314 0000006D C=CODE    S=_TEXT    G=(none)   M=D:\PROGRAMA\BCC\LIB\CW32.LIB|log10 ACBP=A9
 0001:00105384 0000008F C=CODE    S=_TEXT    G=(none)   M=D:\PROGRAMA\BCC\LIB\CW32.LIB|longtoa ACBP=A9
 0001:00105414 00000075 C=CODE    S=_TEXT    G=(none)   M=D:\PROGRAMA\BCC\LIB\CW32.LIB|ltoa1 ACBP=A9
 0001:0010548C 0000002E C=CODE    S=_TEXT    G=(none)   M=D:\PROGRAMA\BCC\LIB\CW32.LIB|matherrl ACBP=A9
 0001:001054BC 00000019 C=CODE    S=_TEXT    G=(none)   M=D:\PROGRAMA\BCC\LIB\CW32.LIB|mathptr ACBP=A9
 0001:001054D8 00000030 C=CODE    S=_TEXT    G=(none)   M=D:\PROGRAMA\BCC\LIB\CW32.LIB|modf ACBP=A9
 0001:00105508 00000030 C=CODE    S=_TEXT    G=(none)   M=D:\PROGRAMA\BCC\LIB\CW32.LIB|modfl ACBP=A9
 0001:00105538 000001DC C=CODE    S=_TEXT    G=(none)   M=D:\PROGRAMA\BCC\LIB\CW32.LIB|pow ACBP=A9
 0001:00105714 00000025 C=CODE    S=_TEXT    G=(none)   M=D:\PROGRAMA\BCC\LIB\CW32.LIB|qdiv10 ACBP=A9
 0001:0010573C 0000002E C=CODE    S=_TEXT    G=(none)   M=D:\PROGRAMA\BCC\LIB\CW32.LIB|qmul10 ACBP=A9
 0001:0010576C 0000008E C=CODE    S=_TEXT    G=(none)   M=D:\PROGRAMA\BCC\LIB\CW32.LIB|rand ACBP=A9
 0001:001057FC 000002F9 C=CODE    S=_TEXT    G=(none)   M=D:\PROGRAMA\BCC\LIB\CW32.LIB|realcvt ACBP=A9
 0001:00105AF8 00000335 C=CODE    S=_TEXT    G=(none)   M=D:\PROGRAMA\BCC\LIB\CW32.LIB|realcvtw ACBP=A9
 0001:00105E30 0000002C C=CODE    S=_TEXT    G=(none)   M=D:\PROGRAMA\BCC\LIB\CW32.LIB|round ACBP=A9
 0001:00105E5C 000004E9 C=CODE    S=_TEXT    G=(none)   M=D:\PROGRAMA\BCC\LIB\CW32.LIB|scantod ACBP=A9
 0001:00106348 000004E9 C=CODE    S=_TEXT    G=(none)   M=D:\PROGRAMA\BCC\LIB\CW32.LIB|scanwtod ACBP=A9
 0001:00106834 0000003F C=CODE    S=_TEXT    G=(none)   M=D:\PROGRAMA\BCC\LIB\CW32.LIB|sin ACBP=A9
 0001:00106874 0000003A C=CODE    S=_TEXT    G=(none)   M=D:\PROGRAMA\BCC\LIB\CW32.LIB|sqrt ACBP=A9
 0001:001068B0 000000C1 C=CODE    S=_TEXT    G=(none)   M=D:\PROGRAMA\BCC\LIB\CW32.LIB|strtod ACBP=A9
 0001:00106974 000002D4 C=CODE    S=_TEXT    G=(none)   M=D:\PROGRAMA\BCC\LIB\CW32.LIB|xcvt ACBP=A9
 0001:00106C48 000002F3 C=CODE    S=_TEXT    G=(none)   M=D:\PROGRAMA\BCC\LIB\CW32.LIB|xcvtw ACBP=A9
 0001:00106F3C 0000006D C=CODE    S=_TEXT    G=(none)   M=D:\PROGRAMA\BCC\LIB\CW32.LIB|mbbtype ACBP=A9
 0001:00106FAC 0000014D C=CODE    S=_TEXT    G=(none)   M=D:\PROGRAMA\BCC\LIB\CW32.LIB|mbctype ACBP=A9
 0001:001070FC 0000003D C=CODE    S=_TEXT    G=(none)   M=D:\PROGRAMA\BCC\LIB\CW32.LIB|mbisalp ACBP=A9
 0001:0010713C 0000001A C=CODE    S=_TEXT    G=(none)   M=D:\PROGRAMA\BCC\LIB\CW32.LIB|mbisdgt ACBP=A9
 0001:00107158 0000001A C=CODE    S=_TEXT    G=(none)   M=D:\PROGRAMA\BCC\LIB\CW32.LIB|mbisspc ACBP=A9
 0001:00107174 0000002F C=CODE    S=_TEXT    G=(none)   M=D:\PROGRAMA\BCC\LIB\CW32.LIB|mbsbtype ACBP=A9
 0001:001071A4 00000054 C=CODE    S=_TEXT    G=(none)   M=D:\PROGRAMA\BCC\LIB\CW32.LIB|mbsnbcpy ACBP=A9
 0001:001071F8 000000BF C=CODE    S=_TEXT    G=(none)   M=D:\PROGRAMA\BCC\LIB\CW32.LIB|mbsnbicm ACBP=A9
 0001:001072B8 00000058 C=CODE    S=_TEXT    G=(none)   M=D:\PROGRAMA\BCC\LIB\CW32.LIB|mbsrchr ACBP=A9
 0001:00107310 000000A6 C=CODE    S=_TEXT    G=(none)   M=D:\PROGRAMA\BCC\LIB\CW32.LIB|assert ACBP=A9
 0001:001073B8 000000BA C=CODE    S=_TEXT    G=(none)   M=D:\PROGRAMA\BCC\LIB\CW32.LIB|ermsghlp ACBP=A9
 0001:00107472 00000006 C=CODE    S=_TEXT    G=(none)   M=D:\PROGRAMA\BCC\LIB\CW32.LIB|errno ACBP=A9
 0001:00107474 0000019B C=CODE    S=_TEXT    G=(none)   M=D:\PROGRAMA\BCC\LIB\CW32.LIB|errormsg ACBP=A9
 0001:00107610 00000089 C=CODE    S=_TEXT    G=(none)   M=D:\PROGRAMA\BCC\LIB\CW32.LIB|platform ACBP=A9
 0001:00107699 00000013 C=CODE    S=_TEXT    G=(none)   M=D:\PROGRAMA\BCC\LIB\CW32.LIB|pureerr ACBP=A9
 0001:001076AC 00000236 C=CODE    S=_TEXT    G=(none)   M=D:\PROGRAMA\BCC\LIB\CW32.LIB|qsort ACBP=A9
 0001:001078E4 00000022 C=CODE    S=_TEXT    G=(none)   M=D:\PROGRAMA\BCC\LIB\CW32.LIB|abort ACBP=A9
 0001:00107908 000000A7 C=CODE    S=_TEXT    G=(none)   M=D:\PROGRAMA\BCC\LIB\CW32.LIB|exit ACBP=A9
 0001:001079B0 00000057 C=CODE    S=_TEXT    G=(none)   M=D:\PROGRAMA\BCC\LIB\CW32.LIB|getenv ACBP=A9
 0001:00107A08 0000001A C=CODE    S=_TEXT    G=(none)   M=D:\PROGRAMA\BCC\LIB\CW32.LIB|initwild ACBP=A9
 0001:00107A24 00000011 C=CODE    S=_TEXT    G=(none)   M=D:\PROGRAMA\BCC\LIB\CW32.LIB|exparg ACBP=A9
 0001:00107A38 00000011 C=CODE    S=_TEXT    G=(none)   M=D:\PROGRAMA\BCC\LIB\CW32.LIB|wexparg ACBP=A9
 0001:00107A4C 00000027 C=CODE    S=_TEXT    G=(none)   M=D:\PROGRAMA\BCC\LIB\CW32.LIB|initargv ACBP=A9
 0001:00107A74 0000016C C=CODE    S=_TEXT    G=(none)   M=D:\PROGRAMA\BCC\LIB\CW32.LIB|setargv ACBP=A9
 0001:00107BE0 000001E5 C=CODE    S=_TEXT    G=(none)   M=D:\PROGRAMA\BCC\LIB\CW32.LIB|hsargv ACBP=A9
 0001:00107DC8 00000227 C=CODE    S=_TEXT    G=(none)   M=D:\PROGRAMA\BCC\LIB\CW32.LIB|whsargv ACBP=A9
 0001:00107FF0 00000045 C=CODE    S=_TEXT    G=(none)   M=D:\PROGRAMA\BCC\LIB\CW32.LIB|setargv0 ACBP=A9
 0001:00108038 000000A9 C=CODE    S=_TEXT    G=(none)   M=D:\PROGRAMA\BCC\LIB\CW32.LIB|setjmp ACBP=A9
 0001:001080E4 000001A0 C=CODE    S=_TEXT    G=(none)   M=D:\PROGRAMA\BCC\LIB\CW32.LIB|setenvp ACBP=A9
 0001:00108284 000002FA C=CODE    S=_TEXT    G=(none)   M=D:\PROGRAMA\BCC\LIB\CW32.LIB|signal ACBP=A9
 0001:00108580 00000157 C=CODE    S=_TEXT    G=(none)   M=D:\PROGRAMA\BCC\LIB\CW32.LIB|initexit ACBP=A9
 0001:001086D8 000001A4 C=CODE    S=_TEXT    G=(none)   M=D:\PROGRAMA\BCC\LIB\CW32.LIB|startup ACBP=A9
 0001:0010887C 0000004F C=CODE    S=_TEXT    G=(none)   M=D:\PROGRAMA\BCC\LIB\CW32.LIB|tlsstat ACBP=A9
 0001:001088CC 000001A9 C=CODE    S=_TEXT    G=(none)   M=D:\PROGRAMA\BCC\LIB\CW32.LIB|gmtime ACBP=A9
 0001:00108A78 000002A8 C=CODE    S=_TEXT    G=(none)   M=D:\PROGRAMA\BCC\LIB\CW32.LIB|timefunc ACBP=A9
 0001:00108D20 00000006 C=CODE    S=_TEXT    G=(none)   M=D:\PROGRAMA\BCC\LIB\CW32.LIB|tzdata ACBP=A9
 0001:00108D28 000001C8 C=CODE    S=_TEXT    G=(none)   M=D:\PROGRAMA\BCC\LIB\CW32.LIB|tzset ACBP=A9
 0001:00108EF0 00000008 C=CODE    S=_TEXT    G=(none)   M=D:\PROGRAMA\BCC\LIB\CW32.LIB|_tzset ACBP=A9
 0001:00108EF8 0000004D C=CODE    S=_TEXT    G=(none)   M=D:\PROGRAMA\BCC\LIB\CW32.LIB|time ACBP=A9
 0001:00108F48 00001BD0 C=CODE    S=_TEXT    G=(none)   M=D:\PROGRAMA\BCC\LIB\CW32.LIB|xx ACBP=A9
 0002:00000000 000000A4 C=DATA    S=_DATA    G=DGROUP   M=D:\PROGRAMA\BCC\LIB\C0W32.OBJ ACBP=A9
 0002:000000A4 000003D8 C=DATA    S=_DATA    G=DGROUP   M=D:\DISMEMBRADOR\OBJ\DISMEMBRADOR.OBJ ACBP=A9
 0002:0000047C 00000FE4 C=DATA    S=_DATA    G=DGROUP   M=D:\PROGRAMA\FWH\LIB\FIVEHX.LIB|ACTIVEX ACBP=A9
 0002:00001460 00000BB8 C=DATA    S=_DATA    G=DGROUP   M=D:\PROGRAMA\FWH\LIB\FIVEHX.LIB|ALERT ACBP=A9
 0002:00002018 000043B0 C=DATA    S=_DATA    G=DGROUP   M=D:\PROGRAMA\FWH\LIB\FIVEHX.LIB|BAR ACBP=A9
 0002:000063C8 00003F24 C=DATA    S=_DATA    G=DGROUP   M=D:\PROGRAMA\FWH\LIB\FIVEHX.LIB|BITMAP ACBP=A9
 0002:0000A2EC 00002940 C=DATA    S=_DATA    G=DGROUP   M=D:\PROGRAMA\FWH\LIB\FIVEHX.LIB|BRUSH ACBP=A9
 0002:0000CC2C 00006304 C=DATA    S=_DATA    G=DGROUP   M=D:\PROGRAMA\FWH\LIB\FIVEHX.LIB|BTNBMP ACBP=A9
 0002:00012F30 00001894 C=DATA    S=_DATA    G=DGROUP   M=D:\PROGRAMA\FWH\LIB\FIVEHX.LIB|BUTTON ACBP=A9
 0002:000147C4 00001268 C=DATA    S=_DATA    G=DGROUP   M=D:\PROGRAMA\FWH\LIB\FIVEHX.LIB|BUTTONB ACBP=A9
 0002:00015A2C 00000414 C=DATA    S=_DATA    G=DGROUP   M=D:\PROGRAMA\FWH\LIB\FIVEHX.LIB|CHECKRES ACBP=A9
 0002:00015E40 00001FF4 C=DATA    S=_DATA    G=DGROUP   M=D:\PROGRAMA\FWH\LIB\FIVEHX.LIB|C5LIB ACBP=A9
 0002:00017E34 00002F40 C=DATA    S=_DATA    G=DGROUP   M=D:\PROGRAMA\FWH\LIB\FIVEHX.LIB|C5TOOLTP ACBP=A9
 0002:0001AD74 00000A5C C=DATA    S=_DATA    G=DGROUP   M=D:\PROGRAMA\FWH\LIB\FIVEHX.LIB|CLIPBRD ACBP=A9
 0002:0001B7D0 000035DC C=DATA    S=_DATA    G=DGROUP   M=D:\PROGRAMA\FWH\LIB\FIVEHX.LIB|COMBOBOX ACBP=A9
 0002:0001EDAC 0000616C C=DATA    S=_DATA    G=DGROUP   M=D:\PROGRAMA\FWH\LIB\FIVEHX.LIB|CONTROL ACBP=A9
 0002:00024F18 000008C4 C=DATA    S=_DATA    G=DGROUP   M=D:\PROGRAMA\FWH\LIB\FIVEHX.LIB|CURSOR ACBP=A9
 0002:000257DC 00000A9C C=DATA    S=_DATA    G=DGROUP   M=D:\PROGRAMA\FWH\LIB\FIVEHX.LIB|DDE ACBP=A9
 0002:00026278 00004038 C=DATA    S=_DATA    G=DGROUP   M=D:\PROGRAMA\FWH\LIB\FIVEHX.LIB|DIALOG ACBP=A9
 0002:0002A2B0 000006F8 C=DATA    S=_DATA    G=DGROUP   M=D:\PROGRAMA\FWH\LIB\FIVEHX.LIB|DLGFIND ACBP=A9
 0002:0002A9A8 000002E4 C=DATA    S=_DATA    G=DGROUP   M=D:\PROGRAMA\FWH\LIB\FIVEHX.LIB|DRAWBMP ACBP=A9
 0002:0002AC8C 0000209C C=DATA    S=_DATA    G=DGROUP   M=D:\PROGRAMA\FWH\LIB\FIVEHX.LIB|ERRSYSW ACBP=A9
 0002:0002CD28 00010E70 C=DATA    S=_DATA    G=DGROUP   M=D:\PROGRAMA\FWH\LIB\FIVEHX.LIB|FGET ACBP=A9
 0002:0003DB98 00001010 C=DATA    S=_DATA    G=DGROUP   M=D:\PROGRAMA\FWH\LIB\FIVEHX.LIB|FILENAME ACBP=A9
 0002:0003EBA8 0000057C C=DATA    S=_DATA    G=DGROUP   M=D:\PROGRAMA\FWH\LIB\FIVEHX.LIB|FLINE ACBP=A9
 0002:0003F124 000029D0 C=DATA    S=_DATA    G=DGROUP   M=D:\PROGRAMA\FWH\LIB\FIVEHX.LIB|FONT ACBP=A9
 0002:00041AF4 000003B0 C=DATA    S=_DATA    G=DGROUP   M=D:\PROGRAMA\FWH\LIB\FIVEHX.LIB|FWDECODE ACBP=A9
 0002:00041EA4 00000364 C=DATA    S=_DATA    G=DGROUP   M=D:\PROGRAMA\FWH\LIB\FIVEHX.LIB|FWERROR ACBP=A9
 0002:00042208 000008AC C=DATA    S=_DATA    G=DGROUP   M=D:\PROGRAMA\FWH\LIB\FIVEHX.LIB|GETTASKS ACBP=A9
 0002:00042AB4 0000073C C=DATA    S=_DATA    G=DGROUP   M=D:\PROGRAMA\FWH\LIB\FIVEHX.LIB|GETSYSIN ACBP=A9
 0002:000431F0 000018C4 C=DATA    S=_DATA    G=DGROUP   M=D:\PROGRAMA\FWH\LIB\FIVEHX.LIB|GTF ACBP=A9
 0002:00044AB4 00000B78 C=DATA    S=_DATA    G=DGROUP   M=D:\PROGRAMA\FWH\LIB\FIVEHX.LIB|HARBOUR ACBP=A9
 0002:0004562C 00000948 C=DATA    S=_DATA    G=DGROUP   M=D:\PROGRAMA\FWH\LIB\FIVEHX.LIB|HELP32 ACBP=A9
 0002:00045F74 000008E8 C=DATA    S=_DATA    G=DGROUP   M=D:\PROGRAMA\FWH\LIB\FIVEHX.LIB|HELPCHM ACBP=A9
 0002:0004685C 00000F28 C=DATA    S=_DATA    G=DGROUP   M=D:\PROGRAMA\FWH\LIB\FIVEHX.LIB|ICON ACBP=A9
 0002:00047784 0000303C C=DATA    S=_DATA    G=DGROUP   M=D:\PROGRAMA\FWH\LIB\FIVEHX.LIB|IMAGE ACBP=A9
 0002:0004A7C0 00000AE4 C=DATA    S=_DATA    G=DGROUP   M=D:\PROGRAMA\FWH\LIB\FIVEHX.LIB|INI ACBP=A9
 0002:0004B2A4 00002A0C C=DATA    S=_DATA    G=DGROUP   M=D:\PROGRAMA\FWH\LIB\FIVEHX.LIB|LISTBOX ACBP=A9
 0002:0004DCB0 00000CD8 C=DATA    S=_DATA    G=DGROUP   M=D:\PROGRAMA\FWH\LIB\FIVEHX.LIB|LONGNAM2 ACBP=A9
 0002:0004E988 00001CCC C=DATA    S=_DATA    G=DGROUP   M=D:\PROGRAMA\FWH\LIB\FIVEHX.LIB|MDICHILD ACBP=A9
 0002:00050654 000013B8 C=DATA    S=_DATA    G=DGROUP   M=D:\PROGRAMA\FWH\LIB\FIVEHX.LIB|MDICLIEN ACBP=A9
 0002:00051A0C 00001920 C=DATA    S=_DATA    G=DGROUP   M=D:\PROGRAMA\FWH\LIB\FIVEHX.LIB|MDIFRAME ACBP=A9
 0002:0005332C 00000910 C=DATA    S=_DATA    G=DGROUP   M=D:\PROGRAMA\FWH\LIB\FIVEHX.LIB|MEMOEDIT ACBP=A9
 0002:00053C3C 0000489C C=DATA    S=_DATA    G=DGROUP   M=D:\PROGRAMA\FWH\LIB\FIVEHX.LIB|MENU ACBP=A9
 0002:000584D8 000023AC C=DATA    S=_DATA    G=DGROUP   M=D:\PROGRAMA\FWH\LIB\FIVEHX.LIB|MENUITEM ACBP=A9
 0002:0005A884 000038C8 C=DATA    S=_DATA    G=DGROUP   M=D:\PROGRAMA\FWH\LIB\FIVEHX.LIB|MGET ACBP=A9
 0002:0005E14C 00003364 C=DATA    S=_DATA    G=DGROUP   M=D:\PROGRAMA\FWH\LIB\FIVEHX.LIB|MSGBAR ACBP=A9
 0002:000614B0 000004EC C=DATA    S=_DATA    G=DGROUP   M=D:\PROGRAMA\FWH\LIB\FIVEHX.LIB|MSGRUN ACBP=A9
 0002:0006199C 00000978 C=DATA    S=_DATA    G=DGROUP   M=D:\PROGRAMA\FWH\LIB\FIVEHX.LIB|OLEFUNCS ACBP=A9
 0002:00062314 000005E8 C=DATA    S=_DATA    G=DGROUP   M=D:\PROGRAMA\FWH\LIB\FIVEHX.LIB|PDMENU ACBP=A9
 0002:000628FC 00000488 C=DATA    S=_DATA    G=DGROUP   M=D:\PROGRAMA\FWH\LIB\FIVEHX.LIB|PDREPORT ACBP=A9
 0002:00062D84 00000594 C=DATA    S=_DATA    G=DGROUP   M=D:\PROGRAMA\FWH\LIB\FIVEHX.LIB|PEN ACBP=A9
 0002:00063318 00003FA8 C=DATA    S=_DATA    G=DGROUP   M=D:\PROGRAMA\FWH\LIB\FIVEHX.LIB|PRINTER ACBP=A9
 0002:000672C0 00001AD8 C=DATA    S=_DATA    G=DGROUP   M=D:\PROGRAMA\FWH\LIB\FIVEHX.LIB|PRV2PDF ACBP=A9
 0002:00068D98 00001704 C=DATA    S=_DATA    G=DGROUP   M=D:\PROGRAMA\FWH\LIB\FIVEHX.LIB|RADIO ACBP=A9
 0002:0006A49C 00001308 C=DATA    S=_DATA    G=DGROUP   M=D:\PROGRAMA\FWH\LIB\FIVEHX.LIB|RADMENU ACBP=A9
 0002:0006B7A4 00001F44 C=DATA    S=_DATA    G=DGROUP   M=D:\PROGRAMA\FWH\LIB\FIVEHX.LIB|RCOLUMN ACBP=A9
 0002:0006D6E8 00000700 C=DATA    S=_DATA    G=DGROUP   M=D:\PROGRAMA\FWH\LIB\FIVEHX.LIB|REBAR ACBP=A9
 0002:0006DDE8 00000E0C C=DATA    S=_DATA    G=DGROUP   M=D:\PROGRAMA\FWH\LIB\FIVEHX.LIB|RFILE ACBP=A9
 0002:0006EBF4 000011F0 C=DATA    S=_DATA    G=DGROUP   M=D:\PROGRAMA\FWH\LIB\FIVEHX.LIB|RGROUP ACBP=A9
 0002:0006FDE4 00000EB8 C=DATA    S=_DATA    G=DGROUP   M=D:\PROGRAMA\FWH\LIB\FIVEHX.LIB|RLINE ACBP=A9
 0002:00070C9C 000009C4 C=DATA    S=_DATA    G=DGROUP   M=D:\PROGRAMA\FWH\LIB\FIVEHX.LIB|RECT ACBP=A9
 0002:00071660 00000C94 C=DATA    S=_DATA    G=DGROUP   M=D:\PROGRAMA\FWH\LIB\FIVEHX.LIB|REG32 ACBP=A9
 0002:000722F4 00008610 C=DATA    S=_DATA    G=DGROUP   M=D:\PROGRAMA\FWH\LIB\FIVEHX.LIB|REPORT ACBP=A9
 0002:0007A904 00007678 C=DATA    S=_DATA    G=DGROUP   M=D:\PROGRAMA\FWH\LIB\FIVEHX.LIB|RPREVIEW ACBP=A9
 0002:00081F7C 000018D0 C=DATA    S=_DATA    G=DGROUP   M=D:\PROGRAMA\FWH\LIB\FIVEHX.LIB|SAY ACBP=A9
 0002:0008384C 00005020 C=DATA    S=_DATA    G=DGROUP   M=D:\PROGRAMA\FWH\LIB\FIVEHX.LIB|SCINTILA ACBP=A9
 0002:0008886C 00001A44 C=DATA    S=_DATA    G=DGROUP   M=D:\PROGRAMA\FWH\LIB\FIVEHX.LIB|SCRLLBAR ACBP=A9
 0002:0008A2B0 00000A68 C=DATA    S=_DATA    G=DGROUP   M=D:\PROGRAMA\FWH\LIB\FIVEHX.LIB|SHELLAPI ACBP=A9
 0002:0008AD18 00001070 C=DATA    S=_DATA    G=DGROUP   M=D:\PROGRAMA\FWH\LIB\FIVEHX.LIB|STATUSBA ACBP=A9
 0002:0008BD88 000006C0 C=DATA    S=_DATA    G=DGROUP   M=D:\PROGRAMA\FWH\LIB\FIVEHX.LIB|TACCTBL ACBP=A9
 0002:0008C448 00000310 C=DATA    S=_DATA    G=DGROUP   M=D:\PROGRAMA\FWH\LIB\FIVEHX.LIB|TCLIPGET ACBP=A9
 0002:0008C758 00006F9C C=DATA    S=_DATA    G=DGROUP   M=D:\PROGRAMA\FWH\LIB\FIVEHX.LIB|TGET ACBP=A9
 0002:000936F4 00001704 C=DATA    S=_DATA    G=DGROUP   M=D:\PROGRAMA\FWH\LIB\FIVEHX.LIB|TOOLBAR ACBP=A9
 0002:00094DF8 0000085C C=DATA    S=_DATA    G=DGROUP   M=D:\PROGRAMA\FWH\LIB\FIVEHX.LIB|TIMAGLST ACBP=A9
 0002:00095654 0000081C C=DATA    S=_DATA    G=DGROUP   M=D:\PROGRAMA\FWH\LIB\FIVEHX.LIB|TIMER ACBP=A9
 0002:00095E70 00000A10 C=DATA    S=_DATA    G=DGROUP   M=D:\PROGRAMA\FWH\LIB\FIVEHX.LIB|TMAIL ACBP=A9
 0002:00096880 00001E38 C=DATA    S=_DATA    G=DGROUP   M=D:\PROGRAMA\FWH\LIB\FIVEHX.LIB|TMETAFIL ACBP=A9
 0002:000986B8 00001F50 C=DATA    S=_DATA    G=DGROUP   M=D:\PROGRAMA\FWH\LIB\FIVEHX.LIB|TMSGITEM ACBP=A9
 0002:0009A608 00005880 C=DATA    S=_DATA    G=DGROUP   M=D:\PROGRAMA\FWH\LIB\FIVEHX.LIB|TRICHEDI ACBP=A9
 0002:0009FE88 00000EE8 C=DATA    S=_DATA    G=DGROUP   M=D:\PROGRAMA\FWH\LIB\FIVEHX.LIB|TSTRUCT ACBP=A9
 0002:000A0D70 00000E0C C=DATA    S=_DATA    G=DGROUP   M=D:\PROGRAMA\FWH\LIB\FIVEHX.LIB|VALBLANK ACBP=A9
 0002:000A1B7C 00001640 C=DATA    S=_DATA    G=DGROUP   M=D:\PROGRAMA\FWH\LIB\FIVEHX.LIB|VALTOSTR ACBP=A9
 0002:000A31BC 0000C410 C=DATA    S=_DATA    G=DGROUP   M=D:\PROGRAMA\FWH\LIB\FIVEHX.LIB|WINDOW ACBP=A9
 0002:000AF5CC 000000E8 C=DATA    S=_DATA    G=DGROUP   M=D:\PROGRAMA\FWH\LIB\FIVEHX.LIB|WQOUT ACBP=A9
 0002:000AF6B4 00000264 C=DATA    S=_DATA    G=DGROUP   M=D:\PROGRAMA\FWH\LIB\FIVEHX.LIB|XPAD ACBP=A9
 0002:000AF918 00000018 C=DATA    S=_DATA    G=DGROUP   M=D:\PROGRAMA\FWH\LIB\FIVEHC.LIB|__WNDPRO ACBP=A9
 0002:000AF930 00000004 C=DATA    S=_DATA    G=DGROUP   M=D:\PROGRAMA\FWH\LIB\FIVEHC.LIB|BMPREAD ACBP=A9
 0002:000AF934 00000288 C=DATA    S=_DATA    G=DGROUP   M=D:\PROGRAMA\FWH\LIB\FIVEHC.LIB|CTLHDLEH ACBP=A9
 0002:000AFBBC 00000024 C=DATA    S=_DATA    G=DGROUP   M=D:\PROGRAMA\FWH\LIB\FIVEHC.LIB|FFDLGPRC ACBP=A9
 0002:000AFBE0 0000000C C=DATA    S=_DATA    G=DGROUP   M=D:\PROGRAMA\FWH\LIB\FIVEHC.LIB|FFWNDRUN ACBP=A9
 0002:000AFBEC 0000000C C=DATA    S=_DATA    G=DGROUP   M=D:\PROGRAMA\FWH\LIB\FIVEHC.LIB|HARBOURC ACBP=A9
 0002:000AFBF8 00000014 C=DATA    S=_DATA    G=DGROUP   M=D:\PROGRAMA\FWH\LIB\FIVEHC.LIB|TOOLBARS ACBP=A9
 0002:000AFC0C 00000014 C=DATA    S=_DATA    G=DGROUP   M=D:\PROGRAMA\FWH\LIB\FIVEHC.LIB|TOOLTIP ACBP=A9
 0002:000AFC20 00000014 C=DATA    S=_DATA    G=DGROUP   M=D:\PROGRAMA\FWH\LIB\FIVEHC.LIB|WNDRUN ACBP=A9
 0002:000AFC34 0000000C C=DATA    S=_DATA    G=DGROUP   M=D:\PROGRAMA\FWH\LIB\FIVEHC.LIB|DLGBOX ACBP=A9
 0002:000AFC40 00000410 C=DATA    S=_DATA    G=DGROUP   M=D:\PROGRAMA\FWH\LIB\FIVEHC.LIB|ACTX ACBP=A9
 0002:000B0050 0000000C C=DATA    S=_DATA    G=DGROUP   M=D:\PROGRAMA\FWH\LIB\FIVEHC.LIB|BARTOOLS ACBP=A9
 0002:000B005C 0000371C C=DATA    S=_DATA    G=DGROUP   M=D:\PROGRAMA\FWH\LIB\FIVEHC.LIB|BITMAPS ACBP=A9
 0002:000B3778 00000010 C=DATA    S=_DATA    G=DGROUP   M=D:\PROGRAMA\FWH\LIB\FIVEHC.LIB|BMPDRAW ACBP=A9
 0002:000B3788 0000381C C=DATA    S=_DATA    G=DGROUP   M=D:\PROGRAMA\FWH\LIB\FIVEHC.LIB|BRUSHES ACBP=A9
 0002:000B6FA4 000028DC C=DATA    S=_DATA    G=DGROUP   M=D:\PROGRAMA\FWH\LIB\FIVEHC.LIB|C5CNEW ACBP=A9
 0002:000B9880 00000002 C=DATA    S=_DATA    G=DGROUP   M=D:\PROGRAMA\FWH\LIB\FIVEHC.LIB|CALLDLL ACBP=A9
 0002:000B9884 0000006C C=DATA    S=_DATA    G=DGROUP   M=D:\PROGRAMA\FWH\LIB\FIVEHC.LIB|CALDLL32 ACBP=A9
 0002:000B98F0 00000004 C=DATA    S=_DATA    G=DGROUP   M=D:\PROGRAMA\FWH\LIB\FIVEHC.LIB|CLPBRD ACBP=A9
 0002:000B98F4 00000011 C=DATA    S=_DATA    G=DGROUP   M=D:\PROGRAMA\FWH\LIB\FIVEHC.LIB|CODEGTF ACBP=A9
 0002:000B9908 00000008 C=DATA    S=_DATA    G=DGROUP   M=D:\PROGRAMA\FWH\LIB\FIVEHC.LIB|CREATEPA ACBP=A9
 0002:000B9910 00000008 C=DATA    S=_DATA    G=DGROUP   M=D:\PROGRAMA\FWH\LIB\FIVEHC.LIB|CREATESO ACBP=A9
 0002:000B9918 00000098 C=DATA    S=_DATA    G=DGROUP   M=D:\PROGRAMA\FWH\LIB\FIVEHC.LIB|CTL3D ACBP=A9
 0002:000B99B0 00000008 C=DATA    S=_DATA    G=DGROUP   M=D:\PROGRAMA\FWH\LIB\FIVEHC.LIB|CTRLDRAW ACBP=A9
 0002:000B99B8 00000004 C=DATA    S=_DATA    G=DGROUP   M=D:\PROGRAMA\FWH\LIB\FIVEHC.LIB|CTRL2CHR ACBP=A9
 0002:000B99BC 00000550 C=DATA    S=_DATA    G=DGROUP   M=D:\PROGRAMA\FWH\LIB\FIVEHC.LIB|CURSORS ACBP=A9
 0002:000B9F0C 0000007C C=DATA    S=_DATA    G=DGROUP   M=D:\PROGRAMA\FWH\LIB\FIVEHC.LIB|DEVICE ACBP=A9
 0002:000B9F88 00000004 C=DATA    S=_DATA    G=DGROUP   M=D:\PROGRAMA\FWH\LIB\FIVEHC.LIB|DIB ACBP=A9
 0002:000B9F8C 00000004 C=DATA    S=_DATA    G=DGROUP   M=D:\PROGRAMA\FWH\LIB\FIVEHC.LIB|DLOGBOX ACBP=A9
 0002:000B9F90 00000004 C=DATA    S=_DATA    G=DGROUP   M=D:\PROGRAMA\FWH\LIB\FIVEHC.LIB|DRAWITEM ACBP=A9
 0002:000B9F94 00000004 C=DATA    S=_DATA    G=DGROUP   M=D:\PROGRAMA\FWH\LIB\FIVEHC.LIB|DRIVES ACBP=A9
 0002:000B9F98 00000024 C=DATA    S=_DATA    G=DGROUP   M=D:\PROGRAMA\FWH\LIB\FIVEHC.LIB|FGETCLIP ACBP=A9
 0002:000B9FBC 00000004 C=DATA    S=_DATA    G=DGROUP   M=D:\PROGRAMA\FWH\LIB\FIVEHC.LIB|FGETLINE ACBP=A9
 0002:000B9FC0 00000018 C=DATA    S=_DATA    G=DGROUP   M=D:\PROGRAMA\FWH\LIB\FIVEHC.LIB|FINDTEXT ACBP=A9
 0002:000B9FD8 00000018 C=DATA    S=_DATA    G=DGROUP   M=D:\PROGRAMA\FWH\LIB\FIVEHC.LIB|FONTS ACBP=A9
 0002:000B9FF0 00000004 C=DATA    S=_DATA    G=DGROUP   M=D:\PROGRAMA\FWH\LIB\FIVEHC.LIB|FTEXT ACBP=A9
 0002:000B9FF4 00000010 C=DATA    S=_DATA    G=DGROUP   M=D:\PROGRAMA\FWH\LIB\FIVEHC.LIB|FWBMP ACBP=A9
 0002:000BA004 00000022 C=DATA    S=_DATA    G=DGROUP   M=D:\PROGRAMA\FWH\LIB\FIVEHC.LIB|FWPALCTL ACBP=A9
 0002:000BA028 00000030 C=DATA    S=_DATA    G=DGROUP   M=D:\PROGRAMA\FWH\LIB\FIVEHC.LIB|FWPNG ACBP=A9
 0002:000BA058 00000028 C=DATA    S=_DATA    G=DGROUP   M=D:\PROGRAMA\FWH\LIB\FIVEHC.LIB|GETFILE ACBP=A9
 0002:000BA080 00000004 C=DATA    S=_DATA    G=DGROUP   M=D:\PROGRAMA\FWH\LIB\FIVEHC.LIB|GETTEXT ACBP=A9
 0002:000BA084 0000000D C=DATA    S=_DATA    G=DGROUP   M=D:\PROGRAMA\FWH\LIB\FIVEHC.LIB|HANDLIST ACBP=A9
 0002:000BA094 00000004 C=DATA    S=_DATA    G=DGROUP   M=D:\PROGRAMA\FWH\LIB\FIVEHC.LIB|HELP ACBP=A9
 0002:000BA098 00000170 C=DATA    S=_DATA    G=DGROUP   M=D:\PROGRAMA\FWH\LIB\FIVEHC.LIB|ICONS ACBP=A9
 0002:000BA208 000000A0 C=DATA    S=_DATA    G=DGROUP   M=D:\PROGRAMA\FWH\LIB\FIVEHC.LIB|IMAGELIS ACBP=A9
 0002:000BA2A8 00000004 C=DATA    S=_DATA    G=DGROUP   M=D:\PROGRAMA\FWH\LIB\FIVEHC.LIB|INSTANCE ACBP=A9
 0002:000BA2AC 00000004 C=DATA    S=_DATA    G=DGROUP   M=D:\PROGRAMA\FWH\LIB\FIVEHC.LIB|LBX ACBP=A9
 0002:000BA2B0 00000008 C=DATA    S=_DATA    G=DGROUP   M=D:\PROGRAMA\FWH\LIB\FIVEHC.LIB|LOADBMP ACBP=A9
 0002:000BA2B8 000000CC C=DATA    S=_DATA    G=DGROUP   M=D:\PROGRAMA\FWH\LIB\FIVEHC.LIB|MAPI ACBP=A9
 0002:000BA384 000000A8 C=DATA    S=_DATA    G=DGROUP   M=D:\PROGRAMA\FWH\LIB\FIVEHC.LIB|METAFI32 ACBP=A9
 0002:000BA42C 00000008 C=DATA    S=_DATA    G=DGROUP   M=D:\PROGRAMA\FWH\LIB\FIVEHC.LIB|MGETCREA ACBP=A9
 0002:000BA434 000000C0 C=DATA    S=_DATA    G=DGROUP   M=D:\PROGRAMA\FWH\LIB\FIVEHC.LIB|MSGS ACBP=A9
 0002:000BA4F4 00000004 C=DATA    S=_DATA    G=DGROUP   M=D:\PROGRAMA\FWH\LIB\FIVEHC.LIB|MSGTOOLS ACBP=A9
 0002:000BA4F8 00000004 C=DATA    S=_DATA    G=DGROUP   M=D:\PROGRAMA\FWH\LIB\FIVEHC.LIB|OEMANSI ACBP=A9
 0002:000BA4FC 00000004 C=DATA    S=_DATA    G=DGROUP   M=D:\PROGRAMA\FWH\LIB\FIVEHC.LIB|OR ACBP=A9
 0002:000BA500 00000018 C=DATA    S=_DATA    G=DGROUP   M=D:\PROGRAMA\FWH\LIB\FIVEHC.LIB|PRINTDC ACBP=A9
 0002:000BA518 00000004 C=DATA    S=_DATA    G=DGROUP   M=D:\PROGRAMA\FWH\LIB\FIVEHC.LIB|PROFILE ACBP=A9
 0002:000BA51C 00000010 C=DATA    S=_DATA    G=DGROUP   M=D:\PROGRAMA\FWH\LIB\FIVEHC.LIB|RECTS ACBP=A9
 0002:000BA52C 00000010 C=DATA    S=_DATA    G=DGROUP   M=D:\PROGRAMA\FWH\LIB\FIVEHC.LIB|REGIONS ACBP=A9
 0002:000BA53C 00000008 C=DATA    S=_DATA    G=DGROUP   M=D:\PROGRAMA\FWH\LIB\FIVEHC.LIB|RESOURCE ACBP=A9
 0002:000BA544 000001E0 C=DATA    S=_DATA    G=DGROUP   M=D:\PROGRAMA\FWH\LIB\FIVEHC.LIB|RIBBON ACBP=A9
 0002:000BA724 000001F8 C=DATA    S=_DATA    G=DGROUP   M=D:\PROGRAMA\FWH\LIB\FIVEHC.LIB|RICHEDIT ACBP=A9
 0002:000BA91C 00000018 C=DATA    S=_DATA    G=DGROUP   M=D:\PROGRAMA\FWH\LIB\FIVEHC.LIB|SCROLL ACBP=A9
 0002:000BA934 00000004 C=DATA    S=_DATA    G=DGROUP   M=D:\PROGRAMA\FWH\LIB\FIVEHC.LIB|SETTEXT ACBP=A9
 0002:000BA938 000001A4 C=DATA    S=_DATA    G=DGROUP   M=D:\PROGRAMA\FWH\LIB\FIVEHC.LIB|THEMES ACBP=A9
 0002:000BAADC 00000008 C=DATA    S=_DATA    G=DGROUP   M=D:\PROGRAMA\FWH\LIB\FIVEHC.LIB|WINDOWS ACBP=A9
 0002:000BAAE4 00000018 C=DATA    S=_DATA    G=DGROUP   M=D:\PROGRAMA\FWH\LIB\FIVEHC.LIB|WMOUSE ACBP=A9
 0002:000BAAFC 00000018 C=DATA    S=_DATA    G=DGROUP   M=D:\PROGRAMA\FWH\LIB\FIVEHC.LIB|WNDIS ACBP=A9
 0002:000BAB14 00000048 C=DATA    S=_DATA    G=DGROUP   M=D:\PROGRAMA\FWH\LIB\FIVEHC.LIB|WNDMOVE ACBP=A9
 0002:000BAB5C 00000018 C=DATA    S=_DATA    G=DGROUP   M=D:\PROGRAMA\FWH\LIB\FIVEHC.LIB|WNDPRINT ACBP=A9
 0002:000BAB74 00000004 C=DATA    S=_DATA    G=DGROUP   M=D:\PROGRAMA\XHARBOUR\LIB\RTL.LIB|abs ACBP=A9
 0002:000BAB78 0000000C C=DATA    S=_DATA    G=DGROUP   M=D:\PROGRAMA\XHARBOUR\LIB\RTL.LIB|at ACBP=A9
[...]
 0002:000DE004  __odtbl__ std::basic_ostream<wchar_t, std::char_traits<wchar_t> >::basic_ostream<wchar_t, std::char_traits<wchar_t> >(std::basic_streambuf<wchar_t, std::char_traits<wchar_t> > *, bool)
 0002:000DE014  __ectbl__ std::basic_ostream<wchar_t, std::char_traits<wchar_t> >::basic_ostream<wchar_t, std::char_traits<wchar_t> >(std::basic_streambuf<wchar_t, std::char_traits<wchar_t> > *, bool)
 0002:000DE02C  __odtbl__ std::basic_streambuf<wchar_t, std::char_traits<wchar_t> >::basic_streambuf<wchar_t, std::char_traits<wchar_t> >()
 0002:000DE04C  __ectbl__ std::basic_streambuf<wchar_t, std::char_traits<wchar_t> >::basic_streambuf<wchar_t, std::char_traits<wchar_t> >()
 0002:000DE088  __odtbl__ std::basic_ios<wchar_t, std::char_traits<wchar_t> >::basic_ios<wchar_t, std::char_traits<wchar_t> >()
 0002:000DE098  __ectbl__ std::basic_ios<wchar_t, std::char_traits<wchar_t> >::basic_ios<wchar_t, std::char_traits<wchar_t> >()
 0002:000DE0B0  __odtbl__ std::basic_ios<wchar_t, std::char_traits<wchar_t> >::widen(char) const
 0002:000DE0D0  __ectbl__ std::basic_ios<wchar_t, std::char_traits<wchar_t> >::widen(char) const
 0002:000DE0F4  __odtbl__ const std::ctype<wchar_t>& std::use_facet<std::ctype<wchar_t> >(const std::locale&)
 0002:000DE124  __ectbl__ const std::ctype<wchar_t>& std::use_facet<std::ctype<wchar_t> >(const std::locale&)
 0002:000DE154  __odtbl__ std::ctype<wchar_t>::_Getcat(const std::locale::facet * *)
 0002:000DE164  __ectbl__ std::ctype<wchar_t>::_Getcat(const std::locale::facet * *)
 0002:000DE188  __odtbl__ std::ctype<wchar_t>::ctype<wchar_t>(unsigned int)
 0002:000DE1A8  __ectbl__ std::ctype<wchar_t>::ctype<wchar_t>(unsigned int)
 0002:000DE1CC  std::_Facetptr<std::ctype<wchar_t> >::_Psave
 0002:000DE1D0  __odtbl__ std::basic_filebuf<wchar_t, std::char_traits<wchar_t> >::basic_filebuf<wchar_t, std::char_traits<wchar_t> >(std::_Uninitialized)
 0002:000DE1E0  __ectbl__ std::basic_filebuf<wchar_t, std::char_traits<wchar_t> >::basic_filebuf<wchar_t, std::char_traits<wchar_t> >(std::_Uninitialized)
 0002:000DE1F8  __odtbl__ std::basic_istream<wchar_t, std::char_traits<wchar_t> >::basic_istream<wchar_t, std::char_traits<wchar_t> >(std::_Uninitialized)
 0002:000DE208  __ectbl__ std::basic_istream<wchar_t, std::char_traits<wchar_t> >::basic_istream<wchar_t, std::char_traits<wchar_t> >(std::_Uninitialized)
 0002:000DE220  __odtbl__ std::basic_ostream<wchar_t, std::char_traits<wchar_t> >::basic_ostream<wchar_t, std::char_traits<wchar_t> >(std::_Uninitialized)
 0002:000DE230  __ectbl__ std::basic_ostream<wchar_t, std::char_traits<wchar_t> >::basic_ostream<wchar_t, std::char_traits<wchar_t> >(std::_Uninitialized)
 0002:000DE248  __odtbl__ std::basic_ostream<wchar_t, std::char_traits<wchar_t> >::~basic_ostream<wchar_t, std::char_traits<wchar_t> >()
 0002:000DE258  __ectbl__ std::basic_ostream<wchar_t, std::char_traits<wchar_t> >::~basic_ostream<wchar_t, std::char_traits<wchar_t> >()
 0002:000DE270  __odtbl__ std::basic_istream<wchar_t, std::char_traits<wchar_t> >::~basic_istream<wchar_t, std::char_traits<wchar_t> >()
 0002:000DE280  __ectbl__ std::basic_istream<wchar_t, std::char_traits<wchar_t> >::~basic_istream<wchar_t, std::char_traits<wchar_t> >()
 0002:000DE298  __odtbl__ std::basic_filebuf<wchar_t, std::char_traits<wchar_t> >::~basic_filebuf<wchar_t, std::char_traits<wchar_t> >()
 0002:000DE2A8  __ectbl__ std::basic_filebuf<wchar_t, std::char_traits<wchar_t> >::~basic_filebuf<wchar_t, std::char_traits<wchar_t> >()
 0002:000DE2C0  __odtbl__ std::basic_streambuf<wchar_t, std::char_traits<wchar_t> >::basic_streambuf<wchar_t, std::char_traits<wchar_t> >(std::_Uninitialized)
 0002:000DE2D0  __ectbl__ std::basic_streambuf<wchar_t, std::char_traits<wchar_t> >::basic_streambuf<wchar_t, std::char_traits<wchar_t> >(std::_Uninitialized)
 0002:000DE2E8  __odtbl__ std::basic_ios<wchar_t, std::char_traits<wchar_t> >::~basic_ios<wchar_t, std::char_traits<wchar_t> >()
 0002:000DE2F8  __ectbl__ std::basic_ios<wchar_t, std::char_traits<wchar_t> >::~basic_ios<wchar_t, std::char_traits<wchar_t> >()
 0002:000DE310  __odtbl__ std::basic_filebuf<wchar_t, std::char_traits<wchar_t> >::_Endwrite()
 0002:000DE330  __ectbl__ std::basic_filebuf<wchar_t, std::char_traits<wchar_t> >::_Endwrite()
 0002:000DE354  __ectbl__ std::basic_streambuf<wchar_t, std::char_traits<wchar_t> >::~basic_streambuf<wchar_t, std::char_traits<wchar_t> >()
 0002:000DE360  @std@%ctype$b%@3
 0002:000DE3A0  @std@%basic_ios$b19std@%char_traits$b%%@3
 0002:000DE3B0  @std@%basic_streambuf$b19std@%char_traits$b%%@3
 0002:000DE3F8  @std@%basic_ostream$b19std@%char_traits$b%%@3
 0002:000DE414  @std@%basic_istream$b19std@%char_traits$b%%@3
 0002:000DE430  @std@%basic_filebuf$b19std@%char_traits$b%%@3
 0002:000DE478  __odtbl__ std::ctype<wchar_t>::~ctype<wchar_t>()
 0002:000DE488  __ectbl__ std::ctype<wchar_t>::~ctype<wchar_t>()
 0002:000DE4A0  __odtbl__ std::basic_filebuf<wchar_t, std::char_traits<wchar_t> >::overflow(wchar_t)
 0002:000DE4C0  __ectbl__ std::basic_filebuf<wchar_t, std::char_traits<wchar_t> >::overflow(wchar_t)
 0002:000DE4E4  __odtbl__ std::basic_filebuf<wchar_t, std::char_traits<wchar_t> >::uflow()
 0002:000DE504  __ectbl__ std::basic_filebuf<wchar_t, std::char_traits<wchar_t> >::uflow()
 0002:000DE528  __odtbl__ const std::codecvt<wchar_t, char, int>& std::use_facet<std::codecvt<wchar_t, char, int> >(const std::locale&)
 0002:000DE558  __ectbl__ const std::codecvt<wchar_t, char, int>& std::use_facet<std::codecvt<wchar_t, char, int> >(const std::locale&)
 0002:000DE588  __odtbl__ std::codecvt<wchar_t, char, int>::_Getcat(const std::locale::facet * *)
 0002:000DE598  __ectbl__ std::codecvt<wchar_t, char, int>::_Getcat(const std::locale::facet * *)
 0002:000DE5BC  __odtbl__ std::codecvt<wchar_t, char, int>::codecvt<wchar_t, char, int>(unsigned int)
 0002:000DE5DC  __ectbl__ std::codecvt<wchar_t, char, int>::codecvt<wchar_t, char, int>(unsigned int)
 0002:000DE600  @std@%codecvt$bci%@3
 0002:000DE62C  std::_Facetptr<std::codecvt<wchar_t, char, int> >::_Psave
 0002:000DE630  __odtbl__ std::codecvt<wchar_t, char, int>::~codecvt<wchar_t, char, int>()
 0002:000DE640  __ectbl__ std::codecvt<wchar_t, char, int>::~codecvt<wchar_t, char, int>()
 0002:000DE658  __thrwl__ std::codecvt<wchar_t, char, int>::do_always_noconv() const
 0002:000DE65C  __ectbl__ std::codecvt<wchar_t, char, int>::do_always_noconv() const
 0002:000DE668  __thrwl__ std::codecvt<wchar_t, char, int>::do_max_length() const
 0002:000DE66C  __ectbl__ std::codecvt<wchar_t, char, int>::do_max_length() const
 0002:000DE678  __thrwl__ std::codecvt<wchar_t, char, int>::do_encoding() const
 0002:000DE67C  __ectbl__ std::codecvt<wchar_t, char, int>::do_encoding() const
 0002:000DE688  std::ctype<wchar_t>::id
 0002:000DE68C  __vdflg__ std::ctype<wchar_t>::id
 0002:000DE690  time_put<wchar_t, std::ostreambuf_iterator<wchar_t, std::char_traits<wchar_t> > >::id
 0002:000DE694  __vdflg__ time_put<wchar_t, std::ostreambuf_iterator<wchar_t, std::char_traits<wchar_t> > >::id
 0002:000DE698  std::num_get<wchar_t, std::istreambuf_iterator<wchar_t, std::char_traits<wchar_t> > >::id
 0002:000DE69C  __vdflg__ std::num_get<wchar_t, std::istreambuf_iterator<wchar_t, std::char_traits<wchar_t> > >::id
 0002:000DE6A0  std::num_put<wchar_t, std::ostreambuf_iterator<wchar_t, std::char_traits<wchar_t> > >::id
 0002:000DE6A4  __vdflg__ std::num_put<wchar_t, std::ostreambuf_iterator<wchar_t, std::char_traits<wchar_t> > >::id
 0002:000DE6A8  std::numpunct<wchar_t>::id
 0002:000DE6AC  __vdflg__ std::numpunct<wchar_t>::id
 0002:000DE6B0  std::collate<wchar_t>::id
 0002:000DE6B4  __vdflg__ std::collate<wchar_t>::id
 0002:000DE6B8  std::messages<wchar_t>::id
 0002:000DE6BC  __vdflg__ std::messages<wchar_t>::id
 0002:000DE6C0  std::money_get<wchar_t, std::istreambuf_iterator<wchar_t, std::char_traits<wchar_t> > >::id
 0002:000DE6C4  __vdflg__ std::money_get<wchar_t, std::istreambuf_iterator<wchar_t, std::char_traits<wchar_t> > >::id
 0002:000DE6C8  std::money_put<wchar_t, std::ostreambuf_iterator<wchar_t, std::char_traits<wchar_t> > >::id
 0002:000DE6CC  __vdflg__ std::money_put<wchar_t, std::ostreambuf_iterator<wchar_t, std::char_traits<wchar_t> > >::id
 0002:000DE6D0  std::moneypunct<wchar_t, 0>::id
 0002:000DE6D4  __vdflg__ std::moneypunct<wchar_t, 0>::id
 0002:000DE6D8  std::moneypunct<wchar_t, 1>::id
 0002:000DE6DC  __vdflg__ std::moneypunct<wchar_t, 1>::id
 0002:000DE6E0  std::time_get<wchar_t, std::istreambuf_iterator<wchar_t, std::char_traits<wchar_t> > >::id
 0002:000DE6E4  __vdflg__ std::time_get<wchar_t, std::istreambuf_iterator<wchar_t, std::char_traits<wchar_t> > >::id
 0002:000DE6E8  d2376_1
 0002:000DE8EC  d2380_1
 0002:000DE950  d2522_1
 0002:000DE954  d2524_1
 0002:000DEA64  d2534_1
 0002:000DEA68  __heap_redirector
 0002:000DEA84  __virt_heap_size
 0002:000DEA84  d2538_1
 0002:000DEA88  __virt_chunk_size
 0002:000DEA8C  __virt_chunk_size2
 0002:000DEA90  __nv_heap_size
 0002:000DEA94  __smalloc_threshold
 0002:000DEA98  __virt_chunk_free
 0002:000DEA9C  __virt_chunk_free2
 0002:000DEAA0  __firstHeap
 0002:000DEAA4  __lastHeap
 0002:000DEAA8  __linktable
 0002:000DEAAC  __freeStart
 0002:000DEAB8  __rover
 0002:000DEAC0  ___allocated
 0002:000DEAC4  d2684_1
 0002:000DEAD8  d2756_0
 0002:000DEAD8  ___xxPersonality
 0002:000DEADC  d2758_1
 0002:000DEE00  @std@bad_typeid@3
 0002:000DEE14  d2760_1
 0002:000DEE14  ___terminatePTR
 0002:000DEE18  ___unexpectdPTR
 0002:000DEE1C  d2762_1
 0002:000DEE1C  ___CPPexceptionList
 0002:000DEE20  ___exceptFlags
 0002:000DEE24  ___throwFileName
 0002:000DEE28  ___throwLineNumber
 0002:000DEE2C  ___throwExceptionName
 0002:000DEE30  ___exceptStaticBuffP
 0002:000DEE34  ___exceptMemAllocVars
 0002:000DEE38  ___ExceptStaticXbuff
 0002:000DEEB8  __ExceptVarsSize
 0002:000DEECC  __chtbl__ __call_terminate()
 0002:000DEEEC  __ectbl__ __call_terminate()
 0002:000DEF04  d2768_1
 0002:000DEF04  __stkchk
 0002:000DEF18  d2784_1
 0002:000DEF24  d2804_1
 0002:000DEF24  __cfinfo_get
 0002:000DEF28  d2858_1
 0002:000DEF28  __notUmask
 0002:000DEF2C  __fileinfo
 0002:000DEF2C  d2884_0
 0002:000DEF30  d2954_0
 0002:000DEF30  __streams
 0002:000DF3E0  __nfile
 0002:000DF3E0  d2956_0
 0002:000DF3E4  __openfd
 0002:000DF4AC  d2966_0
 0002:000DF4AC  __fmode
 0002:000DF4B0  d2968_1
 0002:000DF4B0  __fmodeptr
 0002:000DF4B4  d3033_1
 0002:000DF4B4  __dosErrorToSV
 0002:000DF5E0  d3056_1
 0002:000DF5EC  d3064_1
 0002:000DF5EC  __sys_errlist
 0002:000DF6B4  __sys_nerr
 0002:000DFA80  d3158_1
 0002:000DFAF8  __chartype
 0002:000DFAF8  d3238_0
 0002:000DFCFC  d3240_1
 0002:000DFCFC  __localeconvention
 0002:000DFD38  d3242_1
 0002:000DFD88  __lower
 0002:000DFD88  d3244_0
 0002:000DFE88  d3248_0
 0002:000DFE88  __upper
 0002:000DFF88  ___mb_cur_max
 0002:000DFF88  d3264_1
 0002:000DFF8C  ___localeLock
 0002:000E00A0  _CMonetary
 0002:000E00A0  d3266_0
 0002:000E00D4  _CNumeric
 0002:000E00EC  _CTimeDate
 0002:000E01B0  _CLOCALE
 0002:000E01DC  ___locale
 0002:000E0300  d3268_1
 0002:000E038C  d3394_1
 0002:000E039C  d3400_1
 0002:000E045C  d3437_1
 0002:000E0468  __realcvtptr
 0002:000E0468  d3455_1
 0002:000E046C  __nextrealptr
 0002:000E0470  __scantodptr
 0002:000E0474  __scanrsltptr
 0002:000E04D0  __realcvtwptr
 0002:000E04D0  d3457_1
 0002:000E04D4  __nextrealwptr
 0002:000E04D8  __scanwtodptr
 0002:000E04DC  __scanwrsltptr
 0002:000E0538  __default87
 0002:000E0538  d3459_0
 0002:000E053C  d3465_1
 0002:000E0548  d3473_1
 0002:000E055C  d3475_1
 0002:000E0574  __huge_flt
 0002:000E0574  d3513_0
 0002:000E0578  __huge_dble
 0002:000E0580  __huge_ldble
 0002:000E058A  __max_flt
 0002:000E058E  __max_dble
 0002:000E0596  __max_ldble
 0002:000E05A0  __indefinite
 0002:000E05A4  __tiny_ldble
 0002:000E05B0  ___ieee_64_p_inf
 0002:000E05B8  ___ieee_64_n_inf
 0002:000E05C0  ___ieee_64_p_nanq
 0002:000E05C8  ___ieee_64_n_nanq
 0002:000E05D0  ___ieee_64_p_nans
 0002:000E05D8  ___ieee_64_n_nans
 0002:000E05E0  ___ieee_64_p_zero
 0002:000E05E8  ___ieee_64_n_zero
 0002:000E05F0  __turboFloat
 0002:000E05F0  d3523_0
 0002:000E05F4  __floatconvert
 0002:000E05F8  d3537_1
 0002:000E0604  d3539_1
 0002:000E0614  __pmatherr
 0002:000E0614  d3561_1
 0002:000E0618  __pmatherrl
 0002:000E061C  d3565_0
 0002:000E061C  __mathwhy
 0002:000E0660  d3575_1
 0002:000E067C  d3587_1
 0002:000E0684  d3589_1
 0002:000E0698  d3591_1
 0002:000E06C0  d3598_1
 0002:000E06E8  d3600_1
 0002:000E0710  d3602_1
 0002:000E071C  d3610_1
 0002:000E072C  d3658_1
 0002:000E072C  __kalpha
 0002:000E072E  __kpunct
 0002:000E0774  d3794_1
 0002:000E0798  d3808_1
 0002:000E07BC  d3810_1
 0002:000E07BC  _errno
 0002:000E07C0  __messagefunc
 0002:000E07C0  d3812_1
 0002:000E07C4  __messagefile
 0002:000E07D0  d3820_1
 0002:000E07F8  d3822_1
 0002:000E0818  d3839_1
 0002:000E0838  d3841_0
 0002:000E0838  ___pCallAtExitProcs
 0002:000E083C  d3877_1
 0002:000E083C  __exitbuf
 0002:000E0840  __exitfopen
 0002:000E0844  __exitopen
 0002:000E0848  d3897_0
 0002:000E0848  __setargv_ptr
 0002:000E084C  __exitargv_ptr
 0002:000E0850  d3899_0
 0002:000E0850  __wsetargv_ptr
 0002:000E0854  __wexitargv_ptr
 0002:000E0858  d3901_1
 0002:000E0858  __setargv__
 0002:000E08AC  d3903_1
 0002:000E08AC  __cmdline_escapes
 0002:000E08D4  d3905_1
 0002:000E08F8  __argv_expand_ptr
 0002:000E08F8  d3958_0
 0002:000E08FC  d3960_0
 0002:000E08FC  __wargv_expand_ptr
 0002:000E0900  d3962_1
 0002:000E0900  __argv0
 0002:000E0920  d3976_1
 0002:000E0920  __setenvp__
 0002:000E0974  d3980_1
 0002:000E09D4  __isWindows
 0002:000E09D4  d3998_0
 0002:000E09D8  d4000_1
 0002:000E09DC  d4030_0
 0002:000E09DC  __SWeekday
 0002:000E09F8  __LWeekday
 0002:000E0A14  __SMonth
 0002:000E0A44  __LMonth
 0002:000E0A74  __AmPm
 0002:000E0A7C  __Days
 0002:000E0A88  __YDays
 0002:000E0BA0  d4036_1
 0002:000E0BA0  __timezone
 0002:000E0BA4  __daylight
 0002:000E0BA8  d4038_1
 0002:000E0BA8  __tzname
 0002:000E0BB8  ___debuggerDisableTerminateCallback
 0002:000E0BB8  d4094_1
 0002:000E14A4  d4250_0
 0002:000E14A4  _GUID_NULL
 0002:000E14B4  _IID_IUnknown
 0002:000E14C4  _IID_IRichEditOleCallback
 0002:000E14D4  _IID_IEnumVARIANT
 0002:000E14E4  _IID_IDispatch
 0002:000E14F4  _IID_IDataObject
 0002:000E1504  _IID_IPersistStreamInit
 0002:000E1514  _IID_IOleControlSite
 0002:000E1524  _IID_IProvideClassInfo2
 0002:000E1534  _IID_IProvideClassInfo
 0002:000E1544  _IID_IClassFactory2
 0002:000E1554  _IID_IConnectionPointContainer
 0002:000E1564  _IID_IOleInPlaceSite
 0002:000E1574  _IID_IOleInPlaceObject
 0002:000E1584  _IID_IOleInPlaceFrame
 0002:000E1594  _IID_IOleInPlaceUIWindow
 0002:000E15A4  _IID_IOleWindow
 0002:000E15B4  _IID_IOleObject
 0002:000E15C4  _IID_IOleClientSite
 0003:00000000  b2_2
 0003:00000018  b29_2
 0003:00000030  b31_2
 0003:00000048  b33_2
 0003:00000060  b37_2
 0003:00000078  b43_2
 0003:00000090  b47_2
 0003:000000A8  b51_2
 0003:000000C0  b53_2
 0003:000000D8  b57_2
 0003:000000F0  b59_2
 0003:00000108  b61_2
 0003:00000120  b63_2
 0003:00000138  b67_2
 0003:00000150  b71_2
 0003:00000168  b73_2
 0003:00000180  b93_2
 0003:00000198  b97_2
 0003:000001B0  b99_2
 0003:000001C8  b103_2
 0003:000001E0  b109_2
 0003:000001F8  b113_2
 0003:00000210  b115_2
 0003:00000228  b117_2
 0003:00000240  b123_2
 0003:00000258  b127_2
 0003:00000270  b129_2
 0003:00000288  b135_2
 0003:000002A0  b137_2
 0003:000002B8  b139_2
 0003:000002D0  b141_2
 0003:000002E8  b143_2
 0003:00000300  b145_2
 0003:00000318  _pHTMLHELP
 0003:0000031C  b149_2
 0003:00000334  b155_2
 0003:0000034C  b157_2
 0003:00000364  b161_2
 0003:0000037C  b163_2
 0003:00000394  b173_2
 0003:000003AC  b175_2
 0003:000003C4  b177_2
 0003:000003DC  b181_2
 0003:000003F4  b185_2
 0003:0000040C  b187_2
 0003:00000424  b193_2
 0003:0000043C  b199_2
 0003:00000454  b211_2
 0003:0000046C  b225_2
 0003:00000484  b233_2
 0003:0000049C  b235_2
 0003:000004B4  b237_2
 0003:000004CC  b239_2
 0003:000004E4  b241_2
 0003:000004FC  _fp
 0003:00000500  _nDocLen
 0003:00000504  b243_2
 0003:0000051C  b245_2
 0003:00000534  b249_2
 0003:0000054C  b251_2
 0003:00000564  b253_2
 0003:0000057C  b255_2
 0003:00000594  b257_2
 0003:000005AC  b259_2
 0003:000005C4  b261_2
 0003:000005DC  b263_2
 0003:000005F4  b265_2
 0003:0000060C  b269_2
 0003:00000624  b271_2
 0003:0000063C  b273_2
 0003:00000654  b281_2
 0003:0000066C  b295_2
 0003:00000684  b301_2
 0003:0000069C  b313_2
 0003:000006B4  b367_2
 0003:000006CC  b377_2
 0003:000006E4  b383_2
 0003:000006FC  b387_2
 0003:00000714  b399_2
 0003:0000072C  b401_2
 0003:00000744  b409_2
 0003:0000075C  b443_2
 0003:00000774  b455_2
 0003:0000078C  b483_2
 0003:000007A4  b485_2
 0003:000007BC  b491_2
 0003:000007D4  b495_2
 0003:000007EC  b503_2
 0003:00000804  b529_2
 0003:0000090C  b545_2
 0003:0000207C  b547_2
 0003:0000220C  b585_2
 0003:00002268  b587_2
 0003:0000236C  b591_2
 0003:000023C4  b689_2
 0003:0000246C  b711_2
 0003:00002470  b727_2
 0003:00002510  b763_1
 0003:00002588  b785_2
 0003:000026C8  b807_2
 0003:000026D0  b817_2
 0003:00002714  b839_2
 0003:0000272C  b897_2
 0003:0000272C  _fnIsWow64Process
 0003:00002730  b941_2
 0003:00002734  b957_2
 0003:0000274C  b969_2
 0003:000027CC  b977_2
 0003:000029E4  b1001_1
 0003:000029EC  b1039_2
 0003:00002AF8  b1073_2
 0003:00002CF8  b1154_1
 0003:00002CFC  b1215_2
 0003:00002D00  b1234_2
 0003:00002D18  b1274_2
 0003:00002D30  b1280_2
 0003:00002D48  b1314_2
 0003:00002D60  b1318_2
 0003:00002D78  b1328_2
 0003:00002D90  b1332_2
 0003:00002DA8  b1340_2
 0003:00002DC0  b1354_2
 0003:00002DD8  b1358_2
 0003:00002E48  b1394_2
 0003:0000497C  b1400_2
 0003:00004B0C  b1414_2
 0003:00004B24  b1428_2
 0003:00004E24  b1548_2
 0003:00004E78  b1556_2
 0003:00004F40  _yyleng
 0003:00004F4C  _yyin
 0003:00009958  b1582_2
 0003:00009B00  b1628_2
 0003:00009B18  b1632_2
 0003:00009B30  b1898_2
 0003:00009CDC  b1900_2
 0003:00009E84  std::_Ios_init
 0003:00009E84  b2336_2
 0003:00009E8C  std::_Wios_init
 0003:00009F44  std::cin
 0003:00009F94  std::cout
 0003:0000A034  std::cerr
 0003:0000A07C  std::clog
 0003:0000A0C8  std::fpos<int>::_Stz
 0003:0000A0CC  b2340_2
 0003:0000A0D4  b2342_2
 0003:0000A0E4  b2350_2
 0003:0000A0E8  b2368_2
 0003:0000A1F0  std::wcin
 0003:0000A240  std::wcout
 0003:0000A288  std::wcerr
 0003:0000A2D0  std::wclog
 0003:0000A31C  b2380_2
 0003:0000A324  __bormm_pfn_FreeMem
 0003:0000A324  b2524_2
 0003:0000A328  __bormm_pfn_GetMem
 0003:0000A32C  __bormm_pfn_ReallocMem
 0003:0000A330  __bormm_pfn_HeapAddRef
 0003:0000A334  __bormm_pfn_HeapRelease
 0003:0000A33C  __borlndmm_GetMem
 0003:0000A340  b2684_2
 0003:0000A3E4  b2758_2
 0003:0000A7EC  __DestructorCountPtr
 0003:0000A7EC  b2762_2
 0003:0000A7F4  b2768_2
 0003:0000A7F4  __HandlerPtr
 0003:0000A7F8  __UserHandlerPtr
 0003:0000A7FC  __pidtab
 0003:0000A7FC  b2956_1
 0003:0000A8C4  __handles
 0003:0000A98C  b3033_2
 0003:0000A98C  __doserrno
 0003:0000A990  b3039_1
 0003:0000A994  b3041_1
 0003:0000A998  b3056_2
 0003:0000A998  __tmpnum
 0003:0000A9A8  b3658_2
 0003:0000A9A8  __mbctype
 0003:0000AAAC  __mbcsCodePage
 0003:0000AAB0  b3794_2
 0003:0000ABB0  b3808_2
 0003:0000ABCC  b3820_2
 0003:0000ABCC  __ostype
 0003:0000ABD0  b3824_1
 0003:0000ABD8  b3901_2
 0003:0000ABD8  __argv
 0003:0000ABE4  b3903_2
 0003:0000ABE8  b3905_2
 0003:0000ABEC  b3976_2
 0003:0000ABEC  __environ
 0003:0000ABF4  __envsize
 0003:0000ABF8  __env_lock
 0003:0000ABFC  __C0argc
 0003:0000ABFC  b3998_1
 0003:0000AC00  __C0argv
 0003:0000AC04  __C0environ
 0003:0000AC08  __oscmd
 0003:0000AC0C  __osenv
 0003:0000AC10  __argc
 0003:0000AC14  __dll_table
 0003:0000AC1C  __ExcRegPtr
 0003:0000AC20  __wosenv
 0003:0000AC24  __woscmd
 0003:0000AC28  __wC0argv
 0003:0000AC2C  __wC0environ
 0003:0000AC30  __exe_table
 0003:0000AC38  __stkbase
 0003:0000AC3C  b4024_1
 0003:0000AC60  b4038_2
 0003:0000AC68  b4094_2
 0003:0000AC6C  ___pCPPdebugHook
 0004:00000000  ___xxInfo
 0004:00000000  t2762_3
